******************************************************************************
                  MSP430 Linker PC v16.9.0                     
******************************************************************************
>> Linked Fri Jan 27 11:41:09 2017

OUTPUT FILE NAME:   <cubebots.out>
ENTRY POINT SYMBOL: "_c_int00_noargs_noexit"  address: 0000ace6


MEMORY CONFIGURATION

         name            origin    length      used     unused   attr    fill
----------------------  --------  ---------  --------  --------  ----  --------
  SFR                   00000000   00000010  00000000  00000010  RWIX
  PERIPHERALS_8BIT      00000010   000000f0  00000000  000000f0  RWIX
  PERIPHERALS_16BIT     00000100   00000100  00000000  00000100  RWIX
  RAM                   00000200   00000400  0000039f  00000061  RWIX
  INFOD                 00001000   00000040  00000000  00000040  RWIX
  INFOC                 00001040   00000040  00000000  00000040  RWIX
  INFOB                 00001080   00000040  00000000  00000040  RWIX
  INFOA                 000010c0   00000040  00000000  00000040  RWIX
  FLASH                 00008000   00007fde  000030a1  00004f3d  RWIX
  BSLSIGNATURE          0000ffde   00000002  00000002  00000000  RWIX  ffff 
  INT00                 0000ffe0   00000002  00000000  00000002  RWIX
  INT01                 0000ffe2   00000002  00000000  00000002  RWIX
  INT02                 0000ffe4   00000002  00000002  00000000  RWIX
  INT03                 0000ffe6   00000002  00000002  00000000  RWIX
  INT04                 0000ffe8   00000002  00000000  00000002  RWIX
  INT05                 0000ffea   00000002  00000002  00000000  RWIX
  INT06                 0000ffec   00000002  00000002  00000000  RWIX
  INT07                 0000ffee   00000002  00000002  00000000  RWIX
  INT08                 0000fff0   00000002  00000002  00000000  RWIX
  INT09                 0000fff2   00000002  00000002  00000000  RWIX
  INT10                 0000fff4   00000002  00000002  00000000  RWIX
  INT11                 0000fff6   00000002  00000000  00000002  RWIX
  INT12                 0000fff8   00000002  00000002  00000000  RWIX
  INT13                 0000fffa   00000002  00000002  00000000  RWIX
  INT14                 0000fffc   00000002  00000002  00000000  RWIX
  RESET                 0000fffe   00000002  00000002  00000000  RWIX


SECTION ALLOCATION MAP

 output                                  attributes/
section   page    origin      length       input sections
--------  ----  ----------  ----------   ----------------
.bss       0    00000200    00000286     UNINITIALIZED
                  00000200    00000120     nwk_QMgmt.obj (.bss:sInFrameQ)
                  00000320    00000060     nwk_QMgmt.obj (.bss:sOutFrameQ)
                  00000380    0000003c     (.common:RX_ser_buf)
                  000003bc    0000003c     (.common:TX_ser_buf)
                  000003f8    0000002e     mrfi.obj (.bss:mrfiIncomingPacket)
                  00000426    00000020     (.common:TX_msg)
                  00000446    00000012     UART_HANDLER.obj (.bss:UART_RX_BUFFER)
                  00000458    00000012     UART_HANDLER.obj (.bss:UART_TX_BUFFER)
                  0000046a    0000000a     nwk_link.obj (.bss:sServiceLinkID)
                  00000474    00000006     (.common:TX_Time_msg)
                  0000047a    00000004     main_AP_Async_TalkandListen_.obj (.bss)
                  0000047e    00000004     nwk_globals.obj (.bss:sAPAddress)
                  00000482    00000004     nwk_globals.obj (.bss:sMyRAMAddress)

.data      0    00000486    000000c9     UNINITIALIZED
                  00000486    00000083     nwk.obj (.data:sPersistInfo)
                  00000509    00000001     bsp.obj (.data)
                  0000050a    0000000b     nwk_join.obj (.data)
                  00000515    00000001     nwk_api.obj (.data)
                  00000516    0000000a     main_AP_Async_TalkandListen_.obj (.data)
                  00000520    00000009     mrfi.obj (.data)
                  00000529    00000001     nwk_globals.obj (.data)
                  0000052a    00000009     main_AP_Async_TalkandListen_.obj (.data:sLID)
                  00000533    00000001     nwk_mgmt.obj (.data)
                  00000534    00000008     nwk_frame.obj (.data)
                  0000053c    00000007     nwk_link.obj (.data)
                  00000543    00000004     main_AP_Async_TalkandListen_.obj (.data:lAddr)
                  00000547    00000001     nwk_ping.obj (.data)
                  00000548    00000004     mrfi.obj (.data:mrfiRxFilterAddr)
                  0000054c    00000003     nwk_mgmt.obj (.data:sSFMarker)

.stack     0    000005b0    00000050     UNINITIALIZED
                  000005b0    00000002     rts430_eabi.lib : boot.obj (.stack)
                  000005b2    0000004e     --HOLE--

.text      0    00008000    0000301a     
                  00008000    000002e8     rts430_eabi.lib : addd.obj (.text:__mspabi_addd)
                  000082e8    00000260                     : frcaddd.obj (.text:__TI_frcaddd)
                  00008548    000001c6     mrfi.obj (.text:MRFI_Init)
                  0000870e    000001a6     nwk_link.obj (.text:smpl_send_link_reply)
                  000088b4    0000018a     main_AP_Async_TalkandListen_.obj (.text:main)
                  00008a3e    0000016c     nwk_QMgmt.obj (.text:nwk_QfindOldest)
                  00008baa    0000014e     nwk_frame.obj (.text:dispatchFrame)
                  00008cf8    00000132     rts430_eabi.lib : fs_add.obj (.text)
                  00008e2a    0000010e     nwk_join.obj (.text:smpl_send_join_reply)
                  00008f38    00000102     mrfi.obj (.text:MRFI_Transmit)
                  0000903a    000000e6     nwk.obj (.text:nwk_allocateLocalRxPort)
                  00009120    000000da     mrfi.obj (.text:Mrfi_SyncPinRxIsr)
                  000091fa    000000d2     UART_HANDLER.obj (.text:__sti___16_UART_HANDLER_cpp_3daaade3)
                  000092cc    000000be     rts430_eabi.lib : renormd.obj (.text:__TI_renormd)
                  0000938a    000000bc     nwk_api.obj (.text:SMPL_Ioctl)
                  00009446    000000b2     nwk_frame.obj (.text:nwk_retrieveFrame)
                  000094f8    000000ac     nwk_frame.obj (.text:nwk_SendEmptyPollRspFrame)
                  000095a4    000000a0     nwk_frame.obj (.text:isDupSandFFrame)
                  00009644    0000009e     nwk_frame.obj (.text:nwk_buildFrame)
                  000096e2    0000009c     nwk_api.obj (.text:SMPL_SendOpt)
                  0000977e    00000092     nwk_mgmt.obj (.text:send_poll_reply)
                  00009810    0000008c     rts430_eabi.lib : cvtdf.obj (.text:__mspabi_cvtdf)
                  0000989c    00000086     nwk_QMgmt.obj (.text:nwk_QfindSlot)
                  00009922    00000086     nwk.obj (.text:nwk_nwkInit)
                  000099a8    00000086     mrfi.obj (.text:spiBurstFifoAccess)
                  00009a2e    0000007c     rts430_eabi.lib : copy_decompress_lzss.obj (.text:decompress:lzss:__TI_decompress_lzss)
                  00009aaa    0000007c     nwk_frame.obj (.text:nwk_getSandFFrame)
                  00009b26    0000007c     nwk_ioctl.obj (.text:nwk_radioControl)
                  00009ba2    00000072     rts430_eabi.lib : cvtfd.obj (.text:__mspabi_cvtfd)
                  00009c14    0000006e                     : autoinit.obj (.text:_auto_init)
                  00009c82    0000006e     nwk.obj (.text:nwk_saveJoinedDevice)
                  00009cf0    00000068     nwk.obj (.text:nwk_isConnectionValid)
                  00009d58    00000066     UART_HANDLER.obj (.text:_Z9Init_UARTv)
                  00009dbe    0000005c     rts430_eabi.lib : lsr32.obj (.text:l_lsr_const)
                  00009e1a    0000005a                     : cpy_tbl.obj (.text:copy_in)
                  00009e74    00000058                     : div32u.obj (.text)
                  00009ecc    00000056     main_AP_Async_TalkandListen_.obj (.text:_Z11TIMERA0_ISRv)
                  00009f22    00000054     mrfi.obj (.text:MRFI_WakeUp)
                  00009f76    00000054     nwk_ioctl.obj (.text:nwk_rawSend)
                  00009fca    00000050     nwk.obj (.text:nwk_getNextConnection)
                  0000a01a    0000004c     nwk_api.obj (.text:SMPL_Receive)
                  0000a066    0000004c     rts430_eabi.lib : lsr16.obj (.text)
                  0000a0b2    0000004a     mrfi.obj (.text:mrfiSpiCmdStrobe)
                  0000a0fc    0000004a     nwk.obj (.text:nwk_findAlreadyJoined)
                  0000a146    0000004a     nwk.obj (.text:nwk_isLinkDuplicate)
                  0000a190    0000004a     rts430_eabi.lib : fs_cmp.obj (.text)
                  0000a1da    00000048     nwk_mgmt.obj (.text:nwk_processMgmt)
                  0000a222    00000046     mrfi.obj (.text:MRFI_RxAddrIsFiltered)
                  0000a268    00000046     nwk_ping.obj (.text:smpl_send_ping_reply)
                  0000a2ae    00000044     mrfi.obj (.text:MRFI_Rssi)
                  0000a2f2    00000044     UART_HANDLER.obj (.text:_Z17tx_bytes_to_slavePhi)
                  0000a336    00000044     mrfi.obj (.text:spiRegAccess)
                  0000a37a    00000042     main_AP_Async_TalkandListen_.obj (.text:_Z10ParseRXCmdi)
                  0000a3bc    00000040     nwk_join.obj (.text:nwk_isSandFClient)
                  0000a3fc    0000003e     nwk.obj (.text:initializeConnection)
                  0000a43a    0000003e     rts430_eabi.lib : asr32.obj (.text:l_asr_const)
                  0000a478    0000003e                     : lsl32.obj (.text:l_lsl_const)
                  0000a4b6    0000003e     nwk_join.obj (.text:nwk_processJoin)
                  0000a4f4    0000003c     nwk.obj (.text:nwk_putNumObjectIntoMsg)
                  0000a530    0000003a     UART_HANDLER.obj (.text:_Z13USCIAB0TX_ISRv)
                  0000a56a    0000003a     nwk.obj (.text:nwk_isValidReply)
                  0000a5a4    0000003a     nwk_join.obj (.text:nwk_joinInit)
                  0000a5de    0000003a     nwk_frame.obj (.text:nwk_replayFrame)
                  0000a618    00000036     nwk_QMgmt.obj (.text:nwk_QadjustOrder)
                  0000a64e    00000034     mrfi.obj (.text:MRFI_SetRFPwr)
                  0000a682    00000034     mrfi.obj (.text:mrfiSpiInit)
                  0000a6b6    00000034     nwk_ioctl.obj (.text:nwk_deviceAddress)
                  0000a6ea    00000034     nwk_link.obj (.text:nwk_linkInit)
                  0000a71e    00000032     mrfi.obj (.text:MRFI_SetLogicalChannel)
                  0000a750    00000032     nwk.obj (.text:nwk_getConnInfo)
                  0000a782    00000030     nwk.obj (.text:map_lid2idx)
                  0000a7b2    00000030     nwk_ping.obj (.text:nwk_processPing)
                  0000a7e2    00000030     nwk_ioctl.obj (.text:nwk_rawReceive)
                  0000a812    00000030     nwk_frame.obj (.text:nwk_sendFrame)
                  0000a842    0000002e     mrfi.obj (.text:Mrfi_CalculateRssi)
                  0000a870    0000002e     UART_HANDLER.obj (.text:_Z13USCIAB0RX_ISRv)
                  0000a89e    0000002e     nwk_link.obj (.text:nwk_processLink)
                  0000a8cc    0000002c     mrfi.obj (.text:Mrfi_DelayUsec)
                  0000a8f8    0000002c     mrfi.obj (.text:Mrfi_RxModeOff)
                  0000a924    0000002c     nwk_api.obj (.text:SMPL_Init)
                  0000a950    0000002c     nwk_link.obj (.text:handleLinkRequest)
                  0000a97c    0000002c     nwk.obj (.text:nwk_checkAppMsgTID)
                  0000a9a8    0000002c     rts430_eabi.lib : asr16.obj (.text)
                  0000a9d4    0000002c                     : div16s.obj (.text)
                  0000aa00    0000002c                     : lsl16.obj (.text)
                  0000aa2c    0000002a     nwk.obj (.text:nwk_checkConnInfo)
                  0000aa56    00000026     mrfi.obj (.text:MRFI_Sleep)
                  0000aa7c    00000026     mrfi.obj (.text:Mrfi_RandomBackoffDelay)
                  0000aaa2    00000026     nwk_ioctl.obj (.text:nwk_connectionControl)
                  0000aac8    00000026     nwk_frame.obj (.text:nwk_frameInit)
                  0000aaee    00000026     nwk_globals.obj (.text:nwk_globalsInit)
                  0000ab14    00000026     rts430_eabi.lib : mult32.obj (.text)
                  0000ab3a    00000022     mrfi.obj (.text:MRFI_RxOn)
                  0000ab5c    00000022     rts430_eabi.lib : memcmp.obj (.text:memcmp)
                  0000ab7e    00000020     bsp.obj (.text:BSP_Init)
                  0000ab9e    00000020     bsp.obj (.text:BSP_InitBoard)
                  0000abbe    00000020     nwk_frame.obj (.text:MRFI_RxCompleteISR)
                  0000abde    00000020     mrfi.obj (.text:MRFI_RxIdle)
                  0000abfe    00000020     rts430_eabi.lib : memmov.obj (.text:memmove)
                  0000ac1e    0000001e     bsp.obj (.text:BSP_Delay)
                  0000ac3c    0000001e     mrfi.obj (.text:mrfiSpiReadReg)
                  0000ac5a    0000001e     nwk_QMgmt.obj (.text:nwk_QInit)
                  0000ac78    0000001c     mrfi.obj (.text:MRFI_GpioIsr)
                  0000ac94    0000001c     main_AP_Async_TalkandListen_.obj (.text:__sti___32_main_AP_Async_TalkandListen__cpp_time)
                  0000acb0    0000001c     nwk_globals.obj (.text:nwk_setMyAddress)
                  0000accc    0000001a     mrfi.obj (.text:BSP_GpioPort1Isr)
                  0000ace6    0000001a     rts430_eabi.lib : boot_special.obj (.text:_c_int00_noargs_noexit)
                  0000ad00    0000001a     mrfi.obj (.text:mrfiSpiWriteReg)
                  0000ad1a    00000018     mrfi.obj (.text:MRFI_DelayMs)
                  0000ad32    00000018     nwk_join.obj (.text:handleJoinRequest)
                  0000ad4a    00000018     nwk_mgmt.obj (.text:nwk_mgmtInit)
                  0000ad62    00000016     mrfi.obj (.text:MRFI_RandomByte)
                  0000ad78    00000016     mrfi.obj (.text:Mrfi_RxModeOn)
                  0000ad8e    00000016     main_AP_Async_TalkandListen_.obj (.text:_Z13proc_RXRF_MsghPhh)
                  0000ada4    00000016     rts430_eabi.lib : div16u.obj (.text)
                  0000adba    00000014     main_AP_Async_TalkandListen_.obj (.text:_Z9InitTimerv)
                  0000adce    00000014     main_AP_Async_TalkandListen_.obj (.text:_Z9toggleLEDh)
                  0000ade2    00000014     rts430_eabi.lib : copy_zero_init.obj (.text:decompress:ZI:__TI_zero_init)
                  0000adf6    00000014     nwk_api.obj (.text:ioctlPreInitAccessIsOK)
                  0000ae0a    00000014     rts430_eabi.lib : memset.obj (.text:memset)
                  0000ae1e    00000014     nwk_ioctl.obj (.text:nwk_joinContext)
                  0000ae32    00000014     rts430_eabi.lib : mult16.obj (.text)
                  0000ae46    00000012     bsp.obj (.text:BSP_InitLeds)
                  0000ae58    00000012     main_AP_Async_TalkandListen_.obj (.text:_Z3sCBh)
                  0000ae6a    00000012     rts430_eabi.lib : copy_decompress_none.obj (.text:decompress:none:__TI_decompress_none)
                  0000ae7c    00000012                     : lsr32.obj (.text:l_lsr)
                  0000ae8e    00000012                     : memcpy.obj (.text:memcpy)
                  0000aea0    00000012     nwk_link.obj (.text:nwk_getLinkToken)
                  0000aeb2    00000012     nwk_globals.obj (.text:nwk_getMyAddress)
                  0000aec4    00000012     nwk_link.obj (.text:nwk_setLinkToken)
                  0000aed6    00000010     rts430_eabi.lib : asr32.obj (.text:l_asr)
                  0000aee6    00000010                     : lsl32.obj (.text:l_lsl)
                  0000aef6    00000010     nwk_QMgmt.obj (.text:nwk_getQ)
                  0000af06    00000010     rts430_eabi.lib : epilog.obj (.text)
                  0000af16    0000000e     mrfi.obj (.text:MRFI_Receive)
                  0000af24    0000000e     mrfi.obj (.text:mrfiSpiWriteTxFifo)
                  0000af32    0000000e     nwk.obj (.text:nwk_getNumObjectFromMsg)
                  0000af40    0000000e     nwk_join.obj (.text:nwk_setJoinContext)
                  0000af4e    0000000c     mrfi.obj (.text:MRFI_PostKillSem)
                  0000af5a    0000000c     nwk_ping.obj (.text:handlePingRequest)
                  0000af66    0000000c     mrfi.obj (.text:mrfiSpiReadRxFifo)
                  0000af72    0000000c     nwk_mgmt.obj (.text:smpl_send_mgmt_reply)
                  0000af7e    0000000a     bsp.obj (.text:BSP_InitButtons)
                  0000af88    0000000a     bsp.obj (.text:BSP_InitDrivers)
                  0000af92    0000000a     utils.obj (.text:_Z11Disable_Intv)
                  0000af9c    0000000a     bsp.obj (.text:_system_pre_init)
                  0000afa6    0000000a     nwk_join.obj (.text:generateLinkToken)
                  0000afb0    0000000a     nwk_ping.obj (.text:nwk_pingInit)
                  0000afba    00000008     nwk_api.obj (.text:SMPL_Send)
                  0000afc2    00000008     rts430_eabi.lib : isr_trap.obj (.text:_isr:__TI_ISR_TRAP)
                  0000afca    00000008     nwk_mgmt.obj (.text:nwk_resetSFMarker)
                  0000afd2    00000006     mrfi.obj (.text:MRFI_GetRadioState)
                  0000afd8    00000006     utils.obj (.text:_Z11Restore_Intt)
                  0000afde    00000006     rts430_eabi.lib : exit.obj (.text:abort)
                  0000afe4    00000006     nwk.obj (.text:nwk_freeConnection)
                  0000afea    00000006     nwk_globals.obj (.text:nwk_getBCastAddress)
                  0000aff0    00000006     nwk_globals.obj (.text:nwk_getFWVersion)
                  0000aff6    00000006     nwk_frame.obj (.text:nwk_getMyRxType)
                  0000affc    00000006     nwk_globals.obj (.text:nwk_getProtocolVersion)
                  0000b002    00000006     nwk.obj (.text:nwk_getSFInfoPtr)
                  0000b008    00000004     nwk_join.obj (.text:nwk_join)
                  0000b00c    00000004     nwk_freq.obj (.text:nwk_processFreq)
                  0000b010    00000004     nwk_security.obj (.text:nwk_processSecurity)
                  0000b014    00000002     rts430_eabi.lib : startup.obj (.text:_system_post_cinit)
                  0000b016    00000002     nwk_freq.obj (.text:nwk_freqInit)
                  0000b018    00000002     nwk_security.obj (.text:nwk_securityInit)

.binit     0    00008000    00000000     

.const     0    0000b01a    0000005d     
                  0000b01a    0000003c     mrfi.obj (.const:mrfiRadioCfg)
                  0000b056    0000000c     nwk_frame.obj (.const:func)
                  0000b062    00000005     nwk_globals.obj (.const:sVersionInfo)
                  0000b067    00000001     --HOLE-- [fill = 0]
                  0000b068    00000004     mrfi.obj (.const:.string:mrfiBroadcastAddr)
                  0000b06c    00000004     mrfi.obj (.const:.string:mrfiLogicalChanTable)
                  0000b070    00000004     nwk_globals.obj (.const:sMyROMAddress)
                  0000b074    00000003     mrfi.obj (.const:.string:mrfiRFPowerTable)

.init_array 
*          0    0000b078    00000004     
                  0000b078    00000002     UART_HANDLER.obj (.init_array)
                  0000b07a    00000002     main_AP_Async_TalkandListen_.obj (.init_array)

.cinit     0    0000b07c    00000026     
                  0000b07c    00000013     (.cinit..data.load) [load image, compression = lzss]
                  0000b08f    00000001     --HOLE-- [fill = 0]
                  0000b090    00000006     (__TI_handler_table)
                  0000b096    00000004     (.cinit..bss.load) [load image, compression = zero_init]
                  0000b09a    00000008     (__TI_cinit_table)

$fill000   0    0000ffde    00000002     
                  0000ffde    00000002     --HOLE-- [fill = ffff]

PORT1      0    0000ffe4    00000002     
                  0000ffe4    00000002     rts430_eabi.lib : int02.obj (.int02)

PORT2      0    0000ffe6    00000002     
                  0000ffe6    00000002     mrfi.obj (.int03)

ADC10      0    0000ffea    00000002     
                  0000ffea    00000002     rts430_eabi.lib : int05.obj (.int05)

USCIAB0TX 
*          0    0000ffec    00000002     
                  0000ffec    00000002     UART_HANDLER.obj (.int06)

USCIAB0RX 
*          0    0000ffee    00000002     
                  0000ffee    00000002     UART_HANDLER.obj (.int07)

TIMERA1    0    0000fff0    00000002     
                  0000fff0    00000002     rts430_eabi.lib : int08.obj (.int08)

TIMERA0    0    0000fff2    00000002     
                  0000fff2    00000002     main_AP_Async_TalkandListen_.obj (.int09)

WDT        0    0000fff4    00000002     
                  0000fff4    00000002     rts430_eabi.lib : int10.obj (.int10)

TIMERB1    0    0000fff8    00000002     
                  0000fff8    00000002     rts430_eabi.lib : int12.obj (.int12)

TIMERB0    0    0000fffa    00000002     
                  0000fffa    00000002     rts430_eabi.lib : int13.obj (.int13)

NMI        0    0000fffc    00000002     
                  0000fffc    00000002     rts430_eabi.lib : int14.obj (.int14)

.reset     0    0000fffe    00000002     
                  0000fffe    00000002     rts430_eabi.lib : boot.obj (.reset)

MODULE SUMMARY

       Module                             code    ro data   rw data
       ------                             ----    -------   -------
    .\Applications\application\Access Point\
       main_AP_Async_TalkandListen_.obj   654     4         65     
    +--+----------------------------------+-------+---------+---------+
       Total:                             654     4         65     
                                                                   
    .\Components\bsp\
       bsp.obj                            142     0         1      
    +--+----------------------------------+-------+---------+---------+
       Total:                             142     0         1      
                                                                   
    .\Components\mrfi\
       mrfi.obj                           2094    73        59     
    +--+----------------------------------+-------+---------+---------+
       Total:                             2094    73        59     
                                                                   
    .\Components\simpliciti\nwk\
       nwk_frame.obj                      1308    12        8      
       nwk.obj                            1196    0         131    
       nwk_QMgmt.obj                      598     0         384    
       nwk_api.obj                        492     0         1      
       nwk_globals.obj                    102     9         9      
    +--+----------------------------------+-------+---------+---------+
       Total:                             3696    21        533    
                                                                   
    .\Components\simpliciti\nwk_applications\
       nwk_link.obj                       600     0         17     
       nwk_join.obj                       506     0         11     
       nwk_ioctl.obj                      366     0         0      
       nwk_mgmt.obj                       262     0         4      
       nwk_ping.obj                       140     0         1      
       nwk_freq.obj                       6       0         0      
       nwk_security.obj                   6       0         0      
    +--+----------------------------------+-------+---------+---------+
       Total:                             1886    0         33     
                                                                   
    .\utils\
       UART_HANDLER.obj                   484     6         156    
       utils.obj                          16      0         0      
    +--+----------------------------------+-------+---------+---------+
       Total:                             500     6         156    
                                                                   
    C:\ti\ccsv7\tools\compiler\ti-cgt-msp430_16.9.0.LTS\lib\rts430_eabi.lib
       addd.obj                           744     0         0      
       frcaddd.obj                        608     0         0      
       fs_add.obj                         306     0         0      
       renormd.obj                        190     0         0      
       cvtdf.obj                          140     0         0      
       copy_decompress_lzss.obj           124     0         0      
       cvtfd.obj                          114     0         0      
       autoinit.obj                       110     0         0      
       lsr32.obj                          110     0         0      
       cpy_tbl.obj                        90      0         0      
       div32u.obj                         88      0         0      
       asr32.obj                          78      0         0      
       lsl32.obj                          78      0         0      
       lsr16.obj                          76      0         0      
       fs_cmp.obj                         74      0         0      
       asr16.obj                          44      0         0      
       div16s.obj                         44      0         0      
       lsl16.obj                          44      0         0      
       mult32.obj                         38      0         0      
       memcmp.obj                         34      0         0      
       memmov.obj                         32      0         0      
       boot_special.obj                   26      0         0      
       div16u.obj                         22      0         0      
       copy_zero_init.obj                 20      0         0      
       memset.obj                         20      0         0      
       mult16.obj                         20      0         0      
       copy_decompress_none.obj           18      0         0      
       memcpy.obj                         18      0         0      
       epilog.obj                         16      0         0      
       isr_trap.obj                       8       0         0      
       exit.obj                           6       0         0      
       boot.obj                           0       2         0      
       int02.obj                          0       2         0      
       int05.obj                          0       2         0      
       int08.obj                          0       2         0      
       int10.obj                          0       2         0      
       int12.obj                          0       2         0      
       int13.obj                          0       2         0      
       int14.obj                          0       2         0      
       startup.obj                        2       0         0      
    +--+----------------------------------+-------+---------+---------+
       Total:                             3342    16        0      
                                                                   
       Stack:                             0       0         80     
       Linker Generated:                  0       37        0      
    +--+----------------------------------+-------+---------+---------+
       Grand Total:                       12314   157       927    


LINKER GENERATED COPY TABLES

__TI_cinit_table @ 0000b09a records: 2, size/record: 4, table size: 8
	.data: load addr=0000b07c, load size=00000013 bytes, run addr=00000486, run size=000000c9 bytes, compression=lzss
	.bss: load addr=0000b096, load size=00000004 bytes, run addr=00000200, run size=00000286 bytes, compression=zero_init


LINKER GENERATED HANDLER TABLE

__TI_handler_table @ 0000b090 records: 3, size/record: 2, table size: 6
	index: 0, handler: __TI_zero_init
	index: 1, handler: __TI_decompress_lzss
	index: 2, handler: __TI_decompress_none


GLOBAL SYMBOLS: SORTED ALPHABETICALLY BY Name 

address   name                                            
-------   ----                                            
0000004a  ADC10AE0                                        
0000004b  ADC10AE1                                        
000001b0  ADC10CTL0                                       
000001b2  ADC10CTL1                                       
00000048  ADC10DTC0                                       
00000049  ADC10DTC1                                       
000001b4  ADC10MEM                                        
000001bc  ADC10SA                                         
00000057  BCSCTL1                                         
00000058  BCSCTL2                                         
00000053  BCSCTL3                                         
0000ac1e  BSP_Delay                                       
0000accc  BSP_GpioPort1Isr                                
0000ab7e  BSP_Init                                        
0000ab9e  BSP_InitBoard                                   
0000af7e  BSP_InitButtons                                 
0000af88  BSP_InitDrivers                                 
0000ae46  BSP_InitLeds                                    
0000afde  C$$EXIT                                         
000010fb  CALBC1_12MHZ                                    
000010f9  CALBC1_16MHZ                                    
000010ff  CALBC1_1MHZ                                     
000010fd  CALBC1_8MHZ                                     
000010fa  CALDCO_12MHZ                                    
000010f8  CALDCO_16MHZ                                    
000010fe  CALDCO_1MHZ                                     
000010fc  CALDCO_8MHZ                                     
00000056  DCOCTL                                          
00000128  FCTL1                                           
0000012a  FCTL2                                           
0000012c  FCTL3                                           
00000000  IE1                                             
00000001  IE2                                             
00000002  IFG1                                            
00000003  IFG2                                            
0000ad1a  MRFI_DelayMs                                    
0000afd2  MRFI_GetRadioState                              
0000ac78  MRFI_GpioIsr                                    
00008548  MRFI_Init                                       
0000af4e  MRFI_PostKillSem                                
0000ad62  MRFI_RandomByte                                 
0000af16  MRFI_Receive                                    
0000a2ae  MRFI_Rssi                                       
0000a222  MRFI_RxAddrIsFiltered                           
0000abbe  MRFI_RxCompleteISR                              
0000abde  MRFI_RxIdle                                     
0000ab3a  MRFI_RxOn                                       
0000a71e  MRFI_SetLogicalChannel                          
0000a64e  MRFI_SetRFPwr                                   
0000aa56  MRFI_Sleep                                      
00008f38  MRFI_Transmit                                   
00009f22  MRFI_WakeUp                                     
000000c0  OA0CTL0                                         
000000c1  OA0CTL1                                         
000000c2  OA1CTL0                                         
000000c3  OA1CTL1                                         
00000022  P1DIR                                           
00000025  P1IE                                            
00000024  P1IES                                           
00000023  P1IFG                                           
00000020  P1IN                                            
00000021  P1OUT                                           
00000027  P1REN                                           
00000026  P1SEL                                           
0000002a  P2DIR                                           
0000002d  P2IE                                            
0000002c  P2IES                                           
0000002b  P2IFG                                           
00000028  P2IN                                            
00000029  P2OUT                                           
0000002f  P2REN                                           
0000002e  P2SEL                                           
0000001a  P3DIR                                           
00000018  P3IN                                            
00000019  P3OUT                                           
00000010  P3REN                                           
0000001b  P3SEL                                           
0000001e  P4DIR                                           
0000001c  P4IN                                            
0000001d  P4OUT                                           
00000011  P4REN                                           
0000001f  P4SEL                                           
00000380  RX_ser_buf                                      
0000a924  SMPL_Init                                       
0000938a  SMPL_Ioctl                                      
0000a01a  SMPL_Receive                                    
0000afba  SMPL_Send                                       
000096e2  SMPL_SendOpt                                    
00000172  TACCR0                                          
00000174  TACCR1                                          
00000176  TACCR2                                          
00000162  TACCTL0                                         
00000164  TACCTL1                                         
00000166  TACCTL2                                         
00000160  TACTL                                           
0000012e  TAIV                                            
00000170  TAR                                             
00000192  TBCCR0                                          
00000194  TBCCR1                                          
00000196  TBCCR2                                          
00000182  TBCCTL0                                         
00000184  TBCCTL1                                         
00000186  TBCCTL2                                         
00000180  TBCTL                                           
0000011e  TBIV                                            
00000190  TBR                                             
00000474  TX_Time_msg                                     
00000426  TX_msg                                          
0000051c  TX_msg_Len                                      
000003bc  TX_ser_buf                                      
00000446  UART_RX_BUFFER                                  
00000458  UART_TX_BUFFER                                  
0000005d  UCA0ABCTL                                       
00000062  UCA0BR0                                         
00000063  UCA0BR1                                         
00000060  UCA0CTL0                                        
00000061  UCA0CTL1                                        
0000005f  UCA0IRRCTL                                      
0000005e  UCA0IRTCTL                                      
00000064  UCA0MCTL                                        
00000066  UCA0RXBUF                                       
00000065  UCA0STAT                                        
00000067  UCA0TXBUF                                       
0000006a  UCB0BR0                                         
0000006b  UCB0BR1                                         
00000068  UCB0CTL0                                        
00000069  UCB0CTL1                                        
0000006c  UCB0I2CIE                                       
00000118  UCB0I2COA                                       
0000011a  UCB0I2CSA                                       
0000006e  UCB0RXBUF                                       
0000006d  UCB0STAT                                        
0000006f  UCB0TXBUF                                       
00000120  WDTCTL                                          
0000a37a  _Z10ParseRXCmdi                                 
0000af92  _Z11Disable_Intv                                
0000afd8  _Z11Restore_Intt                                
00009ecc  _Z11TIMERA0_ISRv                                
0000a870  _Z13USCIAB0RX_ISRv                              
0000a530  _Z13USCIAB0TX_ISRv                              
0000a2f2  _Z17tx_bytes_to_slavePhi                        
0000adba  _Z9InitTimerv                                   
00009d58  _Z9Init_UARTv                                   
0000adce  _Z9toggleLEDh                                   
00000600  __STACK_END                                     
00000050  __STACK_SIZE                                    
UNDEFED   __TI_BINIT_Base                                 
UNDEFED   __TI_BINIT_Limit                                
0000b09a  __TI_CINIT_Base                                 
0000b0a2  __TI_CINIT_Limit                                
0000b090  __TI_Handler_Table_Base                         
0000b096  __TI_Handler_Table_Limit                        
0000b078  __TI_INITARRAY_Base                             
0000b07c  __TI_INITARRAY_Limit                            
0000afc2  __TI_ISR_TRAP                                   
00009a2e  __TI_decompress_lzss                            
0000ae6a  __TI_decompress_none                            
000082e8  __TI_frcaddd                                    
0000ffe4  __TI_int02                                      
0000ffe6  __TI_int03                                      
0000ffea  __TI_int05                                      
0000ffec  __TI_int06                                      
0000ffee  __TI_int07                                      
0000fff0  __TI_int08                                      
0000fff2  __TI_int09                                      
0000fff4  __TI_int10                                      
0000fff8  __TI_int12                                      
0000fffa  __TI_int13                                      
0000fffc  __TI_int14                                      
ffffffff  __TI_pprof_out_hndl                             
ffffffff  __TI_prof_data_size                             
ffffffff  __TI_prof_data_start                            
000092cc  __TI_renormd                                    
0000ade2  __TI_zero_init                                  
ffffffff  __c_args__                                      
00008000  __mspabi_addd                                   
00008cfe  __mspabi_addf                                   
0000a190  __mspabi_cmpf                                   
00009810  __mspabi_cvtdf                                  
00009ba2  __mspabi_cvtfd                                  
0000a9d4  __mspabi_divi                                   
0000ada4  __mspabi_divu                                   
00009e74  __mspabi_divul                                  
0000af12  __mspabi_func_epilog_1                          
0000af10  __mspabi_func_epilog_2                          
0000af0e  __mspabi_func_epilog_3                          
0000af0c  __mspabi_func_epilog_4                          
0000af0a  __mspabi_func_epilog_5                          
0000af08  __mspabi_func_epilog_6                          
0000af06  __mspabi_func_epilog_7                          
0000ae32  __mspabi_mpyi                                   
0000ae32  __mspabi_mpyi_sw                                
0000ab14  __mspabi_mpyl                                   
0000ab14  __mspabi_mpyl_sw                                
0000a9d4  __mspabi_remi                                   
0000ada4  __mspabi_remu                                   
00009e74  __mspabi_remul                                  
0000aa00  __mspabi_slli                                   
0000aa28  __mspabi_slli_1                                 
0000aa16  __mspabi_slli_10                                
0000aa14  __mspabi_slli_11                                
0000aa12  __mspabi_slli_12                                
0000aa10  __mspabi_slli_13                                
0000aa0e  __mspabi_slli_14                                
0000aa0c  __mspabi_slli_15                                
0000aa26  __mspabi_slli_2                                 
0000aa24  __mspabi_slli_3                                 
0000aa22  __mspabi_slli_4                                 
0000aa20  __mspabi_slli_5                                 
0000aa1e  __mspabi_slli_6                                 
0000aa1c  __mspabi_slli_7                                 
0000aa1a  __mspabi_slli_8                                 
0000aa18  __mspabi_slli_9                                 
0000aee6  __mspabi_slll                                   
0000a4b0  __mspabi_slll_1                                 
0000a48c  __mspabi_slll_10                                
0000a488  __mspabi_slll_11                                
0000a484  __mspabi_slll_12                                
0000a480  __mspabi_slll_13                                
0000a47c  __mspabi_slll_14                                
0000a478  __mspabi_slll_15                                
0000a4ac  __mspabi_slll_2                                 
0000a4a8  __mspabi_slll_3                                 
0000a4a4  __mspabi_slll_4                                 
0000a4a0  __mspabi_slll_5                                 
0000a49c  __mspabi_slll_6                                 
0000a498  __mspabi_slll_7                                 
0000a494  __mspabi_slll_8                                 
0000a490  __mspabi_slll_9                                 
0000a9a8  __mspabi_srai                                   
0000a9d0  __mspabi_srai_1                                 
0000a9be  __mspabi_srai_10                                
0000a9bc  __mspabi_srai_11                                
0000a9ba  __mspabi_srai_12                                
0000a9b8  __mspabi_srai_13                                
0000a9b6  __mspabi_srai_14                                
0000a9b4  __mspabi_srai_15                                
0000a9ce  __mspabi_srai_2                                 
0000a9cc  __mspabi_srai_3                                 
0000a9ca  __mspabi_srai_4                                 
0000a9c8  __mspabi_srai_5                                 
0000a9c6  __mspabi_srai_6                                 
0000a9c4  __mspabi_srai_7                                 
0000a9c2  __mspabi_srai_8                                 
0000a9c0  __mspabi_srai_9                                 
0000aed6  __mspabi_sral                                   
0000a472  __mspabi_sral_1                                 
0000a44e  __mspabi_sral_10                                
0000a44a  __mspabi_sral_11                                
0000a446  __mspabi_sral_12                                
0000a442  __mspabi_sral_13                                
0000a43e  __mspabi_sral_14                                
0000a43a  __mspabi_sral_15                                
0000a46e  __mspabi_sral_2                                 
0000a46a  __mspabi_sral_3                                 
0000a466  __mspabi_sral_4                                 
0000a462  __mspabi_sral_5                                 
0000a45e  __mspabi_sral_6                                 
0000a45a  __mspabi_sral_7                                 
0000a456  __mspabi_sral_8                                 
0000a452  __mspabi_sral_9                                 
0000a066  __mspabi_srli                                   
0000a0ac  __mspabi_srli_1                                 
0000a088  __mspabi_srli_10                                
0000a084  __mspabi_srli_11                                
0000a080  __mspabi_srli_12                                
0000a07c  __mspabi_srli_13                                
0000a078  __mspabi_srli_14                                
0000a074  __mspabi_srli_15                                
0000a0a8  __mspabi_srli_2                                 
0000a0a4  __mspabi_srli_3                                 
0000a0a0  __mspabi_srli_4                                 
0000a09c  __mspabi_srli_5                                 
0000a098  __mspabi_srli_6                                 
0000a094  __mspabi_srli_7                                 
0000a090  __mspabi_srli_8                                 
0000a08c  __mspabi_srli_9                                 
0000ae7c  __mspabi_srll                                   
00009e12  __mspabi_srll_1                                 
00009ddc  __mspabi_srll_10                                
00009dd6  __mspabi_srll_11                                
00009dd0  __mspabi_srll_12                                
00009dca  __mspabi_srll_13                                
00009dc4  __mspabi_srll_14                                
00009dbe  __mspabi_srll_15                                
00009e0c  __mspabi_srll_2                                 
00009e06  __mspabi_srll_3                                 
00009e00  __mspabi_srll_4                                 
00009dfa  __mspabi_srll_5                                 
00009df4  __mspabi_srll_6                                 
00009dee  __mspabi_srll_7                                 
00009de8  __mspabi_srll_8                                 
00009de2  __mspabi_srll_9                                 
00008cf8  __mspabi_subf                                   
000091fa  __sti___16_UART_HANDLER_cpp_3daaade3            
0000ac94  __sti___32_main_AP_Async_TalkandListen__cpp_time
00009c14  _auto_init                                      
0000ace6  _c_int00_noargs_noexit                          
0000fffe  _reset_vector                                   
000005b0  _stack                                          
0000b014  _system_post_cinit                              
0000af9c  _system_pre_init                                
0000afde  abort                                           
00009e1a  copy_in                                         
000095a4  isDupSandFFrame                                 
00000543  lAddr                                           
000088b4  main                                            
0000ab5c  memcmp                                          
0000ae8e  memcpy                                          
0000abfe  memmove                                         
0000ae0a  memset                                          
0000b068  mrfiBroadcastAddr                               
0000a0b2  mrfiSpiCmdStrobe                                
0000a682  mrfiSpiInit                                     
0000ac3c  mrfiSpiReadReg                                  
0000af66  mrfiSpiReadRxFifo                               
0000ad00  mrfiSpiWriteReg                                 
0000af24  mrfiSpiWriteTxFifo                              
0000047a  next_time_Jam                                   
0000ac5a  nwk_QInit                                       
0000a618  nwk_QadjustOrder                                
00008a3e  nwk_QfindOldest                                 
0000989c  nwk_QfindSlot                                   
000094f8  nwk_SendEmptyPollRspFrame                       
0000903a  nwk_allocateLocalRxPort                         
00009644  nwk_buildFrame                                  
0000a97c  nwk_checkAppMsgTID                              
0000aa2c  nwk_checkConnInfo                               
0000aaa2  nwk_connectionControl                           
0000a6b6  nwk_deviceAddress                               
0000a0fc  nwk_findAlreadyJoined                           
0000aac8  nwk_frameInit                                   
0000afe4  nwk_freeConnection                              
0000b016  nwk_freqInit                                    
0000afea  nwk_getBCastAddress                             
0000a750  nwk_getConnInfo                                 
0000aff0  nwk_getFWVersion                                
0000aea0  nwk_getLinkToken                                
0000aeb2  nwk_getMyAddress                                
0000aff6  nwk_getMyRxType                                 
00009fca  nwk_getNextConnection                           
0000af32  nwk_getNumObjectFromMsg                         
0000affc  nwk_getProtocolVersion                          
0000aef6  nwk_getQ                                        
0000b002  nwk_getSFInfoPtr                                
00009aaa  nwk_getSandFFrame                               
0000aaee  nwk_globalsInit                                 
00009cf0  nwk_isConnectionValid                           
0000a146  nwk_isLinkDuplicate                             
0000a3bc  nwk_isSandFClient                               
0000a56a  nwk_isValidReply                                
0000b008  nwk_join                                        
0000ae1e  nwk_joinContext                                 
0000a5a4  nwk_joinInit                                    
0000a6ea  nwk_linkInit                                    
0000ad4a  nwk_mgmtInit                                    
00009922  nwk_nwkInit                                     
0000afb0  nwk_pingInit                                    
0000b00c  nwk_processFreq                                 
0000a4b6  nwk_processJoin                                 
0000a89e  nwk_processLink                                 
0000a1da  nwk_processMgmt                                 
0000a7b2  nwk_processPing                                 
0000b010  nwk_processSecurity                             
0000a4f4  nwk_putNumObjectIntoMsg                         
00009b26  nwk_radioControl                                
0000a7e2  nwk_rawReceive                                  
00009f76  nwk_rawSend                                     
0000a5de  nwk_replayFrame                                 
0000afca  nwk_resetSFMarker                               
00009446  nwk_retrieveFrame                               
00009c82  nwk_saveJoinedDevice                            
0000b018  nwk_securityInit                                
0000a812  nwk_sendFrame                                   
0000af40  nwk_setJoinContext                              
0000aec4  nwk_setLinkToken                                
0000acb0  nwk_setMyAddress                                
00000518  time                                            


GLOBAL SYMBOLS: SORTED BY Symbol Address 

address   name                                            
-------   ----                                            
00000000  IE1                                             
00000001  IE2                                             
00000002  IFG1                                            
00000003  IFG2                                            
00000010  P3REN                                           
00000011  P4REN                                           
00000018  P3IN                                            
00000019  P3OUT                                           
0000001a  P3DIR                                           
0000001b  P3SEL                                           
0000001c  P4IN                                            
0000001d  P4OUT                                           
0000001e  P4DIR                                           
0000001f  P4SEL                                           
00000020  P1IN                                            
00000021  P1OUT                                           
00000022  P1DIR                                           
00000023  P1IFG                                           
00000024  P1IES                                           
00000025  P1IE                                            
00000026  P1SEL                                           
00000027  P1REN                                           
00000028  P2IN                                            
00000029  P2OUT                                           
0000002a  P2DIR                                           
0000002b  P2IFG                                           
0000002c  P2IES                                           
0000002d  P2IE                                            
0000002e  P2SEL                                           
0000002f  P2REN                                           
00000048  ADC10DTC0                                       
00000049  ADC10DTC1                                       
0000004a  ADC10AE0                                        
0000004b  ADC10AE1                                        
00000050  __STACK_SIZE                                    
00000053  BCSCTL3                                         
00000056  DCOCTL                                          
00000057  BCSCTL1                                         
00000058  BCSCTL2                                         
0000005d  UCA0ABCTL                                       
0000005e  UCA0IRTCTL                                      
0000005f  UCA0IRRCTL                                      
00000060  UCA0CTL0                                        
00000061  UCA0CTL1                                        
00000062  UCA0BR0                                         
00000063  UCA0BR1                                         
00000064  UCA0MCTL                                        
00000065  UCA0STAT                                        
00000066  UCA0RXBUF                                       
00000067  UCA0TXBUF                                       
00000068  UCB0CTL0                                        
00000069  UCB0CTL1                                        
0000006a  UCB0BR0                                         
0000006b  UCB0BR1                                         
0000006c  UCB0I2CIE                                       
0000006d  UCB0STAT                                        
0000006e  UCB0RXBUF                                       
0000006f  UCB0TXBUF                                       
000000c0  OA0CTL0                                         
000000c1  OA0CTL1                                         
000000c2  OA1CTL0                                         
000000c3  OA1CTL1                                         
00000118  UCB0I2COA                                       
0000011a  UCB0I2CSA                                       
0000011e  TBIV                                            
00000120  WDTCTL                                          
00000128  FCTL1                                           
0000012a  FCTL2                                           
0000012c  FCTL3                                           
0000012e  TAIV                                            
00000160  TACTL                                           
00000162  TACCTL0                                         
00000164  TACCTL1                                         
00000166  TACCTL2                                         
00000170  TAR                                             
00000172  TACCR0                                          
00000174  TACCR1                                          
00000176  TACCR2                                          
00000180  TBCTL                                           
00000182  TBCCTL0                                         
00000184  TBCCTL1                                         
00000186  TBCCTL2                                         
00000190  TBR                                             
00000192  TBCCR0                                          
00000194  TBCCR1                                          
00000196  TBCCR2                                          
000001b0  ADC10CTL0                                       
000001b2  ADC10CTL1                                       
000001b4  ADC10MEM                                        
000001bc  ADC10SA                                         
00000380  RX_ser_buf                                      
000003bc  TX_ser_buf                                      
00000426  TX_msg                                          
00000446  UART_RX_BUFFER                                  
00000458  UART_TX_BUFFER                                  
00000474  TX_Time_msg                                     
0000047a  next_time_Jam                                   
00000518  time                                            
0000051c  TX_msg_Len                                      
00000543  lAddr                                           
000005b0  _stack                                          
00000600  __STACK_END                                     
000010f8  CALDCO_16MHZ                                    
000010f9  CALBC1_16MHZ                                    
000010fa  CALDCO_12MHZ                                    
000010fb  CALBC1_12MHZ                                    
000010fc  CALDCO_8MHZ                                     
000010fd  CALBC1_8MHZ                                     
000010fe  CALDCO_1MHZ                                     
000010ff  CALBC1_1MHZ                                     
00008000  __mspabi_addd                                   
000082e8  __TI_frcaddd                                    
00008548  MRFI_Init                                       
000088b4  main                                            
00008a3e  nwk_QfindOldest                                 
00008cf8  __mspabi_subf                                   
00008cfe  __mspabi_addf                                   
00008f38  MRFI_Transmit                                   
0000903a  nwk_allocateLocalRxPort                         
000091fa  __sti___16_UART_HANDLER_cpp_3daaade3            
000092cc  __TI_renormd                                    
0000938a  SMPL_Ioctl                                      
00009446  nwk_retrieveFrame                               
000094f8  nwk_SendEmptyPollRspFrame                       
000095a4  isDupSandFFrame                                 
00009644  nwk_buildFrame                                  
000096e2  SMPL_SendOpt                                    
00009810  __mspabi_cvtdf                                  
0000989c  nwk_QfindSlot                                   
00009922  nwk_nwkInit                                     
00009a2e  __TI_decompress_lzss                            
00009aaa  nwk_getSandFFrame                               
00009b26  nwk_radioControl                                
00009ba2  __mspabi_cvtfd                                  
00009c14  _auto_init                                      
00009c82  nwk_saveJoinedDevice                            
00009cf0  nwk_isConnectionValid                           
00009d58  _Z9Init_UARTv                                   
00009dbe  __mspabi_srll_15                                
00009dc4  __mspabi_srll_14                                
00009dca  __mspabi_srll_13                                
00009dd0  __mspabi_srll_12                                
00009dd6  __mspabi_srll_11                                
00009ddc  __mspabi_srll_10                                
00009de2  __mspabi_srll_9                                 
00009de8  __mspabi_srll_8                                 
00009dee  __mspabi_srll_7                                 
00009df4  __mspabi_srll_6                                 
00009dfa  __mspabi_srll_5                                 
00009e00  __mspabi_srll_4                                 
00009e06  __mspabi_srll_3                                 
00009e0c  __mspabi_srll_2                                 
00009e12  __mspabi_srll_1                                 
00009e1a  copy_in                                         
00009e74  __mspabi_divul                                  
00009e74  __mspabi_remul                                  
00009ecc  _Z11TIMERA0_ISRv                                
00009f22  MRFI_WakeUp                                     
00009f76  nwk_rawSend                                     
00009fca  nwk_getNextConnection                           
0000a01a  SMPL_Receive                                    
0000a066  __mspabi_srli                                   
0000a074  __mspabi_srli_15                                
0000a078  __mspabi_srli_14                                
0000a07c  __mspabi_srli_13                                
0000a080  __mspabi_srli_12                                
0000a084  __mspabi_srli_11                                
0000a088  __mspabi_srli_10                                
0000a08c  __mspabi_srli_9                                 
0000a090  __mspabi_srli_8                                 
0000a094  __mspabi_srli_7                                 
0000a098  __mspabi_srli_6                                 
0000a09c  __mspabi_srli_5                                 
0000a0a0  __mspabi_srli_4                                 
0000a0a4  __mspabi_srli_3                                 
0000a0a8  __mspabi_srli_2                                 
0000a0ac  __mspabi_srli_1                                 
0000a0b2  mrfiSpiCmdStrobe                                
0000a0fc  nwk_findAlreadyJoined                           
0000a146  nwk_isLinkDuplicate                             
0000a190  __mspabi_cmpf                                   
0000a1da  nwk_processMgmt                                 
0000a222  MRFI_RxAddrIsFiltered                           
0000a2ae  MRFI_Rssi                                       
0000a2f2  _Z17tx_bytes_to_slavePhi                        
0000a37a  _Z10ParseRXCmdi                                 
0000a3bc  nwk_isSandFClient                               
0000a43a  __mspabi_sral_15                                
0000a43e  __mspabi_sral_14                                
0000a442  __mspabi_sral_13                                
0000a446  __mspabi_sral_12                                
0000a44a  __mspabi_sral_11                                
0000a44e  __mspabi_sral_10                                
0000a452  __mspabi_sral_9                                 
0000a456  __mspabi_sral_8                                 
0000a45a  __mspabi_sral_7                                 
0000a45e  __mspabi_sral_6                                 
0000a462  __mspabi_sral_5                                 
0000a466  __mspabi_sral_4                                 
0000a46a  __mspabi_sral_3                                 
0000a46e  __mspabi_sral_2                                 
0000a472  __mspabi_sral_1                                 
0000a478  __mspabi_slll_15                                
0000a47c  __mspabi_slll_14                                
0000a480  __mspabi_slll_13                                
0000a484  __mspabi_slll_12                                
0000a488  __mspabi_slll_11                                
0000a48c  __mspabi_slll_10                                
0000a490  __mspabi_slll_9                                 
0000a494  __mspabi_slll_8                                 
0000a498  __mspabi_slll_7                                 
0000a49c  __mspabi_slll_6                                 
0000a4a0  __mspabi_slll_5                                 
0000a4a4  __mspabi_slll_4                                 
0000a4a8  __mspabi_slll_3                                 
0000a4ac  __mspabi_slll_2                                 
0000a4b0  __mspabi_slll_1                                 
0000a4b6  nwk_processJoin                                 
0000a4f4  nwk_putNumObjectIntoMsg                         
0000a530  _Z13USCIAB0TX_ISRv                              
0000a56a  nwk_isValidReply                                
0000a5a4  nwk_joinInit                                    
0000a5de  nwk_replayFrame                                 
0000a618  nwk_QadjustOrder                                
0000a64e  MRFI_SetRFPwr                                   
0000a682  mrfiSpiInit                                     
0000a6b6  nwk_deviceAddress                               
0000a6ea  nwk_linkInit                                    
0000a71e  MRFI_SetLogicalChannel                          
0000a750  nwk_getConnInfo                                 
0000a7b2  nwk_processPing                                 
0000a7e2  nwk_rawReceive                                  
0000a812  nwk_sendFrame                                   
0000a870  _Z13USCIAB0RX_ISRv                              
0000a89e  nwk_processLink                                 
0000a924  SMPL_Init                                       
0000a97c  nwk_checkAppMsgTID                              
0000a9a8  __mspabi_srai                                   
0000a9b4  __mspabi_srai_15                                
0000a9b6  __mspabi_srai_14                                
0000a9b8  __mspabi_srai_13                                
0000a9ba  __mspabi_srai_12                                
0000a9bc  __mspabi_srai_11                                
0000a9be  __mspabi_srai_10                                
0000a9c0  __mspabi_srai_9                                 
0000a9c2  __mspabi_srai_8                                 
0000a9c4  __mspabi_srai_7                                 
0000a9c6  __mspabi_srai_6                                 
0000a9c8  __mspabi_srai_5                                 
0000a9ca  __mspabi_srai_4                                 
0000a9cc  __mspabi_srai_3                                 
0000a9ce  __mspabi_srai_2                                 
0000a9d0  __mspabi_srai_1                                 
0000a9d4  __mspabi_divi                                   
0000a9d4  __mspabi_remi                                   
0000aa00  __mspabi_slli                                   
0000aa0c  __mspabi_slli_15                                
0000aa0e  __mspabi_slli_14                                
0000aa10  __mspabi_slli_13                                
0000aa12  __mspabi_slli_12                                
0000aa14  __mspabi_slli_11                                
0000aa16  __mspabi_slli_10                                
0000aa18  __mspabi_slli_9                                 
0000aa1a  __mspabi_slli_8                                 
0000aa1c  __mspabi_slli_7                                 
0000aa1e  __mspabi_slli_6                                 
0000aa20  __mspabi_slli_5                                 
0000aa22  __mspabi_slli_4                                 
0000aa24  __mspabi_slli_3                                 
0000aa26  __mspabi_slli_2                                 
0000aa28  __mspabi_slli_1                                 
0000aa2c  nwk_checkConnInfo                               
0000aa56  MRFI_Sleep                                      
0000aaa2  nwk_connectionControl                           
0000aac8  nwk_frameInit                                   
0000aaee  nwk_globalsInit                                 
0000ab14  __mspabi_mpyl                                   
0000ab14  __mspabi_mpyl_sw                                
0000ab3a  MRFI_RxOn                                       
0000ab5c  memcmp                                          
0000ab7e  BSP_Init                                        
0000ab9e  BSP_InitBoard                                   
0000abbe  MRFI_RxCompleteISR                              
0000abde  MRFI_RxIdle                                     
0000abfe  memmove                                         
0000ac1e  BSP_Delay                                       
0000ac3c  mrfiSpiReadReg                                  
0000ac5a  nwk_QInit                                       
0000ac78  MRFI_GpioIsr                                    
0000ac94  __sti___32_main_AP_Async_TalkandListen__cpp_time
0000acb0  nwk_setMyAddress                                
0000accc  BSP_GpioPort1Isr                                
0000ace6  _c_int00_noargs_noexit                          
0000ad00  mrfiSpiWriteReg                                 
0000ad1a  MRFI_DelayMs                                    
0000ad4a  nwk_mgmtInit                                    
0000ad62  MRFI_RandomByte                                 
0000ada4  __mspabi_divu                                   
0000ada4  __mspabi_remu                                   
0000adba  _Z9InitTimerv                                   
0000adce  _Z9toggleLEDh                                   
0000ade2  __TI_zero_init                                  
0000ae0a  memset                                          
0000ae1e  nwk_joinContext                                 
0000ae32  __mspabi_mpyi                                   
0000ae32  __mspabi_mpyi_sw                                
0000ae46  BSP_InitLeds                                    
0000ae6a  __TI_decompress_none                            
0000ae7c  __mspabi_srll                                   
0000ae8e  memcpy                                          
0000aea0  nwk_getLinkToken                                
0000aeb2  nwk_getMyAddress                                
0000aec4  nwk_setLinkToken                                
0000aed6  __mspabi_sral                                   
0000aee6  __mspabi_slll                                   
0000aef6  nwk_getQ                                        
0000af06  __mspabi_func_epilog_7                          
0000af08  __mspabi_func_epilog_6                          
0000af0a  __mspabi_func_epilog_5                          
0000af0c  __mspabi_func_epilog_4                          
0000af0e  __mspabi_func_epilog_3                          
0000af10  __mspabi_func_epilog_2                          
0000af12  __mspabi_func_epilog_1                          
0000af16  MRFI_Receive                                    
0000af24  mrfiSpiWriteTxFifo                              
0000af32  nwk_getNumObjectFromMsg                         
0000af40  nwk_setJoinContext                              
0000af4e  MRFI_PostKillSem                                
0000af66  mrfiSpiReadRxFifo                               
0000af7e  BSP_InitButtons                                 
0000af88  BSP_InitDrivers                                 
0000af92  _Z11Disable_Intv                                
0000af9c  _system_pre_init                                
0000afb0  nwk_pingInit                                    
0000afba  SMPL_Send                                       
0000afc2  __TI_ISR_TRAP                                   
0000afca  nwk_resetSFMarker                               
0000afd2  MRFI_GetRadioState                              
0000afd8  _Z11Restore_Intt                                
0000afde  C$$EXIT                                         
0000afde  abort                                           
0000afe4  nwk_freeConnection                              
0000afea  nwk_getBCastAddress                             
0000aff0  nwk_getFWVersion                                
0000aff6  nwk_getMyRxType                                 
0000affc  nwk_getProtocolVersion                          
0000b002  nwk_getSFInfoPtr                                
0000b008  nwk_join                                        
0000b00c  nwk_processFreq                                 
0000b010  nwk_processSecurity                             
0000b014  _system_post_cinit                              
0000b016  nwk_freqInit                                    
0000b018  nwk_securityInit                                
0000b068  mrfiBroadcastAddr                               
0000b078  __TI_INITARRAY_Base                             
0000b07c  __TI_INITARRAY_Limit                            
0000b090  __TI_Handler_Table_Base                         
0000b096  __TI_Handler_Table_Limit                        
0000b09a  __TI_CINIT_Base                                 
0000b0a2  __TI_CINIT_Limit                                
0000ffe4  __TI_int02                                      
0000ffe6  __TI_int03                                      
0000ffea  __TI_int05                                      
0000ffec  __TI_int06                                      
0000ffee  __TI_int07                                      
0000fff0  __TI_int08                                      
0000fff2  __TI_int09                                      
0000fff4  __TI_int10                                      
0000fff8  __TI_int12                                      
0000fffa  __TI_int13                                      
0000fffc  __TI_int14                                      
0000fffe  _reset_vector                                   
ffffffff  __TI_pprof_out_hndl                             
ffffffff  __TI_prof_data_size                             
ffffffff  __TI_prof_data_start                            
ffffffff  __c_args__                                      
UNDEFED   __TI_BINIT_Base                                 
UNDEFED   __TI_BINIT_Limit                                

[378 symbols]
