******************************************************************************
                  MSP430 Linker Unix v16.9.0                   
******************************************************************************
>> Linked Thu Jan 26 11:05:36 2017

OUTPUT FILE NAME:   <cubebots.out>
ENTRY POINT SYMBOL: "_c_int00_noargs_noexit"  address: 0000d2c2


MEMORY CONFIGURATION

         name            origin    length      used     unused   attr    fill
----------------------  --------  ---------  --------  --------  ----  --------
  SFR                   00000000   00000010  00000000  00000010  RWIX
  PERIPHERALS_8BIT      00000010   000000f0  00000000  000000f0  RWIX
  PERIPHERALS_16BIT     00000100   00000100  00000000  00000100  RWIX
  RAM                   00000200   00000400  00000286  0000017a  RWIX
  INFOD                 00001000   00000040  00000000  00000040  RWIX
  INFOC                 00001040   00000040  00000000  00000040  RWIX
  INFOB                 00001080   00000040  00000000  00000040  RWIX
  INFOA                 000010c0   00000040  00000000  00000040  RWIX
  FLASH                 00008000   00007fde  00005725  000028b9  RWIX
  BSLSIGNATURE          0000ffde   00000002  00000002  00000000  RWIX  ffff 
  INT00                 0000ffe0   00000002  00000000  00000002  RWIX
  INT01                 0000ffe2   00000002  00000000  00000002  RWIX
  INT02                 0000ffe4   00000002  00000002  00000000  RWIX
  INT03                 0000ffe6   00000002  00000002  00000000  RWIX
  INT04                 0000ffe8   00000002  00000000  00000002  RWIX
  INT05                 0000ffea   00000002  00000002  00000000  RWIX
  INT06                 0000ffec   00000002  00000002  00000000  RWIX
  INT07                 0000ffee   00000002  00000002  00000000  RWIX
  INT08                 0000fff0   00000002  00000002  00000000  RWIX
  INT09                 0000fff2   00000002  00000002  00000000  RWIX
  INT10                 0000fff4   00000002  00000002  00000000  RWIX
  INT11                 0000fff6   00000002  00000000  00000002  RWIX
  INT12                 0000fff8   00000002  00000002  00000000  RWIX
  INT13                 0000fffa   00000002  00000002  00000000  RWIX
  INT14                 0000fffc   00000002  00000002  00000000  RWIX
  RESET                 0000fffe   00000002  00000002  00000000  RWIX


SECTION ALLOCATION MAP

 output                                  attributes/
section   page    origin      length       input sections
--------  ----  ----------  ----------   ----------------
.bss       0    00000200    000001b8     UNINITIALIZED
                  00000200    00000060     nwk_QMgmt.obj (.bss:sInFrameQ)
                  00000260    00000060     nwk_QMgmt.obj (.bss:sOutFrameQ)
                  000002c0    0000003c     (.common:RX_ser_buf)
                  000002fc    0000003c     (.common:TX_ser_buf)
                  00000338    0000002e     mrfi.obj (.bss:mrfiIncomingPacket)
                  00000366    00000020     (.common:RadioMSG)
                  00000386    00000012     UART_HANDLER.obj (.bss:UART_RX_BUFFER)
                  00000398    00000012     UART_HANDLER.obj (.bss:UART_TX_BUFFER)
                  000003aa    00000004     nwk_globals.obj (.bss:sAPAddress)
                  000003ae    00000004     nwk_globals.obj (.bss:sMyRAMAddress)
                  000003b2    00000003     main_manyEDs.obj (.bss)
                  000003b5    00000001     --HOLE--
                  000003b6    00000002     nwk_link.obj (.bss:sServiceLinkID)

.data      0    000003b8    0000007e     UNINITIALIZED
                  000003b8    00000028     main_manyEDs.obj (.data)
                  000003e0    00000026     nwk.obj (.data:sPersistInfo)
                  00000406    00000009     mrfi.obj (.data)
                  0000040f    00000001     bsp.obj (.data)
                  00000410    00000008     nwk_frame.obj (.data)
                  00000418    00000007     nwk_join.obj (.data)
                  0000041f    00000001     nwk_api.obj (.data)
                  00000420    00000007     nwk_link.obj (.data)
                  00000427    00000004     main_manyEDs.obj (.data:lAddr)
                  0000042b    00000001     nwk_globals.obj (.data)
                  0000042c    00000004     mrfi.obj (.data:mrfiRxFilterAddr)
                  00000430    00000003     nwk_mgmt.obj (.data)
                  00000433    00000001     nwk_ping.obj (.data)
                  00000434    00000002     rts430_eabi.lib : errno.obj (.data)

.stack     0    000005b0    00000050     UNINITIALIZED
                  000005b0    00000002     rts430_eabi.lib : boot.obj (.stack)
                  000005b2    0000004e     --HOLE--

.text      0    00008000    00005540     
                  00008000    00000d8e     rts430_eabi.lib : k_rem_pio2.obj (.text:__kernel_rem_pio2)
                  00008d8e    00000d2c                     : s_sinf.obj (.text:sinf)
                  00009aba    000002e8                     : addd.obj (.text:__mspabi_addd)
                  00009da2    00000286                     : frcmpyd.obj (.text:__TI_frcmpyd)
                  0000a028    0000026e                     : mpyd.obj (.text:__mspabi_mpyd)
                  0000a296    00000260                     : frcaddd.obj (.text:__TI_frcaddd)
                  0000a4f6    000001d0                     : s_floor.obj (.text:floor)
                  0000a6c6    000001c6     mrfi.obj (.text:MRFI_Init)
                  0000a88c    000001a4     rts430_eabi.lib : s_scalbn.obj (.text:scalbn)
                  0000aa30    00000198     nwk_link.obj (.text:smpl_send_link_reply)
                  0000abc8    0000015c     main_manyEDs.obj (.text:TIMERA0_ISR)
                  0000ad24    00000158     nwk_link.obj (.text:nwk_link)
                  0000ae7c    00000152     main_manyEDs.obj (.text:processMessage)
                  0000afce    00000132     rts430_eabi.lib : fs_add.obj (.text)
                  0000b100    0000012e     nwk_QMgmt.obj (.text:nwk_QfindOldest)
                  0000b22e    00000102     mrfi.obj (.text:MRFI_Transmit)
                  0000b330    00000102     main_manyEDs.obj (.text:main)
                  0000b432    000000f2     nwk_join.obj (.text:nwk_join)
                  0000b524    000000dc     rts430_eabi.lib : cmpd.obj (.text:__mspabi_cmpd)
                  0000b600    000000da     mrfi.obj (.text:Mrfi_SyncPinRxIsr)
                  0000b6da    000000d8     nwk.obj (.text:nwk_allocateLocalRxPort)
                  0000b7b2    000000d2     UART_HANDLER.obj (.text:__sti___16_UART_HANDLER_cpp_3daaade3)
                  0000b884    000000c4     rts430_eabi.lib : fs_mpy.obj (.text)
                  0000b948    000000be                     : renormd.obj (.text:__TI_renormd)
                  0000ba06    000000b2     nwk_frame.obj (.text:dispatchFrame)
                  0000bab8    000000b2     nwk_frame.obj (.text:nwk_retrieveFrame)
                  0000bb6a    000000b0     nwk_api.obj (.text:SMPL_Ioctl)
                  0000bc1a    000000ac     rts430_eabi.lib : fltlid.obj (.text:__mspabi_fltlid)
                  0000bcc6    0000009e     nwk_frame.obj (.text:nwk_buildFrame)
                  0000bd64    0000009c     rts430_eabi.lib : fs_div.obj (.text)
                  0000be00    0000008c                     : cvtdf.obj (.text:__mspabi_cvtdf)
                  0000be8c    00000086     nwk.obj (.text:nwk_nwkInit)
                  0000bf12    00000086     mrfi.obj (.text:spiBurstFifoAccess)
                  0000bf98    00000082     nwk_QMgmt.obj (.text:nwk_QfindSlot)
                  0000c01a    0000007e     nwk_api.obj (.text:SMPL_SendOpt)
                  0000c098    0000007c     rts430_eabi.lib : copy_decompress_lzss.obj (.text:decompress:lzss:__TI_decompress_lzss)
                  0000c114    00000078     nwk_ioctl.obj (.text:nwk_radioControl)
                  0000c18c    00000072     rts430_eabi.lib : cvtfd.obj (.text:__mspabi_cvtfd)
                  0000c1fe    00000072                     : fixdli.obj (.text:__mspabi_fixdli)
                  0000c270    0000006e                     : autoinit.obj (.text:_auto_init)
                  0000c2de    00000068     nwk.obj (.text:nwk_isConnectionValid)
                  0000c346    00000068     rts430_eabi.lib : fs_toi.obj (.text)
                  0000c3ae    0000005c                     : lsr32.obj (.text:l_lsr_const)
                  0000c40a    0000005a                     : cpy_tbl.obj (.text:copy_in)
                  0000c464    00000058                     : div32u.obj (.text)
                  0000c4bc    00000054     mrfi.obj (.text:MRFI_WakeUp)
                  0000c510    00000054     nwk_ioctl.obj (.text:nwk_rawSend)
                  0000c564    00000050     nwk.obj (.text:nwk_getNextConnection)
                  0000c5b4    0000004c     nwk_api.obj (.text:SMPL_Receive)
                  0000c600    0000004c     rts430_eabi.lib : lsr16.obj (.text)
                  0000c64c    0000004a     mrfi.obj (.text:mrfiSpiCmdStrobe)
                  0000c696    0000004a     rts430_eabi.lib : fs_cmp.obj (.text)
                  0000c6e0    00000048     main_manyEDs.obj (.text:linkTo)
                  0000c728    00000046     mrfi.obj (.text:MRFI_RxAddrIsFiltered)
                  0000c76e    00000046     nwk.obj (.text:nwk_isLinkDuplicate)
                  0000c7b4    00000046     nwk_ping.obj (.text:smpl_send_ping_reply)
                  0000c7fa    00000044     mrfi.obj (.text:MRFI_Rssi)
                  0000c83e    00000044     mrfi.obj (.text:spiRegAccess)
                  0000c882    00000040     mrfi.obj (.text:MRFI_ReplyDelay)
                  0000c8c2    0000003e     nwk.obj (.text:initializeConnection)
                  0000c900    0000003e     rts430_eabi.lib : asr32.obj (.text:l_asr_const)
                  0000c93e    0000003e                     : lsl32.obj (.text:l_lsl_const)
                  0000c97c    0000003c     nwk.obj (.text:nwk_putNumObjectIntoMsg)
                  0000c9b8    0000003a     UART_HANDLER.obj (.text:_Z13USCIAB0TX_ISRv)
                  0000c9f2    0000003a     nwk.obj (.text:nwk_isValidReply)
                  0000ca2c    0000003a     nwk_mgmt.obj (.text:nwk_processMgmt)
                  0000ca66    00000036     rts430_eabi.lib : fs_itof.obj (.text)
                  0000ca9c    00000034     mrfi.obj (.text:MRFI_SetRFPwr)
                  0000cad0    00000034     mrfi.obj (.text:MRFI_SetRxAddrFilter)
                  0000cb04    00000034     nwk_api.obj (.text:SMPL_Init)
                  0000cb38    00000034     mrfi.obj (.text:mrfiSpiInit)
                  0000cb6c    00000034     nwk_QMgmt.obj (.text:nwk_QadjustOrder)
                  0000cba0    00000034     nwk_ioctl.obj (.text:nwk_deviceAddress)
                  0000cbd4    00000032     mrfi.obj (.text:MRFI_SetLogicalChannel)
                  0000cc06    00000032     mrfi.obj (.text:Mrfi_DelayUsecSem)
                  0000cc38    00000032     nwk.obj (.text:nwk_getConnInfo)
                  0000cc6a    00000032     nwk_link.obj (.text:nwk_linkInit)
                  0000cc9c    00000030     nwk.obj (.text:map_lid2idx)
                  0000cccc    00000030     nwk_ioctl.obj (.text:nwk_rawReceive)
                  0000ccfc    00000030     nwk_frame.obj (.text:nwk_sendFrame)
                  0000cd2c    0000002e     mrfi.obj (.text:Mrfi_CalculateRssi)
                  0000cd5a    0000002e     UART_HANDLER.obj (.text:_Z13USCIAB0RX_ISRv)
                  0000cd88    0000002e     rts430_eabi.lib : subd.obj (.text:__mspabi_subd)
                  0000cdb6    0000002e                     : s_copysign.obj (.text:copysign)
                  0000cde4    0000002c     mrfi.obj (.text:Mrfi_DelayUsec)
                  0000ce10    0000002c     mrfi.obj (.text:Mrfi_RxModeOff)
                  0000ce3c    0000002c     rts430_eabi.lib : asr16.obj (.text)
                  0000ce68    0000002c                     : div16s.obj (.text)
                  0000ce94    0000002c                     : lsl16.obj (.text)
                  0000cec0    0000002a                     : negd.obj (.text:__mspabi_negd)
                  0000ceea    0000002a     nwk.obj (.text:nwk_checkConnInfo)
                  0000cf14    00000028     main_manyEDs.obj (.text:InitTimer)
                  0000cf3c    00000028     nwk_ping.obj (.text:nwk_processPing)
                  0000cf64    00000026     mrfi.obj (.text:MRFI_Sleep)
                  0000cf8a    00000026     mrfi.obj (.text:Mrfi_RandomBackoffDelay)
                  0000cfb0    00000026     nwk_ioctl.obj (.text:nwk_connectionControl)
                  0000cfd6    00000026     nwk_globals.obj (.text:nwk_globalsInit)
                  0000cffc    00000026     nwk_join.obj (.text:nwk_joinInit)
                  0000d022    00000026     nwk_link.obj (.text:nwk_processLink)
                  0000d048    00000026     rts430_eabi.lib : mult32.obj (.text)
                  0000d06e    00000024                     : fs_utof.obj (.text)
                  0000d092    00000022     mrfi.obj (.text:MRFI_EnableRxAddrFilter)
                  0000d0b4    00000022     mrfi.obj (.text:MRFI_RxOn)
                  0000d0d6    00000022     rts430_eabi.lib : memcmp.obj (.text:memcmp)
                  0000d0f8    00000020     bsp.obj (.text:BSP_Init)
                  0000d118    00000020     bsp.obj (.text:BSP_InitBoard)
                  0000d138    00000020     nwk_frame.obj (.text:MRFI_RxCompleteISR)
                  0000d158    00000020     mrfi.obj (.text:MRFI_RxIdle)
                  0000d178    00000020     nwk_link.obj (.text:handleLinkRequest)
                  0000d198    00000020     rts430_eabi.lib : memmov.obj (.text:memmove)
                  0000d1b8    00000020     nwk_frame.obj (.text:nwk_frameInit)
                  0000d1d8    00000020     nwk_join.obj (.text:nwk_processJoin)
                  0000d1f8    0000001e     bsp.obj (.text:BSP_Delay)
                  0000d216    0000001e     mrfi.obj (.text:mrfiSpiReadReg)
                  0000d234    0000001e     nwk_QMgmt.obj (.text:nwk_QInit)
                  0000d252    0000001e     main_manyEDs.obj (.text:sCB)
                  0000d270    0000001c     mrfi.obj (.text:MRFI_GpioIsr)
                  0000d28c    0000001c     nwk_globals.obj (.text:nwk_setMyAddress)
                  0000d2a8    0000001a     mrfi.obj (.text:BSP_GpioPort1Isr)
                  0000d2c2    0000001a     rts430_eabi.lib : boot_special.obj (.text:_c_int00_noargs_noexit)
                  0000d2dc    0000001a     mrfi.obj (.text:mrfiSpiWriteReg)
                  0000d2f6    00000018     mrfi.obj (.text:MRFI_DelayMs)
                  0000d30e    00000016     mrfi.obj (.text:MRFI_RandomByte)
                  0000d324    00000016     mrfi.obj (.text:Mrfi_RxModeOn)
                  0000d33a    00000016     rts430_eabi.lib : div16u.obj (.text)
                  0000d350    00000014                     : copy_zero_init.obj (.text:decompress:ZI:__TI_zero_init)
                  0000d364    00000014     nwk_api.obj (.text:ioctlPreInitAccessIsOK)
                  0000d378    00000014     rts430_eabi.lib : memset.obj (.text:memset)
                  0000d38c    00000014                     : mult16.obj (.text)
                  0000d3a0    00000014     main_manyEDs.obj (.text:toggleLED)
                  0000d3b4    00000012     bsp.obj (.text:BSP_InitLeds)
                  0000d3c6    00000012     rts430_eabi.lib : copy_decompress_none.obj (.text:decompress:none:__TI_decompress_none)
                  0000d3d8    00000012                     : lsr32.obj (.text:l_lsr)
                  0000d3ea    00000012                     : memcpy.obj (.text:memcpy)
                  0000d3fc    00000012     nwk_globals.obj (.text:nwk_getMyAddress)
                  0000d40e    00000012     nwk_link.obj (.text:nwk_setLinkToken)
                  0000d420    00000010     rts430_eabi.lib : asr32.obj (.text:l_asr)
                  0000d430    00000010                     : lsl32.obj (.text:l_lsl)
                  0000d440    00000010                     : epilog.obj (.text)
                  0000d450    0000000e     mrfi.obj (.text:MRFI_Receive)
                  0000d45e    0000000e     mrfi.obj (.text:mrfiSpiWriteTxFifo)
                  0000d46c    0000000e     nwk.obj (.text:nwk_getNumObjectFromMsg)
                  0000d47a    0000000e     nwk_globals.obj (.text:nwk_setAPAddress)
                  0000d488    0000000c     mrfi.obj (.text:MRFI_PostKillSem)
                  0000d494    0000000c     nwk_ping.obj (.text:handlePingRequest)
                  0000d4a0    0000000c     mrfi.obj (.text:mrfiSpiReadRxFifo)
                  0000d4ac    0000000a     bsp.obj (.text:BSP_InitButtons)
                  0000d4b6    0000000a     bsp.obj (.text:BSP_InitDrivers)
                  0000d4c0    0000000a     utils.obj (.text:_Z11Disable_Intv)
                  0000d4ca    0000000a     bsp.obj (.text:_system_pre_init)
                  0000d4d4    0000000a     nwk_mgmt.obj (.text:nwk_mgmtInit)
                  0000d4de    0000000a     nwk_ping.obj (.text:nwk_pingInit)
                  0000d4e8    0000000a     rts430_eabi.lib : fs_neg.obj (.text)
                  0000d4f2    00000008     nwk_api.obj (.text:SMPL_Send)
                  0000d4fa    00000008     rts430_eabi.lib : isr_trap.obj (.text:_isr:__TI_ISR_TRAP)
                  0000d502    00000006     mrfi.obj (.text:MRFI_GetRadioState)
                  0000d508    00000006     utils.obj (.text:_Z11Restore_Intt)
                  0000d50e    00000006     rts430_eabi.lib : exit.obj (.text:abort)
                  0000d514    00000006     nwk.obj (.text:nwk_freeConnection)
                  0000d51a    00000006     nwk_globals.obj (.text:nwk_getBCastAddress)
                  0000d520    00000006     nwk_globals.obj (.text:nwk_getFWVersion)
                  0000d526    00000006     nwk_frame.obj (.text:nwk_getMyRxType)
                  0000d52c    00000006     nwk_globals.obj (.text:nwk_getProtocolVersion)
                  0000d532    00000004     nwk_freq.obj (.text:nwk_processFreq)
                  0000d536    00000004     nwk_security.obj (.text:nwk_processSecurity)
                  0000d53a    00000002     rts430_eabi.lib : startup.obj (.text:_system_post_cinit)
                  0000d53c    00000002     nwk_freq.obj (.text:nwk_freqInit)
                  0000d53e    00000002     nwk_security.obj (.text:nwk_securityInit)

.const     0    0000d540    000001ad     
                  0000d540    00000108     rts430_eabi.lib : k_rem_pio2.obj (.const:ipio2)
                  0000d648    00000040                     : k_rem_pio2.obj (.const:PIo2)
                  0000d688    0000003c     mrfi.obj (.const:mrfiRadioCfg)
                  0000d6c4    0000000c     nwk_frame.obj (.const:func)
                  0000d6d0    00000008     rts430_eabi.lib : k_rem_pio2.obj (.const:init_jk)
                  0000d6d8    00000005     nwk_globals.obj (.const:sVersionInfo)
                  0000d6dd    00000001     --HOLE-- [fill = 0]
                  0000d6de    00000004     mrfi.obj (.const:.string:mrfiBroadcastAddr)
                  0000d6e2    00000004     mrfi.obj (.const:.string:mrfiLogicalChanTable)
                  0000d6e6    00000004     nwk_globals.obj (.const:sMyROMAddress)
                  0000d6ea    00000003     mrfi.obj (.const:.string:mrfiRFPowerTable)

.cinit     0    0000d6f0    00000036     
                  0000d6f0    00000023     (.cinit..data.load) [load image, compression = lzss]
                  0000d713    00000001     --HOLE-- [fill = 0]
                  0000d714    00000006     (__TI_handler_table)
                  0000d71a    00000004     (.cinit..bss.load) [load image, compression = zero_init]
                  0000d71e    00000008     (__TI_cinit_table)

.binit     0    00008000    00000000     

.init_array 
*          0    0000d6ee    00000002     
                  0000d6ee    00000002     UART_HANDLER.obj (.init_array)

PORT1      0    0000ffe4    00000002     
                  0000ffe4    00000002     rts430_eabi.lib : int02.obj (.int02)

PORT2      0    0000ffe6    00000002     
                  0000ffe6    00000002     mrfi.obj (.int03)

ADC10      0    0000ffea    00000002     
                  0000ffea    00000002     rts430_eabi.lib : int05.obj (.int05)

USCIAB0TX 
*          0    0000ffec    00000002     
                  0000ffec    00000002     UART_HANDLER.obj (.int06)

USCIAB0RX 
*          0    0000ffee    00000002     
                  0000ffee    00000002     UART_HANDLER.obj (.int07)

TIMERA1    0    0000fff0    00000002     
                  0000fff0    00000002     rts430_eabi.lib : int08.obj (.int08)

TIMERA0    0    0000fff2    00000002     
                  0000fff2    00000002     main_manyEDs.obj (.int09)

WDT        0    0000fff4    00000002     
                  0000fff4    00000002     rts430_eabi.lib : int10.obj (.int10)

TIMERB1    0    0000fff8    00000002     
                  0000fff8    00000002     rts430_eabi.lib : int12.obj (.int12)

TIMERB0    0    0000fffa    00000002     
                  0000fffa    00000002     rts430_eabi.lib : int13.obj (.int13)

NMI        0    0000fffc    00000002     
                  0000fffc    00000002     rts430_eabi.lib : int14.obj (.int14)

.reset     0    0000fffe    00000002     
                  0000fffe    00000002     rts430_eabi.lib : boot.obj (.reset)

$fill000   0    0000ffde    00000002     
                  0000ffde    00000002     --HOLE-- [fill = ffff]

MODULE SUMMARY

       Module                     code    ro data   rw data
       ------                     ----    -------   -------
    ./Applications/application/End Device/
       main_manyEDs.obj           1106    2         79     
    +--+--------------------------+-------+---------+---------+
       Total:                     1106    2         79     
                                                           
    ./Components/bsp/
       bsp.obj                    142     0         1      
    +--+--------------------------+-------+---------+---------+
       Total:                     142     0         1      
                                                           
    ./Components/mrfi/
       mrfi.obj                   2294    73        59     
    +--+--------------------------+-------+---------+---------+
       Total:                     2294    73        59     
                                                           
    ./Components/simpliciti/nwk/
       nwk.obj                    944     0         38     
       nwk_QMgmt.obj              514     0         192    
       nwk_frame.obj              632     12        8      
       nwk_api.obj                458     0         1      
       nwk_globals.obj            116     9         9      
    +--+--------------------------+-------+---------+---------+
       Total:                     2664    21        248    
                                                           
    ./Components/simpliciti/nwk_applications/
       nwk_link.obj               890     0         9      
       nwk_ioctl.obj              342     0         0      
       nwk_join.obj               312     0         7      
       nwk_ping.obj               132     0         1      
       nwk_mgmt.obj               68      0         3      
       nwk_freq.obj               6       0         0      
       nwk_security.obj           6       0         0      
    +--+--------------------------+-------+---------+---------+
       Total:                     1756    0         20     
                                                           
    ./utils/
       UART_HANDLER.obj           314     6         156    
       utils.obj                  16      0         0      
    +--+--------------------------+-------+---------+---------+
       Total:                     330     6         156    
                                                           
    /Applications/ti/ccsv7/tools/compiler/ti-cgt-msp430_16.9.0.LTS/lib/rts430_eabi.lib
       k_rem_pio2.obj             3470    336       0      
       s_sinf.obj                 3372    0         0      
       addd.obj                   744     0         0      
       frcmpyd.obj                646     0         0      
       mpyd.obj                   622     0         0      
       frcaddd.obj                608     0         0      
       s_floor.obj                464     0         0      
       s_scalbn.obj               420     0         0      
       fs_add.obj                 306     0         0      
       cmpd.obj                   220     0         0      
       fs_mpy.obj                 196     0         0      
       renormd.obj                190     0         0      
       fltlid.obj                 172     0         0      
       fs_div.obj                 156     0         0      
       cvtdf.obj                  140     0         0      
       copy_decompress_lzss.obj   124     0         0      
       cvtfd.obj                  114     0         0      
       fixdli.obj                 114     0         0      
       autoinit.obj               110     0         0      
       lsr32.obj                  110     0         0      
       fs_toi.obj                 104     0         0      
       cpy_tbl.obj                90      0         0      
       div32u.obj                 88      0         0      
       asr32.obj                  78      0         0      
       lsl32.obj                  78      0         0      
       lsr16.obj                  76      0         0      
       fs_cmp.obj                 74      0         0      
       fs_itof.obj                54      0         0      
       s_copysign.obj             46      0         0      
       subd.obj                   46      0         0      
       asr16.obj                  44      0         0      
       div16s.obj                 44      0         0      
       lsl16.obj                  44      0         0      
       negd.obj                   42      0         0      
       mult32.obj                 38      0         0      
       fs_utof.obj                36      0         0      
       memcmp.obj                 34      0         0      
       memmov.obj                 32      0         0      
       boot_special.obj           26      0         0      
       div16u.obj                 22      0         0      
       copy_zero_init.obj         20      0         0      
       memset.obj                 20      0         0      
       mult16.obj                 20      0         0      
       copy_decompress_none.obj   18      0         0      
       memcpy.obj                 18      0         0      
       epilog.obj                 16      0         0      
       fs_neg.obj                 10      0         0      
       isr_trap.obj               8       0         0      
       exit.obj                   6       0         0      
       boot.obj                   0       2         0      
       errno.obj                  0       0         2      
       int02.obj                  0       2         0      
       int05.obj                  0       2         0      
       int08.obj                  0       2         0      
       int10.obj                  0       2         0      
       int12.obj                  0       2         0      
       int13.obj                  0       2         0      
       int14.obj                  0       2         0      
       startup.obj                2       0         0      
    +--+--------------------------+-------+---------+---------+
       Total:                     13532   352       2      
                                                           
       Stack:                     0       0         80     
       Linker Generated:          0       53        0      
    +--+--------------------------+-------+---------+---------+
       Grand Total:               21824   507       645    


LINKER GENERATED COPY TABLES

__TI_cinit_table @ 0000d71e records: 2, size/record: 4, table size: 8
	.data: load addr=0000d6f0, load size=00000023 bytes, run addr=000003b8, run size=0000007e bytes, compression=lzss
	.bss: load addr=0000d71a, load size=00000004 bytes, run addr=00000200, run size=000001b8 bytes, compression=zero_init


LINKER GENERATED HANDLER TABLE

__TI_handler_table @ 0000d714 records: 3, size/record: 2, table size: 6
	index: 0, handler: __TI_zero_init
	index: 1, handler: __TI_decompress_lzss
	index: 2, handler: __TI_decompress_none


GLOBAL SYMBOLS: SORTED ALPHABETICALLY BY Name 

address   name                                
-------   ----                                
0000004a  ADC10AE0                            
0000004b  ADC10AE1                            
000001b0  ADC10CTL0                           
000001b2  ADC10CTL1                           
00000048  ADC10DTC0                           
00000049  ADC10DTC1                           
000001b4  ADC10MEM                            
000001bc  ADC10SA                             
00000057  BCSCTL1                             
00000058  BCSCTL2                             
00000053  BCSCTL3                             
0000d1f8  BSP_Delay                           
0000d2a8  BSP_GpioPort1Isr                    
0000d0f8  BSP_Init                            
0000d118  BSP_InitBoard                       
0000d4ac  BSP_InitButtons                     
0000d4b6  BSP_InitDrivers                     
0000d3b4  BSP_InitLeds                        
0000d50e  C$$EXIT                             
000010fb  CALBC1_12MHZ                        
000010f9  CALBC1_16MHZ                        
000010ff  CALBC1_1MHZ                         
000010fd  CALBC1_8MHZ                         
000010fa  CALDCO_12MHZ                        
000010f8  CALDCO_16MHZ                        
000010fe  CALDCO_1MHZ                         
000010fc  CALDCO_8MHZ                         
00000056  DCOCTL                              
00000128  FCTL1                               
0000012a  FCTL2                               
0000012c  FCTL3                               
00000000  IE1                                 
00000001  IE2                                 
00000002  IFG1                                
00000003  IFG2                                
0000cf14  InitTimer                           
0000d2f6  MRFI_DelayMs                        
0000d092  MRFI_EnableRxAddrFilter             
0000d502  MRFI_GetRadioState                  
0000d270  MRFI_GpioIsr                        
0000a6c6  MRFI_Init                           
0000d488  MRFI_PostKillSem                    
0000d30e  MRFI_RandomByte                     
0000d450  MRFI_Receive                        
0000c882  MRFI_ReplyDelay                     
0000c7fa  MRFI_Rssi                           
0000c728  MRFI_RxAddrIsFiltered               
0000d138  MRFI_RxCompleteISR                  
0000d158  MRFI_RxIdle                         
0000d0b4  MRFI_RxOn                           
0000cbd4  MRFI_SetLogicalChannel              
0000ca9c  MRFI_SetRFPwr                       
0000cad0  MRFI_SetRxAddrFilter                
0000cf64  MRFI_Sleep                          
0000b22e  MRFI_Transmit                       
0000c4bc  MRFI_WakeUp                         
000000c0  OA0CTL0                             
000000c1  OA0CTL1                             
000000c2  OA1CTL0                             
000000c3  OA1CTL1                             
00000022  P1DIR                               
00000025  P1IE                                
00000024  P1IES                               
00000023  P1IFG                               
00000020  P1IN                                
00000021  P1OUT                               
00000027  P1REN                               
00000026  P1SEL                               
0000002a  P2DIR                               
0000002d  P2IE                                
0000002c  P2IES                               
0000002b  P2IFG                               
00000028  P2IN                                
00000029  P2OUT                               
0000002f  P2REN                               
0000002e  P2SEL                               
0000001a  P3DIR                               
00000018  P3IN                                
00000019  P3OUT                               
00000010  P3REN                               
0000001b  P3SEL                               
0000001e  P4DIR                               
0000001c  P4IN                                
0000001d  P4OUT                               
00000011  P4REN                               
0000001f  P4SEL                               
000002c0  RX_ser_buf                          
00000366  RadioMSG                            
0000cb04  SMPL_Init                           
0000bb6a  SMPL_Ioctl                          
0000ad24  SMPL_Link                           
0000c5b4  SMPL_Receive                        
0000d4f2  SMPL_Send                           
0000c01a  SMPL_SendOpt                        
00000172  TACCR0                              
00000174  TACCR1                              
00000176  TACCR2                              
00000162  TACCTL0                             
00000164  TACCTL1                             
00000166  TACCTL2                             
00000160  TACTL                               
0000012e  TAIV                                
00000170  TAR                                 
00000192  TBCCR0                              
00000194  TBCCR1                              
00000196  TBCCR2                              
00000182  TBCCTL0                             
00000184  TBCCTL1                             
00000186  TBCCTL2                             
00000180  TBCTL                               
0000011e  TBIV                                
00000190  TBR                                 
0000abc8  TIMERA0_ISR                         
000002fc  TX_ser_buf                          
00000386  UART_RX_BUFFER                      
00000398  UART_TX_BUFFER                      
0000005d  UCA0ABCTL                           
00000062  UCA0BR0                             
00000063  UCA0BR1                             
00000060  UCA0CTL0                            
00000061  UCA0CTL1                            
0000005f  UCA0IRRCTL                          
0000005e  UCA0IRTCTL                          
00000064  UCA0MCTL                            
00000066  UCA0RXBUF                           
00000065  UCA0STAT                            
00000067  UCA0TXBUF                           
0000006a  UCB0BR0                             
0000006b  UCB0BR1                             
00000068  UCB0CTL0                            
00000069  UCB0CTL1                            
0000006c  UCB0I2CIE                           
00000118  UCB0I2COA                           
0000011a  UCB0I2CSA                           
0000006e  UCB0RXBUF                           
0000006d  UCB0STAT                            
0000006f  UCB0TXBUF                           
00000120  WDTCTL                              
0000d4c0  _Z11Disable_Intv                    
0000d508  _Z11Restore_Intt                    
0000cd5a  _Z13USCIAB0RX_ISRv                  
0000c9b8  _Z13USCIAB0TX_ISRv                  
00000600  __STACK_END                         
00000050  __STACK_SIZE                        
UNDEFED   __TI_BINIT_Base                     
UNDEFED   __TI_BINIT_Limit                    
0000d71e  __TI_CINIT_Base                     
0000d726  __TI_CINIT_Limit                    
0000d714  __TI_Handler_Table_Base             
0000d71a  __TI_Handler_Table_Limit            
0000d6ee  __TI_INITARRAY_Base                 
0000d6f0  __TI_INITARRAY_Limit                
0000d4fa  __TI_ISR_TRAP                       
0000c098  __TI_decompress_lzss                
0000d3c6  __TI_decompress_none                
0000a296  __TI_frcaddd                        
00009da2  __TI_frcmpyd                        
0000ffe4  __TI_int02                          
0000ffe6  __TI_int03                          
0000ffea  __TI_int05                          
0000ffec  __TI_int06                          
0000ffee  __TI_int07                          
0000fff0  __TI_int08                          
0000fff2  __TI_int09                          
0000fff4  __TI_int10                          
0000fff8  __TI_int12                          
0000fffa  __TI_int13                          
0000fffc  __TI_int14                          
ffffffff  __TI_pprof_out_hndl                 
ffffffff  __TI_prof_data_size                 
ffffffff  __TI_prof_data_start                
0000b948  __TI_renormd                        
0000d350  __TI_zero_init                      
ffffffff  __c_args__                          
00008000  __kernel_rem_pio2                   
00009aba  __mspabi_addd                       
0000afd4  __mspabi_addf                       
0000b524  __mspabi_cmpd                       
0000c696  __mspabi_cmpf                       
0000be00  __mspabi_cvtdf                      
0000c18c  __mspabi_cvtfd                      
0000bd64  __mspabi_divf                       
0000ce68  __mspabi_divi                       
0000d33a  __mspabi_divu                       
0000c464  __mspabi_divul                      
0000c1fe  __mspabi_fixdli                     
0000c346  __mspabi_fixfi                      
0000ca66  __mspabi_fltif                      
0000bc1a  __mspabi_fltlid                     
0000d06e  __mspabi_fltuf                      
0000d44c  __mspabi_func_epilog_1              
0000d44a  __mspabi_func_epilog_2              
0000d448  __mspabi_func_epilog_3              
0000d446  __mspabi_func_epilog_4              
0000d444  __mspabi_func_epilog_5              
0000d442  __mspabi_func_epilog_6              
0000d440  __mspabi_func_epilog_7              
0000a028  __mspabi_mpyd                       
0000b884  __mspabi_mpyf                       
0000d38c  __mspabi_mpyi                       
0000d38c  __mspabi_mpyi_sw                    
0000d048  __mspabi_mpyl                       
0000d048  __mspabi_mpyl_sw                    
0000cec0  __mspabi_negd                       
0000d4e8  __mspabi_negf                       
0000ce68  __mspabi_remi                       
0000d33a  __mspabi_remu                       
0000c464  __mspabi_remul                      
0000ce94  __mspabi_slli                       
0000cebc  __mspabi_slli_1                     
0000ceaa  __mspabi_slli_10                    
0000cea8  __mspabi_slli_11                    
0000cea6  __mspabi_slli_12                    
0000cea4  __mspabi_slli_13                    
0000cea2  __mspabi_slli_14                    
0000cea0  __mspabi_slli_15                    
0000ceba  __mspabi_slli_2                     
0000ceb8  __mspabi_slli_3                     
0000ceb6  __mspabi_slli_4                     
0000ceb4  __mspabi_slli_5                     
0000ceb2  __mspabi_slli_6                     
0000ceb0  __mspabi_slli_7                     
0000ceae  __mspabi_slli_8                     
0000ceac  __mspabi_slli_9                     
0000d430  __mspabi_slll                       
0000c976  __mspabi_slll_1                     
0000c952  __mspabi_slll_10                    
0000c94e  __mspabi_slll_11                    
0000c94a  __mspabi_slll_12                    
0000c946  __mspabi_slll_13                    
0000c942  __mspabi_slll_14                    
0000c93e  __mspabi_slll_15                    
0000c972  __mspabi_slll_2                     
0000c96e  __mspabi_slll_3                     
0000c96a  __mspabi_slll_4                     
0000c966  __mspabi_slll_5                     
0000c962  __mspabi_slll_6                     
0000c95e  __mspabi_slll_7                     
0000c95a  __mspabi_slll_8                     
0000c956  __mspabi_slll_9                     
0000ce3c  __mspabi_srai                       
0000ce64  __mspabi_srai_1                     
0000ce52  __mspabi_srai_10                    
0000ce50  __mspabi_srai_11                    
0000ce4e  __mspabi_srai_12                    
0000ce4c  __mspabi_srai_13                    
0000ce4a  __mspabi_srai_14                    
0000ce48  __mspabi_srai_15                    
0000ce62  __mspabi_srai_2                     
0000ce60  __mspabi_srai_3                     
0000ce5e  __mspabi_srai_4                     
0000ce5c  __mspabi_srai_5                     
0000ce5a  __mspabi_srai_6                     
0000ce58  __mspabi_srai_7                     
0000ce56  __mspabi_srai_8                     
0000ce54  __mspabi_srai_9                     
0000d420  __mspabi_sral                       
0000c938  __mspabi_sral_1                     
0000c914  __mspabi_sral_10                    
0000c910  __mspabi_sral_11                    
0000c90c  __mspabi_sral_12                    
0000c908  __mspabi_sral_13                    
0000c904  __mspabi_sral_14                    
0000c900  __mspabi_sral_15                    
0000c934  __mspabi_sral_2                     
0000c930  __mspabi_sral_3                     
0000c92c  __mspabi_sral_4                     
0000c928  __mspabi_sral_5                     
0000c924  __mspabi_sral_6                     
0000c920  __mspabi_sral_7                     
0000c91c  __mspabi_sral_8                     
0000c918  __mspabi_sral_9                     
0000c600  __mspabi_srli                       
0000c646  __mspabi_srli_1                     
0000c622  __mspabi_srli_10                    
0000c61e  __mspabi_srli_11                    
0000c61a  __mspabi_srli_12                    
0000c616  __mspabi_srli_13                    
0000c612  __mspabi_srli_14                    
0000c60e  __mspabi_srli_15                    
0000c642  __mspabi_srli_2                     
0000c63e  __mspabi_srli_3                     
0000c63a  __mspabi_srli_4                     
0000c636  __mspabi_srli_5                     
0000c632  __mspabi_srli_6                     
0000c62e  __mspabi_srli_7                     
0000c62a  __mspabi_srli_8                     
0000c626  __mspabi_srli_9                     
0000d3d8  __mspabi_srll                       
0000c402  __mspabi_srll_1                     
0000c3cc  __mspabi_srll_10                    
0000c3c6  __mspabi_srll_11                    
0000c3c0  __mspabi_srll_12                    
0000c3ba  __mspabi_srll_13                    
0000c3b4  __mspabi_srll_14                    
0000c3ae  __mspabi_srll_15                    
0000c3fc  __mspabi_srll_2                     
0000c3f6  __mspabi_srll_3                     
0000c3f0  __mspabi_srll_4                     
0000c3ea  __mspabi_srll_5                     
0000c3e4  __mspabi_srll_6                     
0000c3de  __mspabi_srll_7                     
0000c3d8  __mspabi_srll_8                     
0000c3d2  __mspabi_srll_9                     
0000cd88  __mspabi_subd                       
0000afce  __mspabi_subf                       
0000b7b2  __sti___16_UART_HANDLER_cpp_3daaade3
0000c270  _auto_init                          
0000d2c2  _c_int00_noargs_noexit              
0000fffe  _reset_vector                       
000005b0  _stack                              
0000d53a  _system_post_cinit                  
0000d4ca  _system_pre_init                    
0000d50e  abort                               
000003ba  amplitude                           
0000c40a  copy_in                             
0000cdb6  copysign                            
0000cdb6  copysignl                           
000003d8  ctr_pulse_width                     
00000434  errno                               
0000a4f6  floor                               
0000a4f6  floorl                              
000003be  frequency                           
00000427  lAddr                               
0000a88c  ldexp                               
0000a88c  ldexpl                              
0000b330  main                                
0000d0d6  memcmp                              
0000d3ea  memcpy                              
0000d198  memmove                             
0000d378  memset                              
0000d6de  mrfiBroadcastAddr                   
0000c64c  mrfiSpiCmdStrobe                    
0000cb38  mrfiSpiInit                         
0000d216  mrfiSpiReadReg                      
0000d4a0  mrfiSpiReadRxFifo                   
0000d2dc  mrfiSpiWriteReg                     
0000d45e  mrfiSpiWriteTxFifo                  
0000d234  nwk_QInit                           
0000cb6c  nwk_QadjustOrder                    
0000b100  nwk_QfindOldest                     
0000bf98  nwk_QfindSlot                       
0000b6da  nwk_allocateLocalRxPort             
0000bcc6  nwk_buildFrame                      
0000ceea  nwk_checkConnInfo                   
0000cfb0  nwk_connectionControl               
0000cba0  nwk_deviceAddress                   
0000d1b8  nwk_frameInit                       
0000d514  nwk_freeConnection                  
0000d53c  nwk_freqInit                        
0000d51a  nwk_getBCastAddress                 
0000cc38  nwk_getConnInfo                     
0000d520  nwk_getFWVersion                    
0000d3fc  nwk_getMyAddress                    
0000d526  nwk_getMyRxType                     
0000c564  nwk_getNextConnection               
0000d46c  nwk_getNumObjectFromMsg             
0000d52c  nwk_getProtocolVersion              
0000cfd6  nwk_globalsInit                     
0000c2de  nwk_isConnectionValid               
0000c76e  nwk_isLinkDuplicate                 
0000c9f2  nwk_isValidReply                    
0000b432  nwk_join                            
0000cffc  nwk_joinInit                        
0000ad24  nwk_link                            
0000cc6a  nwk_linkInit                        
0000d4d4  nwk_mgmtInit                        
0000be8c  nwk_nwkInit                         
0000d4de  nwk_pingInit                        
0000d532  nwk_processFreq                     
0000d1d8  nwk_processJoin                     
0000d022  nwk_processLink                     
0000ca2c  nwk_processMgmt                     
0000cf3c  nwk_processPing                     
0000d536  nwk_processSecurity                 
0000c97c  nwk_putNumObjectIntoMsg             
0000c114  nwk_radioControl                    
0000cccc  nwk_rawReceive                      
0000c510  nwk_rawSend                         
0000bab8  nwk_retrieveFrame                   
0000d53e  nwk_securityInit                    
0000ccfc  nwk_sendFrame                       
0000d47a  nwk_setAPAddress                    
0000d40e  nwk_setLinkToken                    
0000d28c  nwk_setMyAddress                    
000003d6  period                              
000003c2  phase                               
000003da  rad_pulse_width                     
0000a88c  scalbn                              
0000a88c  scalbnl                             
00008d8e  sinf                                
000003dc  start_time                          
000003c6  synced_time                         
000003d2  time_of_last_msg                    
000003ce  time_since_connect                  
000003ca  time_since_msg                      
0000d3a0  toggleLED                           


GLOBAL SYMBOLS: SORTED BY Symbol Address 

address   name                                
-------   ----                                
00000000  IE1                                 
00000001  IE2                                 
00000002  IFG1                                
00000003  IFG2                                
00000010  P3REN                               
00000011  P4REN                               
00000018  P3IN                                
00000019  P3OUT                               
0000001a  P3DIR                               
0000001b  P3SEL                               
0000001c  P4IN                                
0000001d  P4OUT                               
0000001e  P4DIR                               
0000001f  P4SEL                               
00000020  P1IN                                
00000021  P1OUT                               
00000022  P1DIR                               
00000023  P1IFG                               
00000024  P1IES                               
00000025  P1IE                                
00000026  P1SEL                               
00000027  P1REN                               
00000028  P2IN                                
00000029  P2OUT                               
0000002a  P2DIR                               
0000002b  P2IFG                               
0000002c  P2IES                               
0000002d  P2IE                                
0000002e  P2SEL                               
0000002f  P2REN                               
00000048  ADC10DTC0                           
00000049  ADC10DTC1                           
0000004a  ADC10AE0                            
0000004b  ADC10AE1                            
00000050  __STACK_SIZE                        
00000053  BCSCTL3                             
00000056  DCOCTL                              
00000057  BCSCTL1                             
00000058  BCSCTL2                             
0000005d  UCA0ABCTL                           
0000005e  UCA0IRTCTL                          
0000005f  UCA0IRRCTL                          
00000060  UCA0CTL0                            
00000061  UCA0CTL1                            
00000062  UCA0BR0                             
00000063  UCA0BR1                             
00000064  UCA0MCTL                            
00000065  UCA0STAT                            
00000066  UCA0RXBUF                           
00000067  UCA0TXBUF                           
00000068  UCB0CTL0                            
00000069  UCB0CTL1                            
0000006a  UCB0BR0                             
0000006b  UCB0BR1                             
0000006c  UCB0I2CIE                           
0000006d  UCB0STAT                            
0000006e  UCB0RXBUF                           
0000006f  UCB0TXBUF                           
000000c0  OA0CTL0                             
000000c1  OA0CTL1                             
000000c2  OA1CTL0                             
000000c3  OA1CTL1                             
00000118  UCB0I2COA                           
0000011a  UCB0I2CSA                           
0000011e  TBIV                                
00000120  WDTCTL                              
00000128  FCTL1                               
0000012a  FCTL2                               
0000012c  FCTL3                               
0000012e  TAIV                                
00000160  TACTL                               
00000162  TACCTL0                             
00000164  TACCTL1                             
00000166  TACCTL2                             
00000170  TAR                                 
00000172  TACCR0                              
00000174  TACCR1                              
00000176  TACCR2                              
00000180  TBCTL                               
00000182  TBCCTL0                             
00000184  TBCCTL1                             
00000186  TBCCTL2                             
00000190  TBR                                 
00000192  TBCCR0                              
00000194  TBCCR1                              
00000196  TBCCR2                              
000001b0  ADC10CTL0                           
000001b2  ADC10CTL1                           
000001b4  ADC10MEM                            
000001bc  ADC10SA                             
000002c0  RX_ser_buf                          
000002fc  TX_ser_buf                          
00000366  RadioMSG                            
00000386  UART_RX_BUFFER                      
00000398  UART_TX_BUFFER                      
000003ba  amplitude                           
000003be  frequency                           
000003c2  phase                               
000003c6  synced_time                         
000003ca  time_since_msg                      
000003ce  time_since_connect                  
000003d2  time_of_last_msg                    
000003d6  period                              
000003d8  ctr_pulse_width                     
000003da  rad_pulse_width                     
000003dc  start_time                          
00000427  lAddr                               
00000434  errno                               
000005b0  _stack                              
00000600  __STACK_END                         
000010f8  CALDCO_16MHZ                        
000010f9  CALBC1_16MHZ                        
000010fa  CALDCO_12MHZ                        
000010fb  CALBC1_12MHZ                        
000010fc  CALDCO_8MHZ                         
000010fd  CALBC1_8MHZ                         
000010fe  CALDCO_1MHZ                         
000010ff  CALBC1_1MHZ                         
00008000  __kernel_rem_pio2                   
00008d8e  sinf                                
00009aba  __mspabi_addd                       
00009da2  __TI_frcmpyd                        
0000a028  __mspabi_mpyd                       
0000a296  __TI_frcaddd                        
0000a4f6  floor                               
0000a4f6  floorl                              
0000a6c6  MRFI_Init                           
0000a88c  ldexp                               
0000a88c  ldexpl                              
0000a88c  scalbn                              
0000a88c  scalbnl                             
0000abc8  TIMERA0_ISR                         
0000ad24  SMPL_Link                           
0000ad24  nwk_link                            
0000afce  __mspabi_subf                       
0000afd4  __mspabi_addf                       
0000b100  nwk_QfindOldest                     
0000b22e  MRFI_Transmit                       
0000b330  main                                
0000b432  nwk_join                            
0000b524  __mspabi_cmpd                       
0000b6da  nwk_allocateLocalRxPort             
0000b7b2  __sti___16_UART_HANDLER_cpp_3daaade3
0000b884  __mspabi_mpyf                       
0000b948  __TI_renormd                        
0000bab8  nwk_retrieveFrame                   
0000bb6a  SMPL_Ioctl                          
0000bc1a  __mspabi_fltlid                     
0000bcc6  nwk_buildFrame                      
0000bd64  __mspabi_divf                       
0000be00  __mspabi_cvtdf                      
0000be8c  nwk_nwkInit                         
0000bf98  nwk_QfindSlot                       
0000c01a  SMPL_SendOpt                        
0000c098  __TI_decompress_lzss                
0000c114  nwk_radioControl                    
0000c18c  __mspabi_cvtfd                      
0000c1fe  __mspabi_fixdli                     
0000c270  _auto_init                          
0000c2de  nwk_isConnectionValid               
0000c346  __mspabi_fixfi                      
0000c3ae  __mspabi_srll_15                    
0000c3b4  __mspabi_srll_14                    
0000c3ba  __mspabi_srll_13                    
0000c3c0  __mspabi_srll_12                    
0000c3c6  __mspabi_srll_11                    
0000c3cc  __mspabi_srll_10                    
0000c3d2  __mspabi_srll_9                     
0000c3d8  __mspabi_srll_8                     
0000c3de  __mspabi_srll_7                     
0000c3e4  __mspabi_srll_6                     
0000c3ea  __mspabi_srll_5                     
0000c3f0  __mspabi_srll_4                     
0000c3f6  __mspabi_srll_3                     
0000c3fc  __mspabi_srll_2                     
0000c402  __mspabi_srll_1                     
0000c40a  copy_in                             
0000c464  __mspabi_divul                      
0000c464  __mspabi_remul                      
0000c4bc  MRFI_WakeUp                         
0000c510  nwk_rawSend                         
0000c564  nwk_getNextConnection               
0000c5b4  SMPL_Receive                        
0000c600  __mspabi_srli                       
0000c60e  __mspabi_srli_15                    
0000c612  __mspabi_srli_14                    
0000c616  __mspabi_srli_13                    
0000c61a  __mspabi_srli_12                    
0000c61e  __mspabi_srli_11                    
0000c622  __mspabi_srli_10                    
0000c626  __mspabi_srli_9                     
0000c62a  __mspabi_srli_8                     
0000c62e  __mspabi_srli_7                     
0000c632  __mspabi_srli_6                     
0000c636  __mspabi_srli_5                     
0000c63a  __mspabi_srli_4                     
0000c63e  __mspabi_srli_3                     
0000c642  __mspabi_srli_2                     
0000c646  __mspabi_srli_1                     
0000c64c  mrfiSpiCmdStrobe                    
0000c696  __mspabi_cmpf                       
0000c728  MRFI_RxAddrIsFiltered               
0000c76e  nwk_isLinkDuplicate                 
0000c7fa  MRFI_Rssi                           
0000c882  MRFI_ReplyDelay                     
0000c900  __mspabi_sral_15                    
0000c904  __mspabi_sral_14                    
0000c908  __mspabi_sral_13                    
0000c90c  __mspabi_sral_12                    
0000c910  __mspabi_sral_11                    
0000c914  __mspabi_sral_10                    
0000c918  __mspabi_sral_9                     
0000c91c  __mspabi_sral_8                     
0000c920  __mspabi_sral_7                     
0000c924  __mspabi_sral_6                     
0000c928  __mspabi_sral_5                     
0000c92c  __mspabi_sral_4                     
0000c930  __mspabi_sral_3                     
0000c934  __mspabi_sral_2                     
0000c938  __mspabi_sral_1                     
0000c93e  __mspabi_slll_15                    
0000c942  __mspabi_slll_14                    
0000c946  __mspabi_slll_13                    
0000c94a  __mspabi_slll_12                    
0000c94e  __mspabi_slll_11                    
0000c952  __mspabi_slll_10                    
0000c956  __mspabi_slll_9                     
0000c95a  __mspabi_slll_8                     
0000c95e  __mspabi_slll_7                     
0000c962  __mspabi_slll_6                     
0000c966  __mspabi_slll_5                     
0000c96a  __mspabi_slll_4                     
0000c96e  __mspabi_slll_3                     
0000c972  __mspabi_slll_2                     
0000c976  __mspabi_slll_1                     
0000c97c  nwk_putNumObjectIntoMsg             
0000c9b8  _Z13USCIAB0TX_ISRv                  
0000c9f2  nwk_isValidReply                    
0000ca2c  nwk_processMgmt                     
0000ca66  __mspabi_fltif                      
0000ca9c  MRFI_SetRFPwr                       
0000cad0  MRFI_SetRxAddrFilter                
0000cb04  SMPL_Init                           
0000cb38  mrfiSpiInit                         
0000cb6c  nwk_QadjustOrder                    
0000cba0  nwk_deviceAddress                   
0000cbd4  MRFI_SetLogicalChannel              
0000cc38  nwk_getConnInfo                     
0000cc6a  nwk_linkInit                        
0000cccc  nwk_rawReceive                      
0000ccfc  nwk_sendFrame                       
0000cd5a  _Z13USCIAB0RX_ISRv                  
0000cd88  __mspabi_subd                       
0000cdb6  copysign                            
0000cdb6  copysignl                           
0000ce3c  __mspabi_srai                       
0000ce48  __mspabi_srai_15                    
0000ce4a  __mspabi_srai_14                    
0000ce4c  __mspabi_srai_13                    
0000ce4e  __mspabi_srai_12                    
0000ce50  __mspabi_srai_11                    
0000ce52  __mspabi_srai_10                    
0000ce54  __mspabi_srai_9                     
0000ce56  __mspabi_srai_8                     
0000ce58  __mspabi_srai_7                     
0000ce5a  __mspabi_srai_6                     
0000ce5c  __mspabi_srai_5                     
0000ce5e  __mspabi_srai_4                     
0000ce60  __mspabi_srai_3                     
0000ce62  __mspabi_srai_2                     
0000ce64  __mspabi_srai_1                     
0000ce68  __mspabi_divi                       
0000ce68  __mspabi_remi                       
0000ce94  __mspabi_slli                       
0000cea0  __mspabi_slli_15                    
0000cea2  __mspabi_slli_14                    
0000cea4  __mspabi_slli_13                    
0000cea6  __mspabi_slli_12                    
0000cea8  __mspabi_slli_11                    
0000ceaa  __mspabi_slli_10                    
0000ceac  __mspabi_slli_9                     
0000ceae  __mspabi_slli_8                     
0000ceb0  __mspabi_slli_7                     
0000ceb2  __mspabi_slli_6                     
0000ceb4  __mspabi_slli_5                     
0000ceb6  __mspabi_slli_4                     
0000ceb8  __mspabi_slli_3                     
0000ceba  __mspabi_slli_2                     
0000cebc  __mspabi_slli_1                     
0000cec0  __mspabi_negd                       
0000ceea  nwk_checkConnInfo                   
0000cf14  InitTimer                           
0000cf3c  nwk_processPing                     
0000cf64  MRFI_Sleep                          
0000cfb0  nwk_connectionControl               
0000cfd6  nwk_globalsInit                     
0000cffc  nwk_joinInit                        
0000d022  nwk_processLink                     
0000d048  __mspabi_mpyl                       
0000d048  __mspabi_mpyl_sw                    
0000d06e  __mspabi_fltuf                      
0000d092  MRFI_EnableRxAddrFilter             
0000d0b4  MRFI_RxOn                           
0000d0d6  memcmp                              
0000d0f8  BSP_Init                            
0000d118  BSP_InitBoard                       
0000d138  MRFI_RxCompleteISR                  
0000d158  MRFI_RxIdle                         
0000d198  memmove                             
0000d1b8  nwk_frameInit                       
0000d1d8  nwk_processJoin                     
0000d1f8  BSP_Delay                           
0000d216  mrfiSpiReadReg                      
0000d234  nwk_QInit                           
0000d270  MRFI_GpioIsr                        
0000d28c  nwk_setMyAddress                    
0000d2a8  BSP_GpioPort1Isr                    
0000d2c2  _c_int00_noargs_noexit              
0000d2dc  mrfiSpiWriteReg                     
0000d2f6  MRFI_DelayMs                        
0000d30e  MRFI_RandomByte                     
0000d33a  __mspabi_divu                       
0000d33a  __mspabi_remu                       
0000d350  __TI_zero_init                      
0000d378  memset                              
0000d38c  __mspabi_mpyi                       
0000d38c  __mspabi_mpyi_sw                    
0000d3a0  toggleLED                           
0000d3b4  BSP_InitLeds                        
0000d3c6  __TI_decompress_none                
0000d3d8  __mspabi_srll                       
0000d3ea  memcpy                              
0000d3fc  nwk_getMyAddress                    
0000d40e  nwk_setLinkToken                    
0000d420  __mspabi_sral                       
0000d430  __mspabi_slll                       
0000d440  __mspabi_func_epilog_7              
0000d442  __mspabi_func_epilog_6              
0000d444  __mspabi_func_epilog_5              
0000d446  __mspabi_func_epilog_4              
0000d448  __mspabi_func_epilog_3              
0000d44a  __mspabi_func_epilog_2              
0000d44c  __mspabi_func_epilog_1              
0000d450  MRFI_Receive                        
0000d45e  mrfiSpiWriteTxFifo                  
0000d46c  nwk_getNumObjectFromMsg             
0000d47a  nwk_setAPAddress                    
0000d488  MRFI_PostKillSem                    
0000d4a0  mrfiSpiReadRxFifo                   
0000d4ac  BSP_InitButtons                     
0000d4b6  BSP_InitDrivers                     
0000d4c0  _Z11Disable_Intv                    
0000d4ca  _system_pre_init                    
0000d4d4  nwk_mgmtInit                        
0000d4de  nwk_pingInit                        
0000d4e8  __mspabi_negf                       
0000d4f2  SMPL_Send                           
0000d4fa  __TI_ISR_TRAP                       
0000d502  MRFI_GetRadioState                  
0000d508  _Z11Restore_Intt                    
0000d50e  C$$EXIT                             
0000d50e  abort                               
0000d514  nwk_freeConnection                  
0000d51a  nwk_getBCastAddress                 
0000d520  nwk_getFWVersion                    
0000d526  nwk_getMyRxType                     
0000d52c  nwk_getProtocolVersion              
0000d532  nwk_processFreq                     
0000d536  nwk_processSecurity                 
0000d53a  _system_post_cinit                  
0000d53c  nwk_freqInit                        
0000d53e  nwk_securityInit                    
0000d6de  mrfiBroadcastAddr                   
0000d6ee  __TI_INITARRAY_Base                 
0000d6f0  __TI_INITARRAY_Limit                
0000d714  __TI_Handler_Table_Base             
0000d71a  __TI_Handler_Table_Limit            
0000d71e  __TI_CINIT_Base                     
0000d726  __TI_CINIT_Limit                    
0000ffe4  __TI_int02                          
0000ffe6  __TI_int03                          
0000ffea  __TI_int05                          
0000ffec  __TI_int06                          
0000ffee  __TI_int07                          
0000fff0  __TI_int08                          
0000fff2  __TI_int09                          
0000fff4  __TI_int10                          
0000fff8  __TI_int12                          
0000fffa  __TI_int13                          
0000fffc  __TI_int14                          
0000fffe  _reset_vector                       
ffffffff  __TI_pprof_out_hndl                 
ffffffff  __TI_prof_data_size                 
ffffffff  __TI_prof_data_start                
ffffffff  __c_args__                          
UNDEFED   __TI_BINIT_Base                     
UNDEFED   __TI_BINIT_Limit                    

[397 symbols]
