******************************************************************************
                  MSP430 Linker PC v16.9.0                     
******************************************************************************
>> Linked Fri Jan 27 14:45:03 2017

OUTPUT FILE NAME:   <cubebots.out>
ENTRY POINT SYMBOL: "_c_int00_noargs_noexit"  address: 0000abfe


MEMORY CONFIGURATION

         name            origin    length      used     unused   attr    fill
----------------------  --------  ---------  --------  --------  ----  --------
  SFR                   00000000   00000010  00000000  00000010  RWIX
  PERIPHERALS_8BIT      00000010   000000f0  00000000  000000f0  RWIX
  PERIPHERALS_16BIT     00000100   00000100  00000000  00000100  RWIX
  RAM                   00000200   00000400  000003e6  0000001a  RWIX
  INFOD                 00001000   00000040  00000000  00000040  RWIX
  INFOC                 00001040   00000040  00000000  00000040  RWIX
  INFOB                 00001080   00000040  00000000  00000040  RWIX
  INFOA                 000010c0   00000040  00000000  00000040  RWIX
  FLASH                 00008000   00007fde  00002f93  0000504b  RWIX
  BSLSIGNATURE          0000ffde   00000002  00000002  00000000  RWIX  ffff 
  INT00                 0000ffe0   00000002  00000000  00000002  RWIX
  INT01                 0000ffe2   00000002  00000000  00000002  RWIX
  INT02                 0000ffe4   00000002  00000002  00000000  RWIX
  INT03                 0000ffe6   00000002  00000002  00000000  RWIX
  INT04                 0000ffe8   00000002  00000000  00000002  RWIX
  INT05                 0000ffea   00000002  00000002  00000000  RWIX
  INT06                 0000ffec   00000002  00000002  00000000  RWIX
  INT07                 0000ffee   00000002  00000002  00000000  RWIX
  INT08                 0000fff0   00000002  00000002  00000000  RWIX
  INT09                 0000fff2   00000002  00000002  00000000  RWIX
  INT10                 0000fff4   00000002  00000002  00000000  RWIX
  INT11                 0000fff6   00000002  00000000  00000002  RWIX
  INT12                 0000fff8   00000002  00000002  00000000  RWIX
  INT13                 0000fffa   00000002  00000002  00000000  RWIX
  INT14                 0000fffc   00000002  00000002  00000000  RWIX
  RESET                 0000fffe   00000002  00000002  00000000  RWIX


SECTION ALLOCATION MAP

 output                                  attributes/
section   page    origin      length       input sections
--------  ----  ----------  ----------   ----------------
.bss       0    00000200    00000332     UNINITIALIZED
                  00000200    0000018c     nwk_QMgmt.obj (.bss:sInFrameQ)
                  0000038c    00000084     nwk_QMgmt.obj (.bss:sOutFrameQ)
                  00000410    00000040     mrfi.obj (.bss:mrfiIncomingPacket)
                  00000450    0000003c     (.common:RX_ser_buf)
                  0000048c    0000003c     (.common:TX_ser_buf)
                  000004c8    00000032     (.common:TX_msg)
                  000004fa    00000012     UART_HANDLER.obj (.bss:UART_RX_BUFFER)
                  0000050c    00000012     UART_HANDLER.obj (.bss:UART_TX_BUFFER)
                  0000051e    00000006     (.common:TX_Time_msg)
                  00000524    00000004     main_AP_Async_TalkandListen_.obj (.bss)
                  00000528    00000004     nwk_globals.obj (.bss:sAPAddress)
                  0000052c    00000004     nwk_globals.obj (.bss:sMyRAMAddress)
                  00000530    00000002     nwk_link.obj (.bss:sServiceLinkID)

.data      0    00000532    00000064     UNINITIALIZED
                  00000532    0000002b     nwk.obj (.data:sPersistInfo)
                  0000055d    00000001     bsp.obj (.data)
                  0000055e    0000000b     nwk_join.obj (.data)
                  00000569    00000001     nwk_api.obj (.data)
                  0000056a    00000009     mrfi.obj (.data)
                  00000573    00000001     nwk_globals.obj (.data)
                  00000574    00000008     nwk_frame.obj (.data)
                  0000057c    00000007     nwk_link.obj (.data)
                  00000583    00000001     nwk_mgmt.obj (.data)
                  00000584    00000006     main_AP_Async_TalkandListen_.obj (.data)
                  0000058a    00000004     main_AP_Async_TalkandListen_.obj (.data:lAddr)
                  0000058e    00000004     mrfi.obj (.data:mrfiRxFilterAddr)
                  00000592    00000003     nwk_mgmt.obj (.data:sSFMarker)
                  00000595    00000001     nwk_ping.obj (.data)

.stack     0    000005b0    00000050     UNINITIALIZED
                  000005b0    00000002     rts430_eabi.lib : boot.obj (.stack)
                  000005b2    0000004e     --HOLE--

.text      0    00008000    00002f0e     
                  00008000    000002e8     rts430_eabi.lib : addd.obj (.text:__mspabi_addd)
                  000082e8    00000260                     : frcaddd.obj (.text:__TI_frcaddd)
                  00008548    000001c6     mrfi.obj (.text:MRFI_Init)
                  0000870e    000001a4     nwk_link.obj (.text:smpl_send_link_reply)
                  000088b2    0000016c     nwk_QMgmt.obj (.text:nwk_QfindOldest)
                  00008a1e    0000014e     nwk_frame.obj (.text:dispatchFrame)
                  00008b6c    0000013a     main_AP_Async_TalkandListen_.obj (.text:main)
                  00008ca6    00000132     rts430_eabi.lib : fs_add.obj (.text)
                  00008dd8    0000010e     nwk_join.obj (.text:smpl_send_join_reply)
                  00008ee6    00000102     mrfi.obj (.text:MRFI_Transmit)
                  00008fe8    000000da     mrfi.obj (.text:Mrfi_SyncPinRxIsr)
                  000090c2    000000d2     UART_HANDLER.obj (.text:__sti___16_UART_HANDLER_cpp_3daaade3)
                  00009194    000000cc     nwk.obj (.text:nwk_allocateLocalRxPort)
                  00009260    000000be     rts430_eabi.lib : renormd.obj (.text:__TI_renormd)
                  0000931e    000000bc     nwk_api.obj (.text:SMPL_Ioctl)
                  000093da    000000b2     nwk_frame.obj (.text:nwk_retrieveFrame)
                  0000948c    000000ac     nwk_frame.obj (.text:nwk_SendEmptyPollRspFrame)
                  00009538    000000a0     nwk_frame.obj (.text:isDupSandFFrame)
                  000095d8    0000009e     nwk_frame.obj (.text:nwk_buildFrame)
                  00009676    0000009c     nwk_api.obj (.text:SMPL_SendOpt)
                  00009712    00000092     nwk_mgmt.obj (.text:send_poll_reply)
                  000097a4    0000008c     rts430_eabi.lib : cvtdf.obj (.text:__mspabi_cvtdf)
                  00009830    00000086     nwk_QMgmt.obj (.text:nwk_QfindSlot)
                  000098b6    00000086     mrfi.obj (.text:spiBurstFifoAccess)
                  0000993c    00000084     nwk.obj (.text:nwk_nwkInit)
                  000099c0    0000007c     rts430_eabi.lib : copy_decompress_lzss.obj (.text:decompress:lzss:__TI_decompress_lzss)
                  00009a3c    0000007c     nwk_frame.obj (.text:nwk_getSandFFrame)
                  00009ab8    0000007c     nwk_ioctl.obj (.text:nwk_radioControl)
                  00009b34    00000072     rts430_eabi.lib : cvtfd.obj (.text:__mspabi_cvtfd)
                  00009ba6    0000006e                     : autoinit.obj (.text:_auto_init)
                  00009c14    00000066     UART_HANDLER.obj (.text:_Z9Init_UARTv)
                  00009c7a    00000064     nwk.obj (.text:nwk_isConnectionValid)
                  00009cde    00000064     nwk.obj (.text:nwk_saveJoinedDevice)
                  00009d42    0000005c     rts430_eabi.lib : lsr32.obj (.text:l_lsr_const)
                  00009d9e    0000005a                     : cpy_tbl.obj (.text:copy_in)
                  00009df8    00000058                     : div32u.obj (.text)
                  00009e50    00000056     main_AP_Async_TalkandListen_.obj (.text:_Z11TIMERA0_ISRv)
                  00009ea6    00000054     mrfi.obj (.text:MRFI_WakeUp)
                  00009efa    00000054     nwk_ioctl.obj (.text:nwk_rawSend)
                  00009f4e    0000004c     rts430_eabi.lib : lsr16.obj (.text)
                  00009f9a    0000004a     mrfi.obj (.text:mrfiSpiCmdStrobe)
                  00009fe4    0000004a     nwk.obj (.text:nwk_getNextConnection)
                  0000a02e    0000004a     rts430_eabi.lib : fs_cmp.obj (.text)
                  0000a078    00000048     nwk_mgmt.obj (.text:nwk_processMgmt)
                  0000a0c0    00000046     mrfi.obj (.text:MRFI_RxAddrIsFiltered)
                  0000a106    00000046     nwk_ping.obj (.text:smpl_send_ping_reply)
                  0000a14c    00000044     mrfi.obj (.text:MRFI_Rssi)
                  0000a190    00000044     UART_HANDLER.obj (.text:_Z17tx_bytes_to_slavePhi)
                  0000a1d4    00000044     mrfi.obj (.text:spiRegAccess)
                  0000a218    00000042     main_AP_Async_TalkandListen_.obj (.text:_Z10ParseRXCmdi)
                  0000a25a    00000040     nwk.obj (.text:nwk_findAlreadyJoined)
                  0000a29a    00000040     nwk.obj (.text:nwk_isLinkDuplicate)
                  0000a2da    00000040     nwk_join.obj (.text:nwk_isSandFClient)
                  0000a31a    0000003e     nwk.obj (.text:initializeConnection)
                  0000a358    0000003e     rts430_eabi.lib : asr32.obj (.text:l_asr_const)
                  0000a396    0000003e                     : lsl32.obj (.text:l_lsl_const)
                  0000a3d4    0000003e     nwk_join.obj (.text:nwk_processJoin)
                  0000a412    0000003c     nwk.obj (.text:nwk_putNumObjectIntoMsg)
                  0000a44e    0000003a     UART_HANDLER.obj (.text:_Z13USCIAB0TX_ISRv)
                  0000a488    0000003a     nwk.obj (.text:nwk_isValidReply)
                  0000a4c2    0000003a     nwk_join.obj (.text:nwk_joinInit)
                  0000a4fc    0000003a     nwk_frame.obj (.text:nwk_replayFrame)
                  0000a536    00000036     nwk_QMgmt.obj (.text:nwk_QadjustOrder)
                  0000a56c    00000034     mrfi.obj (.text:MRFI_SetRFPwr)
                  0000a5a0    00000034     mrfi.obj (.text:mrfiSpiInit)
                  0000a5d4    00000034     nwk_ioctl.obj (.text:nwk_deviceAddress)
                  0000a608    00000032     mrfi.obj (.text:MRFI_SetLogicalChannel)
                  0000a63a    00000032     nwk.obj (.text:nwk_getConnInfo)
                  0000a66c    00000032     nwk_link.obj (.text:nwk_linkInit)
                  0000a69e    00000030     nwk_ping.obj (.text:nwk_processPing)
                  0000a6ce    00000030     nwk_ioctl.obj (.text:nwk_rawReceive)
                  0000a6fe    00000030     nwk_frame.obj (.text:nwk_sendFrame)
                  0000a72e    0000002e     mrfi.obj (.text:Mrfi_CalculateRssi)
                  0000a75c    0000002e     UART_HANDLER.obj (.text:_Z13USCIAB0RX_ISRv)
                  0000a78a    0000002e     nwk_link.obj (.text:nwk_processLink)
                  0000a7b8    0000002c     mrfi.obj (.text:Mrfi_DelayUsec)
                  0000a7e4    0000002c     mrfi.obj (.text:Mrfi_RxModeOff)
                  0000a810    0000002c     nwk_api.obj (.text:SMPL_Init)
                  0000a83c    0000002c     nwk_link.obj (.text:handleLinkRequest)
                  0000a868    0000002c     nwk.obj (.text:map_lid2idx)
                  0000a894    0000002c     nwk.obj (.text:nwk_checkAppMsgTID)
                  0000a8c0    0000002c     rts430_eabi.lib : asr16.obj (.text)
                  0000a8ec    0000002c                     : div16s.obj (.text)
                  0000a918    0000002c                     : lsl16.obj (.text)
                  0000a944    0000002a     nwk.obj (.text:nwk_checkConnInfo)
                  0000a96e    00000026     mrfi.obj (.text:MRFI_Sleep)
                  0000a994    00000026     mrfi.obj (.text:Mrfi_RandomBackoffDelay)
                  0000a9ba    00000026     nwk_ioctl.obj (.text:nwk_connectionControl)
                  0000a9e0    00000026     nwk_frame.obj (.text:nwk_frameInit)
                  0000aa06    00000026     nwk_globals.obj (.text:nwk_globalsInit)
                  0000aa2c    00000026     rts430_eabi.lib : mult32.obj (.text)
                  0000aa52    00000022     mrfi.obj (.text:MRFI_RxOn)
                  0000aa74    00000022     rts430_eabi.lib : memcmp.obj (.text:memcmp)
                  0000aa96    00000020     bsp.obj (.text:BSP_Init)
                  0000aab6    00000020     bsp.obj (.text:BSP_InitBoard)
                  0000aad6    00000020     nwk_frame.obj (.text:MRFI_RxCompleteISR)
                  0000aaf6    00000020     mrfi.obj (.text:MRFI_RxIdle)
                  0000ab16    00000020     rts430_eabi.lib : memmov.obj (.text:memmove)
                  0000ab36    0000001e     bsp.obj (.text:BSP_Delay)
                  0000ab54    0000001e     mrfi.obj (.text:mrfiSpiReadReg)
                  0000ab72    0000001e     nwk_QMgmt.obj (.text:nwk_QInit)
                  0000ab90    0000001c     mrfi.obj (.text:MRFI_GpioIsr)
                  0000abac    0000001c     main_AP_Async_TalkandListen_.obj (.text:__sti___32_main_AP_Async_TalkandListen__cpp_time)
                  0000abc8    0000001c     nwk_globals.obj (.text:nwk_setMyAddress)
                  0000abe4    0000001a     mrfi.obj (.text:BSP_GpioPort1Isr)
                  0000abfe    0000001a     rts430_eabi.lib : boot_special.obj (.text:_c_int00_noargs_noexit)
                  0000ac18    0000001a     mrfi.obj (.text:mrfiSpiWriteReg)
                  0000ac32    00000018     mrfi.obj (.text:MRFI_DelayMs)
                  0000ac4a    00000018     nwk_join.obj (.text:handleJoinRequest)
                  0000ac62    00000018     nwk_mgmt.obj (.text:nwk_mgmtInit)
                  0000ac7a    00000016     mrfi.obj (.text:MRFI_RandomByte)
                  0000ac90    00000016     mrfi.obj (.text:Mrfi_RxModeOn)
                  0000aca6    00000016     rts430_eabi.lib : div16u.obj (.text)
                  0000acbc    00000014     main_AP_Async_TalkandListen_.obj (.text:_Z9InitTimerv)
                  0000acd0    00000014     main_AP_Async_TalkandListen_.obj (.text:_Z9toggleLEDh)
                  0000ace4    00000014     rts430_eabi.lib : copy_zero_init.obj (.text:decompress:ZI:__TI_zero_init)
                  0000acf8    00000014     nwk_api.obj (.text:ioctlPreInitAccessIsOK)
                  0000ad0c    00000014     rts430_eabi.lib : memset.obj (.text:memset)
                  0000ad20    00000014     nwk_ioctl.obj (.text:nwk_joinContext)
                  0000ad34    00000014     rts430_eabi.lib : mult16.obj (.text)
                  0000ad48    00000012     bsp.obj (.text:BSP_InitLeds)
                  0000ad5a    00000012     rts430_eabi.lib : copy_decompress_none.obj (.text:decompress:none:__TI_decompress_none)
                  0000ad6c    00000012                     : lsr32.obj (.text:l_lsr)
                  0000ad7e    00000012                     : memcpy.obj (.text:memcpy)
                  0000ad90    00000012     nwk_link.obj (.text:nwk_getLinkToken)
                  0000ada2    00000012     nwk_globals.obj (.text:nwk_getMyAddress)
                  0000adb4    00000012     nwk_link.obj (.text:nwk_setLinkToken)
                  0000adc6    00000010     rts430_eabi.lib : asr32.obj (.text:l_asr)
                  0000add6    00000010                     : lsl32.obj (.text:l_lsl)
                  0000ade6    00000010     nwk_QMgmt.obj (.text:nwk_getQ)
                  0000adf6    00000010     rts430_eabi.lib : epilog.obj (.text)
                  0000ae06    0000000e     mrfi.obj (.text:MRFI_Receive)
                  0000ae14    0000000e     mrfi.obj (.text:mrfiSpiWriteTxFifo)
                  0000ae22    0000000e     nwk.obj (.text:nwk_getNumObjectFromMsg)
                  0000ae30    0000000e     nwk_join.obj (.text:nwk_setJoinContext)
                  0000ae3e    0000000c     mrfi.obj (.text:MRFI_PostKillSem)
                  0000ae4a    0000000c     nwk_ping.obj (.text:handlePingRequest)
                  0000ae56    0000000c     mrfi.obj (.text:mrfiSpiReadRxFifo)
                  0000ae62    0000000c     nwk_mgmt.obj (.text:smpl_send_mgmt_reply)
                  0000ae6e    0000000a     bsp.obj (.text:BSP_InitButtons)
                  0000ae78    0000000a     bsp.obj (.text:BSP_InitDrivers)
                  0000ae82    0000000a     utils.obj (.text:_Z11Disable_Intv)
                  0000ae8c    0000000a     bsp.obj (.text:_system_pre_init)
                  0000ae96    0000000a     nwk_join.obj (.text:generateLinkToken)
                  0000aea0    0000000a     nwk_ping.obj (.text:nwk_pingInit)
                  0000aeaa    00000008     nwk_api.obj (.text:SMPL_Send)
                  0000aeb2    00000008     rts430_eabi.lib : isr_trap.obj (.text:_isr:__TI_ISR_TRAP)
                  0000aeba    00000008     nwk_mgmt.obj (.text:nwk_resetSFMarker)
                  0000aec2    00000006     mrfi.obj (.text:MRFI_GetRadioState)
                  0000aec8    00000006     utils.obj (.text:_Z11Restore_Intt)
                  0000aece    00000006     rts430_eabi.lib : exit.obj (.text:abort)
                  0000aed4    00000006     nwk.obj (.text:nwk_freeConnection)
                  0000aeda    00000006     nwk_globals.obj (.text:nwk_getBCastAddress)
                  0000aee0    00000006     nwk_globals.obj (.text:nwk_getFWVersion)
                  0000aee6    00000006     nwk_frame.obj (.text:nwk_getMyRxType)
                  0000aeec    00000006     nwk_globals.obj (.text:nwk_getProtocolVersion)
                  0000aef2    00000006     nwk.obj (.text:nwk_getSFInfoPtr)
                  0000aef8    00000004     main_AP_Async_TalkandListen_.obj (.text:_Z3sCBh)
                  0000aefc    00000004     nwk_join.obj (.text:nwk_join)
                  0000af00    00000004     nwk_freq.obj (.text:nwk_processFreq)
                  0000af04    00000004     nwk_security.obj (.text:nwk_processSecurity)
                  0000af08    00000002     rts430_eabi.lib : startup.obj (.text:_system_post_cinit)
                  0000af0a    00000002     nwk_freq.obj (.text:nwk_freqInit)
                  0000af0c    00000002     nwk_security.obj (.text:nwk_securityInit)

.binit     0    00008000    00000000     

.const     0    0000af0e    0000005d     
                  0000af0e    0000003c     mrfi.obj (.const:mrfiRadioCfg)
                  0000af4a    0000000c     nwk_frame.obj (.const:func)
                  0000af56    00000005     nwk_globals.obj (.const:sVersionInfo)
                  0000af5b    00000001     --HOLE-- [fill = 0]
                  0000af5c    00000004     mrfi.obj (.const:.string:mrfiBroadcastAddr)
                  0000af60    00000004     mrfi.obj (.const:.string:mrfiLogicalChanTable)
                  0000af64    00000004     nwk_globals.obj (.const:sMyROMAddress)
                  0000af68    00000003     mrfi.obj (.const:.string:mrfiRFPowerTable)

.init_array 
*          0    0000af6c    00000004     
                  0000af6c    00000002     UART_HANDLER.obj (.init_array)
                  0000af6e    00000002     main_AP_Async_TalkandListen_.obj (.init_array)

.cinit     0    0000af70    00000024     
                  0000af70    00000011     (.cinit..data.load) [load image, compression = lzss]
                  0000af81    00000001     --HOLE-- [fill = 0]
                  0000af82    00000006     (__TI_handler_table)
                  0000af88    00000004     (.cinit..bss.load) [load image, compression = zero_init]
                  0000af8c    00000008     (__TI_cinit_table)

$fill000   0    0000ffde    00000002     
                  0000ffde    00000002     --HOLE-- [fill = ffff]

PORT1      0    0000ffe4    00000002     
                  0000ffe4    00000002     rts430_eabi.lib : int02.obj (.int02)

PORT2      0    0000ffe6    00000002     
                  0000ffe6    00000002     mrfi.obj (.int03)

ADC10      0    0000ffea    00000002     
                  0000ffea    00000002     rts430_eabi.lib : int05.obj (.int05)

USCIAB0TX 
*          0    0000ffec    00000002     
                  0000ffec    00000002     UART_HANDLER.obj (.int06)

USCIAB0RX 
*          0    0000ffee    00000002     
                  0000ffee    00000002     UART_HANDLER.obj (.int07)

TIMERA1    0    0000fff0    00000002     
                  0000fff0    00000002     rts430_eabi.lib : int08.obj (.int08)

TIMERA0    0    0000fff2    00000002     
                  0000fff2    00000002     main_AP_Async_TalkandListen_.obj (.int09)

WDT        0    0000fff4    00000002     
                  0000fff4    00000002     rts430_eabi.lib : int10.obj (.int10)

TIMERB1    0    0000fff8    00000002     
                  0000fff8    00000002     rts430_eabi.lib : int12.obj (.int12)

TIMERB0    0    0000fffa    00000002     
                  0000fffa    00000002     rts430_eabi.lib : int13.obj (.int13)

NMI        0    0000fffc    00000002     
                  0000fffc    00000002     rts430_eabi.lib : int14.obj (.int14)

.reset     0    0000fffe    00000002     
                  0000fffe    00000002     rts430_eabi.lib : boot.obj (.reset)

MODULE SUMMARY

       Module                             code    ro data   rw data
       ------                             ----    -------   -------
    .\Application\application\Access Point\
       main_AP_Async_TalkandListen_.obj   538     4         70     
    +--+----------------------------------+-------+---------+---------+
       Total:                             538     4         70     
                                                                   
    .\Components\bsp\
       bsp.obj                            142     0         1      
    +--+----------------------------------+-------+---------+---------+
       Total:                             142     0         1      
                                                                   
    .\Components\mrfi\
       mrfi.obj                           2094    73        77     
    +--+----------------------------------+-------+---------+---------+
       Total:                             2094    73        77     
                                                                   
    .\Components\simpliciti\nwk\
       nwk_frame.obj                      1308    12        8      
       nwk.obj                            1124    0         43     
       nwk_QMgmt.obj                      598     0         528    
       nwk_api.obj                        416     0         1      
       nwk_globals.obj                    102     9         9      
    +--+----------------------------------+-------+---------+---------+
       Total:                             3548    21        589    
                                                                   
    .\Components\simpliciti\nwk_applications\
       nwk_link.obj                       596     0         9      
       nwk_join.obj                       506     0         11     
       nwk_ioctl.obj                      366     0         0      
       nwk_mgmt.obj                       262     0         4      
       nwk_ping.obj                       140     0         1      
       nwk_freq.obj                       6       0         0      
       nwk_security.obj                   6       0         0      
    +--+----------------------------------+-------+---------+---------+
       Total:                             1882    0         25     
                                                                   
    .\utils\
       UART_HANDLER.obj                   484     6         156    
       utils.obj                          16      0         0      
    +--+----------------------------------+-------+---------+---------+
       Total:                             500     6         156    
                                                                   
    C:\ti\ccsv7\tools\compiler\ti-cgt-msp430_16.9.0.LTS\lib\rts430_eabi.lib
       addd.obj                           744     0         0      
       frcaddd.obj                        608     0         0      
       fs_add.obj                         306     0         0      
       renormd.obj                        190     0         0      
       cvtdf.obj                          140     0         0      
       copy_decompress_lzss.obj           124     0         0      
       cvtfd.obj                          114     0         0      
       autoinit.obj                       110     0         0      
       lsr32.obj                          110     0         0      
       cpy_tbl.obj                        90      0         0      
       div32u.obj                         88      0         0      
       asr32.obj                          78      0         0      
       lsl32.obj                          78      0         0      
       lsr16.obj                          76      0         0      
       fs_cmp.obj                         74      0         0      
       asr16.obj                          44      0         0      
       div16s.obj                         44      0         0      
       lsl16.obj                          44      0         0      
       mult32.obj                         38      0         0      
       memcmp.obj                         34      0         0      
       memmov.obj                         32      0         0      
       boot_special.obj                   26      0         0      
       div16u.obj                         22      0         0      
       copy_zero_init.obj                 20      0         0      
       memset.obj                         20      0         0      
       mult16.obj                         20      0         0      
       copy_decompress_none.obj           18      0         0      
       memcpy.obj                         18      0         0      
       epilog.obj                         16      0         0      
       isr_trap.obj                       8       0         0      
       exit.obj                           6       0         0      
       boot.obj                           0       2         0      
       int02.obj                          0       2         0      
       int05.obj                          0       2         0      
       int08.obj                          0       2         0      
       int10.obj                          0       2         0      
       int12.obj                          0       2         0      
       int13.obj                          0       2         0      
       int14.obj                          0       2         0      
       startup.obj                        2       0         0      
    +--+----------------------------------+-------+---------+---------+
       Total:                             3342    16        0      
                                                                   
       Stack:                             0       0         80     
       Linker Generated:                  0       35        0      
    +--+----------------------------------+-------+---------+---------+
       Grand Total:                       12046   155       998    


LINKER GENERATED COPY TABLES

__TI_cinit_table @ 0000af8c records: 2, size/record: 4, table size: 8
	.data: load addr=0000af70, load size=00000011 bytes, run addr=00000532, run size=00000064 bytes, compression=lzss
	.bss: load addr=0000af88, load size=00000004 bytes, run addr=00000200, run size=00000332 bytes, compression=zero_init


LINKER GENERATED HANDLER TABLE

__TI_handler_table @ 0000af82 records: 3, size/record: 2, table size: 6
	index: 0, handler: __TI_zero_init
	index: 1, handler: __TI_decompress_lzss
	index: 2, handler: __TI_decompress_none


GLOBAL SYMBOLS: SORTED ALPHABETICALLY BY Name 

address   name                                            
-------   ----                                            
0000004a  ADC10AE0                                        
0000004b  ADC10AE1                                        
000001b0  ADC10CTL0                                       
000001b2  ADC10CTL1                                       
00000048  ADC10DTC0                                       
00000049  ADC10DTC1                                       
000001b4  ADC10MEM                                        
000001bc  ADC10SA                                         
00000057  BCSCTL1                                         
00000058  BCSCTL2                                         
00000053  BCSCTL3                                         
0000ab36  BSP_Delay                                       
0000abe4  BSP_GpioPort1Isr                                
0000aa96  BSP_Init                                        
0000aab6  BSP_InitBoard                                   
0000ae6e  BSP_InitButtons                                 
0000ae78  BSP_InitDrivers                                 
0000ad48  BSP_InitLeds                                    
0000aece  C$$EXIT                                         
000010fb  CALBC1_12MHZ                                    
000010f9  CALBC1_16MHZ                                    
000010ff  CALBC1_1MHZ                                     
000010fd  CALBC1_8MHZ                                     
000010fa  CALDCO_12MHZ                                    
000010f8  CALDCO_16MHZ                                    
000010fe  CALDCO_1MHZ                                     
000010fc  CALDCO_8MHZ                                     
00000056  DCOCTL                                          
00000128  FCTL1                                           
0000012a  FCTL2                                           
0000012c  FCTL3                                           
00000000  IE1                                             
00000001  IE2                                             
00000002  IFG1                                            
00000003  IFG2                                            
0000ac32  MRFI_DelayMs                                    
0000aec2  MRFI_GetRadioState                              
0000ab90  MRFI_GpioIsr                                    
00008548  MRFI_Init                                       
0000ae3e  MRFI_PostKillSem                                
0000ac7a  MRFI_RandomByte                                 
0000ae06  MRFI_Receive                                    
0000a14c  MRFI_Rssi                                       
0000a0c0  MRFI_RxAddrIsFiltered                           
0000aad6  MRFI_RxCompleteISR                              
0000aaf6  MRFI_RxIdle                                     
0000aa52  MRFI_RxOn                                       
0000a608  MRFI_SetLogicalChannel                          
0000a56c  MRFI_SetRFPwr                                   
0000a96e  MRFI_Sleep                                      
00008ee6  MRFI_Transmit                                   
00009ea6  MRFI_WakeUp                                     
000000c0  OA0CTL0                                         
000000c1  OA0CTL1                                         
000000c2  OA1CTL0                                         
000000c3  OA1CTL1                                         
00000022  P1DIR                                           
00000025  P1IE                                            
00000024  P1IES                                           
00000023  P1IFG                                           
00000020  P1IN                                            
00000021  P1OUT                                           
00000027  P1REN                                           
00000026  P1SEL                                           
0000002a  P2DIR                                           
0000002d  P2IE                                            
0000002c  P2IES                                           
0000002b  P2IFG                                           
00000028  P2IN                                            
00000029  P2OUT                                           
0000002f  P2REN                                           
0000002e  P2SEL                                           
0000001a  P3DIR                                           
00000018  P3IN                                            
00000019  P3OUT                                           
00000010  P3REN                                           
0000001b  P3SEL                                           
0000001e  P4DIR                                           
0000001c  P4IN                                            
0000001d  P4OUT                                           
00000011  P4REN                                           
0000001f  P4SEL                                           
00000450  RX_ser_buf                                      
0000a810  SMPL_Init                                       
0000931e  SMPL_Ioctl                                      
0000aeaa  SMPL_Send                                       
00009676  SMPL_SendOpt                                    
00000172  TACCR0                                          
00000174  TACCR1                                          
00000176  TACCR2                                          
00000162  TACCTL0                                         
00000164  TACCTL1                                         
00000166  TACCTL2                                         
00000160  TACTL                                           
0000012e  TAIV                                            
00000170  TAR                                             
00000192  TBCCR0                                          
00000194  TBCCR1                                          
00000196  TBCCR2                                          
00000182  TBCCTL0                                         
00000184  TBCCTL1                                         
00000186  TBCCTL2                                         
00000180  TBCTL                                           
0000011e  TBIV                                            
00000190  TBR                                             
0000051e  TX_Time_msg                                     
000004c8  TX_msg                                          
00000588  TX_msg_Len                                      
0000048c  TX_ser_buf                                      
000004fa  UART_RX_BUFFER                                  
0000050c  UART_TX_BUFFER                                  
0000005d  UCA0ABCTL                                       
00000062  UCA0BR0                                         
00000063  UCA0BR1                                         
00000060  UCA0CTL0                                        
00000061  UCA0CTL1                                        
0000005f  UCA0IRRCTL                                      
0000005e  UCA0IRTCTL                                      
00000064  UCA0MCTL                                        
00000066  UCA0RXBUF                                       
00000065  UCA0STAT                                        
00000067  UCA0TXBUF                                       
0000006a  UCB0BR0                                         
0000006b  UCB0BR1                                         
00000068  UCB0CTL0                                        
00000069  UCB0CTL1                                        
0000006c  UCB0I2CIE                                       
00000118  UCB0I2COA                                       
0000011a  UCB0I2CSA                                       
0000006e  UCB0RXBUF                                       
0000006d  UCB0STAT                                        
0000006f  UCB0TXBUF                                       
00000120  WDTCTL                                          
0000a218  _Z10ParseRXCmdi                                 
0000ae82  _Z11Disable_Intv                                
0000aec8  _Z11Restore_Intt                                
00009e50  _Z11TIMERA0_ISRv                                
0000a75c  _Z13USCIAB0RX_ISRv                              
0000a44e  _Z13USCIAB0TX_ISRv                              
0000a190  _Z17tx_bytes_to_slavePhi                        
0000acbc  _Z9InitTimerv                                   
00009c14  _Z9Init_UARTv                                   
0000acd0  _Z9toggleLEDh                                   
00000600  __STACK_END                                     
00000050  __STACK_SIZE                                    
UNDEFED   __TI_BINIT_Base                                 
UNDEFED   __TI_BINIT_Limit                                
0000af8c  __TI_CINIT_Base                                 
0000af94  __TI_CINIT_Limit                                
0000af82  __TI_Handler_Table_Base                         
0000af88  __TI_Handler_Table_Limit                        
0000af6c  __TI_INITARRAY_Base                             
0000af70  __TI_INITARRAY_Limit                            
0000aeb2  __TI_ISR_TRAP                                   
000099c0  __TI_decompress_lzss                            
0000ad5a  __TI_decompress_none                            
000082e8  __TI_frcaddd                                    
0000ffe4  __TI_int02                                      
0000ffe6  __TI_int03                                      
0000ffea  __TI_int05                                      
0000ffec  __TI_int06                                      
0000ffee  __TI_int07                                      
0000fff0  __TI_int08                                      
0000fff2  __TI_int09                                      
0000fff4  __TI_int10                                      
0000fff8  __TI_int12                                      
0000fffa  __TI_int13                                      
0000fffc  __TI_int14                                      
ffffffff  __TI_pprof_out_hndl                             
ffffffff  __TI_prof_data_size                             
ffffffff  __TI_prof_data_start                            
00009260  __TI_renormd                                    
0000ace4  __TI_zero_init                                  
ffffffff  __c_args__                                      
00008000  __mspabi_addd                                   
00008cac  __mspabi_addf                                   
0000a02e  __mspabi_cmpf                                   
000097a4  __mspabi_cvtdf                                  
00009b34  __mspabi_cvtfd                                  
0000a8ec  __mspabi_divi                                   
0000aca6  __mspabi_divu                                   
00009df8  __mspabi_divul                                  
0000ae02  __mspabi_func_epilog_1                          
0000ae00  __mspabi_func_epilog_2                          
0000adfe  __mspabi_func_epilog_3                          
0000adfc  __mspabi_func_epilog_4                          
0000adfa  __mspabi_func_epilog_5                          
0000adf8  __mspabi_func_epilog_6                          
0000adf6  __mspabi_func_epilog_7                          
0000ad34  __mspabi_mpyi                                   
0000ad34  __mspabi_mpyi_sw                                
0000aa2c  __mspabi_mpyl                                   
0000aa2c  __mspabi_mpyl_sw                                
0000a8ec  __mspabi_remi                                   
0000aca6  __mspabi_remu                                   
00009df8  __mspabi_remul                                  
0000a918  __mspabi_slli                                   
0000a940  __mspabi_slli_1                                 
0000a92e  __mspabi_slli_10                                
0000a92c  __mspabi_slli_11                                
0000a92a  __mspabi_slli_12                                
0000a928  __mspabi_slli_13                                
0000a926  __mspabi_slli_14                                
0000a924  __mspabi_slli_15                                
0000a93e  __mspabi_slli_2                                 
0000a93c  __mspabi_slli_3                                 
0000a93a  __mspabi_slli_4                                 
0000a938  __mspabi_slli_5                                 
0000a936  __mspabi_slli_6                                 
0000a934  __mspabi_slli_7                                 
0000a932  __mspabi_slli_8                                 
0000a930  __mspabi_slli_9                                 
0000add6  __mspabi_slll                                   
0000a3ce  __mspabi_slll_1                                 
0000a3aa  __mspabi_slll_10                                
0000a3a6  __mspabi_slll_11                                
0000a3a2  __mspabi_slll_12                                
0000a39e  __mspabi_slll_13                                
0000a39a  __mspabi_slll_14                                
0000a396  __mspabi_slll_15                                
0000a3ca  __mspabi_slll_2                                 
0000a3c6  __mspabi_slll_3                                 
0000a3c2  __mspabi_slll_4                                 
0000a3be  __mspabi_slll_5                                 
0000a3ba  __mspabi_slll_6                                 
0000a3b6  __mspabi_slll_7                                 
0000a3b2  __mspabi_slll_8                                 
0000a3ae  __mspabi_slll_9                                 
0000a8c0  __mspabi_srai                                   
0000a8e8  __mspabi_srai_1                                 
0000a8d6  __mspabi_srai_10                                
0000a8d4  __mspabi_srai_11                                
0000a8d2  __mspabi_srai_12                                
0000a8d0  __mspabi_srai_13                                
0000a8ce  __mspabi_srai_14                                
0000a8cc  __mspabi_srai_15                                
0000a8e6  __mspabi_srai_2                                 
0000a8e4  __mspabi_srai_3                                 
0000a8e2  __mspabi_srai_4                                 
0000a8e0  __mspabi_srai_5                                 
0000a8de  __mspabi_srai_6                                 
0000a8dc  __mspabi_srai_7                                 
0000a8da  __mspabi_srai_8                                 
0000a8d8  __mspabi_srai_9                                 
0000adc6  __mspabi_sral                                   
0000a390  __mspabi_sral_1                                 
0000a36c  __mspabi_sral_10                                
0000a368  __mspabi_sral_11                                
0000a364  __mspabi_sral_12                                
0000a360  __mspabi_sral_13                                
0000a35c  __mspabi_sral_14                                
0000a358  __mspabi_sral_15                                
0000a38c  __mspabi_sral_2                                 
0000a388  __mspabi_sral_3                                 
0000a384  __mspabi_sral_4                                 
0000a380  __mspabi_sral_5                                 
0000a37c  __mspabi_sral_6                                 
0000a378  __mspabi_sral_7                                 
0000a374  __mspabi_sral_8                                 
0000a370  __mspabi_sral_9                                 
00009f4e  __mspabi_srli                                   
00009f94  __mspabi_srli_1                                 
00009f70  __mspabi_srli_10                                
00009f6c  __mspabi_srli_11                                
00009f68  __mspabi_srli_12                                
00009f64  __mspabi_srli_13                                
00009f60  __mspabi_srli_14                                
00009f5c  __mspabi_srli_15                                
00009f90  __mspabi_srli_2                                 
00009f8c  __mspabi_srli_3                                 
00009f88  __mspabi_srli_4                                 
00009f84  __mspabi_srli_5                                 
00009f80  __mspabi_srli_6                                 
00009f7c  __mspabi_srli_7                                 
00009f78  __mspabi_srli_8                                 
00009f74  __mspabi_srli_9                                 
0000ad6c  __mspabi_srll                                   
00009d96  __mspabi_srll_1                                 
00009d60  __mspabi_srll_10                                
00009d5a  __mspabi_srll_11                                
00009d54  __mspabi_srll_12                                
00009d4e  __mspabi_srll_13                                
00009d48  __mspabi_srll_14                                
00009d42  __mspabi_srll_15                                
00009d90  __mspabi_srll_2                                 
00009d8a  __mspabi_srll_3                                 
00009d84  __mspabi_srll_4                                 
00009d7e  __mspabi_srll_5                                 
00009d78  __mspabi_srll_6                                 
00009d72  __mspabi_srll_7                                 
00009d6c  __mspabi_srll_8                                 
00009d66  __mspabi_srll_9                                 
00008ca6  __mspabi_subf                                   
000090c2  __sti___16_UART_HANDLER_cpp_3daaade3            
0000abac  __sti___32_main_AP_Async_TalkandListen__cpp_time
00009ba6  _auto_init                                      
0000abfe  _c_int00_noargs_noexit                          
0000fffe  _reset_vector                                   
000005b0  _stack                                          
0000af08  _system_post_cinit                              
0000ae8c  _system_pre_init                                
0000aece  abort                                           
00009d9e  copy_in                                         
00009538  isDupSandFFrame                                 
0000058a  lAddr                                           
00008b6c  main                                            
0000aa74  memcmp                                          
0000ad7e  memcpy                                          
0000ab16  memmove                                         
0000ad0c  memset                                          
0000af5c  mrfiBroadcastAddr                               
00009f9a  mrfiSpiCmdStrobe                                
0000a5a0  mrfiSpiInit                                     
0000ab54  mrfiSpiReadReg                                  
0000ae56  mrfiSpiReadRxFifo                               
0000ac18  mrfiSpiWriteReg                                 
0000ae14  mrfiSpiWriteTxFifo                              
00000524  next_time_Jam                                   
0000ab72  nwk_QInit                                       
0000a536  nwk_QadjustOrder                                
000088b2  nwk_QfindOldest                                 
00009830  nwk_QfindSlot                                   
0000948c  nwk_SendEmptyPollRspFrame                       
00009194  nwk_allocateLocalRxPort                         
000095d8  nwk_buildFrame                                  
0000a894  nwk_checkAppMsgTID                              
0000a944  nwk_checkConnInfo                               
0000a9ba  nwk_connectionControl                           
0000a5d4  nwk_deviceAddress                               
0000a25a  nwk_findAlreadyJoined                           
0000a9e0  nwk_frameInit                                   
0000aed4  nwk_freeConnection                              
0000af0a  nwk_freqInit                                    
0000aeda  nwk_getBCastAddress                             
0000a63a  nwk_getConnInfo                                 
0000aee0  nwk_getFWVersion                                
0000ad90  nwk_getLinkToken                                
0000ada2  nwk_getMyAddress                                
0000aee6  nwk_getMyRxType                                 
00009fe4  nwk_getNextConnection                           
0000ae22  nwk_getNumObjectFromMsg                         
0000aeec  nwk_getProtocolVersion                          
0000ade6  nwk_getQ                                        
0000aef2  nwk_getSFInfoPtr                                
00009a3c  nwk_getSandFFrame                               
0000aa06  nwk_globalsInit                                 
00009c7a  nwk_isConnectionValid                           
0000a29a  nwk_isLinkDuplicate                             
0000a2da  nwk_isSandFClient                               
0000a488  nwk_isValidReply                                
0000aefc  nwk_join                                        
0000ad20  nwk_joinContext                                 
0000a4c2  nwk_joinInit                                    
0000a66c  nwk_linkInit                                    
0000ac62  nwk_mgmtInit                                    
0000993c  nwk_nwkInit                                     
0000aea0  nwk_pingInit                                    
0000af00  nwk_processFreq                                 
0000a3d4  nwk_processJoin                                 
0000a78a  nwk_processLink                                 
0000a078  nwk_processMgmt                                 
0000a69e  nwk_processPing                                 
0000af04  nwk_processSecurity                             
0000a412  nwk_putNumObjectIntoMsg                         
00009ab8  nwk_radioControl                                
0000a6ce  nwk_rawReceive                                  
00009efa  nwk_rawSend                                     
0000a4fc  nwk_replayFrame                                 
0000aeba  nwk_resetSFMarker                               
000093da  nwk_retrieveFrame                               
00009cde  nwk_saveJoinedDevice                            
0000af0c  nwk_securityInit                                
0000a6fe  nwk_sendFrame                                   
0000ae30  nwk_setJoinContext                              
0000adb4  nwk_setLinkToken                                
0000abc8  nwk_setMyAddress                                
00000584  time                                            


GLOBAL SYMBOLS: SORTED BY Symbol Address 

address   name                                            
-------   ----                                            
00000000  IE1                                             
00000001  IE2                                             
00000002  IFG1                                            
00000003  IFG2                                            
00000010  P3REN                                           
00000011  P4REN                                           
00000018  P3IN                                            
00000019  P3OUT                                           
0000001a  P3DIR                                           
0000001b  P3SEL                                           
0000001c  P4IN                                            
0000001d  P4OUT                                           
0000001e  P4DIR                                           
0000001f  P4SEL                                           
00000020  P1IN                                            
00000021  P1OUT                                           
00000022  P1DIR                                           
00000023  P1IFG                                           
00000024  P1IES                                           
00000025  P1IE                                            
00000026  P1SEL                                           
00000027  P1REN                                           
00000028  P2IN                                            
00000029  P2OUT                                           
0000002a  P2DIR                                           
0000002b  P2IFG                                           
0000002c  P2IES                                           
0000002d  P2IE                                            
0000002e  P2SEL                                           
0000002f  P2REN                                           
00000048  ADC10DTC0                                       
00000049  ADC10DTC1                                       
0000004a  ADC10AE0                                        
0000004b  ADC10AE1                                        
00000050  __STACK_SIZE                                    
00000053  BCSCTL3                                         
00000056  DCOCTL                                          
00000057  BCSCTL1                                         
00000058  BCSCTL2                                         
0000005d  UCA0ABCTL                                       
0000005e  UCA0IRTCTL                                      
0000005f  UCA0IRRCTL                                      
00000060  UCA0CTL0                                        
00000061  UCA0CTL1                                        
00000062  UCA0BR0                                         
00000063  UCA0BR1                                         
00000064  UCA0MCTL                                        
00000065  UCA0STAT                                        
00000066  UCA0RXBUF                                       
00000067  UCA0TXBUF                                       
00000068  UCB0CTL0                                        
00000069  UCB0CTL1                                        
0000006a  UCB0BR0                                         
0000006b  UCB0BR1                                         
0000006c  UCB0I2CIE                                       
0000006d  UCB0STAT                                        
0000006e  UCB0RXBUF                                       
0000006f  UCB0TXBUF                                       
000000c0  OA0CTL0                                         
000000c1  OA0CTL1                                         
000000c2  OA1CTL0                                         
000000c3  OA1CTL1                                         
00000118  UCB0I2COA                                       
0000011a  UCB0I2CSA                                       
0000011e  TBIV                                            
00000120  WDTCTL                                          
00000128  FCTL1                                           
0000012a  FCTL2                                           
0000012c  FCTL3                                           
0000012e  TAIV                                            
00000160  TACTL                                           
00000162  TACCTL0                                         
00000164  TACCTL1                                         
00000166  TACCTL2                                         
00000170  TAR                                             
00000172  TACCR0                                          
00000174  TACCR1                                          
00000176  TACCR2                                          
00000180  TBCTL                                           
00000182  TBCCTL0                                         
00000184  TBCCTL1                                         
00000186  TBCCTL2                                         
00000190  TBR                                             
00000192  TBCCR0                                          
00000194  TBCCR1                                          
00000196  TBCCR2                                          
000001b0  ADC10CTL0                                       
000001b2  ADC10CTL1                                       
000001b4  ADC10MEM                                        
000001bc  ADC10SA                                         
00000450  RX_ser_buf                                      
0000048c  TX_ser_buf                                      
000004c8  TX_msg                                          
000004fa  UART_RX_BUFFER                                  
0000050c  UART_TX_BUFFER                                  
0000051e  TX_Time_msg                                     
00000524  next_time_Jam                                   
00000584  time                                            
00000588  TX_msg_Len                                      
0000058a  lAddr                                           
000005b0  _stack                                          
00000600  __STACK_END                                     
000010f8  CALDCO_16MHZ                                    
000010f9  CALBC1_16MHZ                                    
000010fa  CALDCO_12MHZ                                    
000010fb  CALBC1_12MHZ                                    
000010fc  CALDCO_8MHZ                                     
000010fd  CALBC1_8MHZ                                     
000010fe  CALDCO_1MHZ                                     
000010ff  CALBC1_1MHZ                                     
00008000  __mspabi_addd                                   
000082e8  __TI_frcaddd                                    
00008548  MRFI_Init                                       
000088b2  nwk_QfindOldest                                 
00008b6c  main                                            
00008ca6  __mspabi_subf                                   
00008cac  __mspabi_addf                                   
00008ee6  MRFI_Transmit                                   
000090c2  __sti___16_UART_HANDLER_cpp_3daaade3            
00009194  nwk_allocateLocalRxPort                         
00009260  __TI_renormd                                    
0000931e  SMPL_Ioctl                                      
000093da  nwk_retrieveFrame                               
0000948c  nwk_SendEmptyPollRspFrame                       
00009538  isDupSandFFrame                                 
000095d8  nwk_buildFrame                                  
00009676  SMPL_SendOpt                                    
000097a4  __mspabi_cvtdf                                  
00009830  nwk_QfindSlot                                   
0000993c  nwk_nwkInit                                     
000099c0  __TI_decompress_lzss                            
00009a3c  nwk_getSandFFrame                               
00009ab8  nwk_radioControl                                
00009b34  __mspabi_cvtfd                                  
00009ba6  _auto_init                                      
00009c14  _Z9Init_UARTv                                   
00009c7a  nwk_isConnectionValid                           
00009cde  nwk_saveJoinedDevice                            
00009d42  __mspabi_srll_15                                
00009d48  __mspabi_srll_14                                
00009d4e  __mspabi_srll_13                                
00009d54  __mspabi_srll_12                                
00009d5a  __mspabi_srll_11                                
00009d60  __mspabi_srll_10                                
00009d66  __mspabi_srll_9                                 
00009d6c  __mspabi_srll_8                                 
00009d72  __mspabi_srll_7                                 
00009d78  __mspabi_srll_6                                 
00009d7e  __mspabi_srll_5                                 
00009d84  __mspabi_srll_4                                 
00009d8a  __mspabi_srll_3                                 
00009d90  __mspabi_srll_2                                 
00009d96  __mspabi_srll_1                                 
00009d9e  copy_in                                         
00009df8  __mspabi_divul                                  
00009df8  __mspabi_remul                                  
00009e50  _Z11TIMERA0_ISRv                                
00009ea6  MRFI_WakeUp                                     
00009efa  nwk_rawSend                                     
00009f4e  __mspabi_srli                                   
00009f5c  __mspabi_srli_15                                
00009f60  __mspabi_srli_14                                
00009f64  __mspabi_srli_13                                
00009f68  __mspabi_srli_12                                
00009f6c  __mspabi_srli_11                                
00009f70  __mspabi_srli_10                                
00009f74  __mspabi_srli_9                                 
00009f78  __mspabi_srli_8                                 
00009f7c  __mspabi_srli_7                                 
00009f80  __mspabi_srli_6                                 
00009f84  __mspabi_srli_5                                 
00009f88  __mspabi_srli_4                                 
00009f8c  __mspabi_srli_3                                 
00009f90  __mspabi_srli_2                                 
00009f94  __mspabi_srli_1                                 
00009f9a  mrfiSpiCmdStrobe                                
00009fe4  nwk_getNextConnection                           
0000a02e  __mspabi_cmpf                                   
0000a078  nwk_processMgmt                                 
0000a0c0  MRFI_RxAddrIsFiltered                           
0000a14c  MRFI_Rssi                                       
0000a190  _Z17tx_bytes_to_slavePhi                        
0000a218  _Z10ParseRXCmdi                                 
0000a25a  nwk_findAlreadyJoined                           
0000a29a  nwk_isLinkDuplicate                             
0000a2da  nwk_isSandFClient                               
0000a358  __mspabi_sral_15                                
0000a35c  __mspabi_sral_14                                
0000a360  __mspabi_sral_13                                
0000a364  __mspabi_sral_12                                
0000a368  __mspabi_sral_11                                
0000a36c  __mspabi_sral_10                                
0000a370  __mspabi_sral_9                                 
0000a374  __mspabi_sral_8                                 
0000a378  __mspabi_sral_7                                 
0000a37c  __mspabi_sral_6                                 
0000a380  __mspabi_sral_5                                 
0000a384  __mspabi_sral_4                                 
0000a388  __mspabi_sral_3                                 
0000a38c  __mspabi_sral_2                                 
0000a390  __mspabi_sral_1                                 
0000a396  __mspabi_slll_15                                
0000a39a  __mspabi_slll_14                                
0000a39e  __mspabi_slll_13                                
0000a3a2  __mspabi_slll_12                                
0000a3a6  __mspabi_slll_11                                
0000a3aa  __mspabi_slll_10                                
0000a3ae  __mspabi_slll_9                                 
0000a3b2  __mspabi_slll_8                                 
0000a3b6  __mspabi_slll_7                                 
0000a3ba  __mspabi_slll_6                                 
0000a3be  __mspabi_slll_5                                 
0000a3c2  __mspabi_slll_4                                 
0000a3c6  __mspabi_slll_3                                 
0000a3ca  __mspabi_slll_2                                 
0000a3ce  __mspabi_slll_1                                 
0000a3d4  nwk_processJoin                                 
0000a412  nwk_putNumObjectIntoMsg                         
0000a44e  _Z13USCIAB0TX_ISRv                              
0000a488  nwk_isValidReply                                
0000a4c2  nwk_joinInit                                    
0000a4fc  nwk_replayFrame                                 
0000a536  nwk_QadjustOrder                                
0000a56c  MRFI_SetRFPwr                                   
0000a5a0  mrfiSpiInit                                     
0000a5d4  nwk_deviceAddress                               
0000a608  MRFI_SetLogicalChannel                          
0000a63a  nwk_getConnInfo                                 
0000a66c  nwk_linkInit                                    
0000a69e  nwk_processPing                                 
0000a6ce  nwk_rawReceive                                  
0000a6fe  nwk_sendFrame                                   
0000a75c  _Z13USCIAB0RX_ISRv                              
0000a78a  nwk_processLink                                 
0000a810  SMPL_Init                                       
0000a894  nwk_checkAppMsgTID                              
0000a8c0  __mspabi_srai                                   
0000a8cc  __mspabi_srai_15                                
0000a8ce  __mspabi_srai_14                                
0000a8d0  __mspabi_srai_13                                
0000a8d2  __mspabi_srai_12                                
0000a8d4  __mspabi_srai_11                                
0000a8d6  __mspabi_srai_10                                
0000a8d8  __mspabi_srai_9                                 
0000a8da  __mspabi_srai_8                                 
0000a8dc  __mspabi_srai_7                                 
0000a8de  __mspabi_srai_6                                 
0000a8e0  __mspabi_srai_5                                 
0000a8e2  __mspabi_srai_4                                 
0000a8e4  __mspabi_srai_3                                 
0000a8e6  __mspabi_srai_2                                 
0000a8e8  __mspabi_srai_1                                 
0000a8ec  __mspabi_divi                                   
0000a8ec  __mspabi_remi                                   
0000a918  __mspabi_slli                                   
0000a924  __mspabi_slli_15                                
0000a926  __mspabi_slli_14                                
0000a928  __mspabi_slli_13                                
0000a92a  __mspabi_slli_12                                
0000a92c  __mspabi_slli_11                                
0000a92e  __mspabi_slli_10                                
0000a930  __mspabi_slli_9                                 
0000a932  __mspabi_slli_8                                 
0000a934  __mspabi_slli_7                                 
0000a936  __mspabi_slli_6                                 
0000a938  __mspabi_slli_5                                 
0000a93a  __mspabi_slli_4                                 
0000a93c  __mspabi_slli_3                                 
0000a93e  __mspabi_slli_2                                 
0000a940  __mspabi_slli_1                                 
0000a944  nwk_checkConnInfo                               
0000a96e  MRFI_Sleep                                      
0000a9ba  nwk_connectionControl                           
0000a9e0  nwk_frameInit                                   
0000aa06  nwk_globalsInit                                 
0000aa2c  __mspabi_mpyl                                   
0000aa2c  __mspabi_mpyl_sw                                
0000aa52  MRFI_RxOn                                       
0000aa74  memcmp                                          
0000aa96  BSP_Init                                        
0000aab6  BSP_InitBoard                                   
0000aad6  MRFI_RxCompleteISR                              
0000aaf6  MRFI_RxIdle                                     
0000ab16  memmove                                         
0000ab36  BSP_Delay                                       
0000ab54  mrfiSpiReadReg                                  
0000ab72  nwk_QInit                                       
0000ab90  MRFI_GpioIsr                                    
0000abac  __sti___32_main_AP_Async_TalkandListen__cpp_time
0000abc8  nwk_setMyAddress                                
0000abe4  BSP_GpioPort1Isr                                
0000abfe  _c_int00_noargs_noexit                          
0000ac18  mrfiSpiWriteReg                                 
0000ac32  MRFI_DelayMs                                    
0000ac62  nwk_mgmtInit                                    
0000ac7a  MRFI_RandomByte                                 
0000aca6  __mspabi_divu                                   
0000aca6  __mspabi_remu                                   
0000acbc  _Z9InitTimerv                                   
0000acd0  _Z9toggleLEDh                                   
0000ace4  __TI_zero_init                                  
0000ad0c  memset                                          
0000ad20  nwk_joinContext                                 
0000ad34  __mspabi_mpyi                                   
0000ad34  __mspabi_mpyi_sw                                
0000ad48  BSP_InitLeds                                    
0000ad5a  __TI_decompress_none                            
0000ad6c  __mspabi_srll                                   
0000ad7e  memcpy                                          
0000ad90  nwk_getLinkToken                                
0000ada2  nwk_getMyAddress                                
0000adb4  nwk_setLinkToken                                
0000adc6  __mspabi_sral                                   
0000add6  __mspabi_slll                                   
0000ade6  nwk_getQ                                        
0000adf6  __mspabi_func_epilog_7                          
0000adf8  __mspabi_func_epilog_6                          
0000adfa  __mspabi_func_epilog_5                          
0000adfc  __mspabi_func_epilog_4                          
0000adfe  __mspabi_func_epilog_3                          
0000ae00  __mspabi_func_epilog_2                          
0000ae02  __mspabi_func_epilog_1                          
0000ae06  MRFI_Receive                                    
0000ae14  mrfiSpiWriteTxFifo                              
0000ae22  nwk_getNumObjectFromMsg                         
0000ae30  nwk_setJoinContext                              
0000ae3e  MRFI_PostKillSem                                
0000ae56  mrfiSpiReadRxFifo                               
0000ae6e  BSP_InitButtons                                 
0000ae78  BSP_InitDrivers                                 
0000ae82  _Z11Disable_Intv                                
0000ae8c  _system_pre_init                                
0000aea0  nwk_pingInit                                    
0000aeaa  SMPL_Send                                       
0000aeb2  __TI_ISR_TRAP                                   
0000aeba  nwk_resetSFMarker                               
0000aec2  MRFI_GetRadioState                              
0000aec8  _Z11Restore_Intt                                
0000aece  C$$EXIT                                         
0000aece  abort                                           
0000aed4  nwk_freeConnection                              
0000aeda  nwk_getBCastAddress                             
0000aee0  nwk_getFWVersion                                
0000aee6  nwk_getMyRxType                                 
0000aeec  nwk_getProtocolVersion                          
0000aef2  nwk_getSFInfoPtr                                
0000aefc  nwk_join                                        
0000af00  nwk_processFreq                                 
0000af04  nwk_processSecurity                             
0000af08  _system_post_cinit                              
0000af0a  nwk_freqInit                                    
0000af0c  nwk_securityInit                                
0000af5c  mrfiBroadcastAddr                               
0000af6c  __TI_INITARRAY_Base                             
0000af70  __TI_INITARRAY_Limit                            
0000af82  __TI_Handler_Table_Base                         
0000af88  __TI_Handler_Table_Limit                        
0000af8c  __TI_CINIT_Base                                 
0000af94  __TI_CINIT_Limit                                
0000ffe4  __TI_int02                                      
0000ffe6  __TI_int03                                      
0000ffea  __TI_int05                                      
0000ffec  __TI_int06                                      
0000ffee  __TI_int07                                      
0000fff0  __TI_int08                                      
0000fff2  __TI_int09                                      
0000fff4  __TI_int10                                      
0000fff8  __TI_int12                                      
0000fffa  __TI_int13                                      
0000fffc  __TI_int14                                      
0000fffe  _reset_vector                                   
ffffffff  __TI_pprof_out_hndl                             
ffffffff  __TI_prof_data_size                             
ffffffff  __TI_prof_data_start                            
ffffffff  __c_args__                                      
UNDEFED   __TI_BINIT_Base                                 
UNDEFED   __TI_BINIT_Limit                                

[377 symbols]
