<?xml version="1.0"?>
<link_info>
   <banner>MSP430 Linker PC v16.9.0.LTS</banner>
   <copyright>Copyright (c) 2003-2015 Texas Instruments Incorporated</copyright>
   <link_time>0x5887b63d</link_time>
   <link_errors>0x0</link_errors>
   <output_file>cubebots.out</output_file>
   <entry_point>
      <name>_c_int00_noargs_noexit</name>
      <address>0xd3c4</address>
   </entry_point>
   <input_file_list>
      <input_file id="fl-2">
         <path>.\Applications\application\End Device\</path>
         <kind>object</kind>
         <file>main_manyEDs_clock.obj</file>
         <name>main_manyEDs_clock.obj</name>
      </input_file>
      <input_file id="fl-3">
         <path>.\Components\bsp\</path>
         <kind>object</kind>
         <file>bsp.obj</file>
         <name>bsp.obj</name>
      </input_file>
      <input_file id="fl-4">
         <path>.\Components\mrfi\</path>
         <kind>object</kind>
         <file>mrfi.obj</file>
         <name>mrfi.obj</name>
      </input_file>
      <input_file id="fl-5">
         <path>.\Components\simpliciti\nwk\</path>
         <kind>object</kind>
         <file>nwk.obj</file>
         <name>nwk.obj</name>
      </input_file>
      <input_file id="fl-6">
         <path>.\Components\simpliciti\nwk\</path>
         <kind>object</kind>
         <file>nwk_QMgmt.obj</file>
         <name>nwk_QMgmt.obj</name>
      </input_file>
      <input_file id="fl-7">
         <path>.\Components\simpliciti\nwk\</path>
         <kind>object</kind>
         <file>nwk_api.obj</file>
         <name>nwk_api.obj</name>
      </input_file>
      <input_file id="fl-8">
         <path>.\Components\simpliciti\nwk\</path>
         <kind>object</kind>
         <file>nwk_frame.obj</file>
         <name>nwk_frame.obj</name>
      </input_file>
      <input_file id="fl-9">
         <path>.\Components\simpliciti\nwk\</path>
         <kind>object</kind>
         <file>nwk_globals.obj</file>
         <name>nwk_globals.obj</name>
      </input_file>
      <input_file id="fl-a">
         <path>.\Components\simpliciti\nwk_applications\</path>
         <kind>object</kind>
         <file>nwk_freq.obj</file>
         <name>nwk_freq.obj</name>
      </input_file>
      <input_file id="fl-b">
         <path>.\Components\simpliciti\nwk_applications\</path>
         <kind>object</kind>
         <file>nwk_ioctl.obj</file>
         <name>nwk_ioctl.obj</name>
      </input_file>
      <input_file id="fl-c">
         <path>.\Components\simpliciti\nwk_applications\</path>
         <kind>object</kind>
         <file>nwk_join.obj</file>
         <name>nwk_join.obj</name>
      </input_file>
      <input_file id="fl-d">
         <path>.\Components\simpliciti\nwk_applications\</path>
         <kind>object</kind>
         <file>nwk_link.obj</file>
         <name>nwk_link.obj</name>
      </input_file>
      <input_file id="fl-e">
         <path>.\Components\simpliciti\nwk_applications\</path>
         <kind>object</kind>
         <file>nwk_mgmt.obj</file>
         <name>nwk_mgmt.obj</name>
      </input_file>
      <input_file id="fl-f">
         <path>.\Components\simpliciti\nwk_applications\</path>
         <kind>object</kind>
         <file>nwk_ping.obj</file>
         <name>nwk_ping.obj</name>
      </input_file>
      <input_file id="fl-10">
         <path>.\Components\simpliciti\nwk_applications\</path>
         <kind>object</kind>
         <file>nwk_security.obj</file>
         <name>nwk_security.obj</name>
      </input_file>
      <input_file id="fl-11">
         <path>.\utils\</path>
         <kind>object</kind>
         <file>UART_HANDLER.obj</file>
         <name>UART_HANDLER.obj</name>
      </input_file>
      <input_file id="fl-12">
         <path>.\utils\</path>
         <kind>object</kind>
         <file>utils.obj</file>
         <name>utils.obj</name>
      </input_file>
      <input_file id="fl-2d">
         <path>C:\ti\ccsv7\tools\compiler\ti-cgt-msp430_16.9.0.LTS\lib\</path>
         <kind>archive</kind>
         <file>rts430_eabi.lib</file>
         <name>addd.obj</name>
      </input_file>
      <input_file id="fl-2e">
         <path>C:\ti\ccsv7\tools\compiler\ti-cgt-msp430_16.9.0.LTS\lib\</path>
         <kind>archive</kind>
         <file>rts430_eabi.lib</file>
         <name>asr16.obj</name>
      </input_file>
      <input_file id="fl-2f">
         <path>C:\ti\ccsv7\tools\compiler\ti-cgt-msp430_16.9.0.LTS\lib\</path>
         <kind>archive</kind>
         <file>rts430_eabi.lib</file>
         <name>asr32.obj</name>
      </input_file>
      <input_file id="fl-30">
         <path>C:\ti\ccsv7\tools\compiler\ti-cgt-msp430_16.9.0.LTS\lib\</path>
         <kind>archive</kind>
         <file>rts430_eabi.lib</file>
         <name>boot.obj</name>
      </input_file>
      <input_file id="fl-31">
         <path>C:\ti\ccsv7\tools\compiler\ti-cgt-msp430_16.9.0.LTS\lib\</path>
         <kind>archive</kind>
         <file>rts430_eabi.lib</file>
         <name>boot_special.obj</name>
      </input_file>
      <input_file id="fl-32">
         <path>C:\ti\ccsv7\tools\compiler\ti-cgt-msp430_16.9.0.LTS\lib\</path>
         <kind>archive</kind>
         <file>rts430_eabi.lib</file>
         <name>copy_decompress_lzss.obj</name>
      </input_file>
      <input_file id="fl-33">
         <path>C:\ti\ccsv7\tools\compiler\ti-cgt-msp430_16.9.0.LTS\lib\</path>
         <kind>archive</kind>
         <file>rts430_eabi.lib</file>
         <name>copy_decompress_none.obj</name>
      </input_file>
      <input_file id="fl-34">
         <path>C:\ti\ccsv7\tools\compiler\ti-cgt-msp430_16.9.0.LTS\lib\</path>
         <kind>archive</kind>
         <file>rts430_eabi.lib</file>
         <name>copy_zero_init.obj</name>
      </input_file>
      <input_file id="fl-35">
         <path>C:\ti\ccsv7\tools\compiler\ti-cgt-msp430_16.9.0.LTS\lib\</path>
         <kind>archive</kind>
         <file>rts430_eabi.lib</file>
         <name>cvtdf.obj</name>
      </input_file>
      <input_file id="fl-36">
         <path>C:\ti\ccsv7\tools\compiler\ti-cgt-msp430_16.9.0.LTS\lib\</path>
         <kind>archive</kind>
         <file>rts430_eabi.lib</file>
         <name>cvtfd.obj</name>
      </input_file>
      <input_file id="fl-37">
         <path>C:\ti\ccsv7\tools\compiler\ti-cgt-msp430_16.9.0.LTS\lib\</path>
         <kind>archive</kind>
         <file>rts430_eabi.lib</file>
         <name>div16s.obj</name>
      </input_file>
      <input_file id="fl-38">
         <path>C:\ti\ccsv7\tools\compiler\ti-cgt-msp430_16.9.0.LTS\lib\</path>
         <kind>archive</kind>
         <file>rts430_eabi.lib</file>
         <name>div16u.obj</name>
      </input_file>
      <input_file id="fl-39">
         <path>C:\ti\ccsv7\tools\compiler\ti-cgt-msp430_16.9.0.LTS\lib\</path>
         <kind>archive</kind>
         <file>rts430_eabi.lib</file>
         <name>div32u.obj</name>
      </input_file>
      <input_file id="fl-3a">
         <path>C:\ti\ccsv7\tools\compiler\ti-cgt-msp430_16.9.0.LTS\lib\</path>
         <kind>archive</kind>
         <file>rts430_eabi.lib</file>
         <name>epilog.obj</name>
      </input_file>
      <input_file id="fl-3b">
         <path>C:\ti\ccsv7\tools\compiler\ti-cgt-msp430_16.9.0.LTS\lib\</path>
         <kind>archive</kind>
         <file>rts430_eabi.lib</file>
         <name>exit.obj</name>
      </input_file>
      <input_file id="fl-3c">
         <path>C:\ti\ccsv7\tools\compiler\ti-cgt-msp430_16.9.0.LTS\lib\</path>
         <kind>archive</kind>
         <file>rts430_eabi.lib</file>
         <name>exit_gvars.obj</name>
      </input_file>
      <input_file id="fl-3d">
         <path>C:\ti\ccsv7\tools\compiler\ti-cgt-msp430_16.9.0.LTS\lib\</path>
         <kind>archive</kind>
         <file>rts430_eabi.lib</file>
         <name>frcaddd.obj</name>
      </input_file>
      <input_file id="fl-3e">
         <path>C:\ti\ccsv7\tools\compiler\ti-cgt-msp430_16.9.0.LTS\lib\</path>
         <kind>archive</kind>
         <file>rts430_eabi.lib</file>
         <name>fs_add.obj</name>
      </input_file>
      <input_file id="fl-3f">
         <path>C:\ti\ccsv7\tools\compiler\ti-cgt-msp430_16.9.0.LTS\lib\</path>
         <kind>archive</kind>
         <file>rts430_eabi.lib</file>
         <name>fs_cmp.obj</name>
      </input_file>
      <input_file id="fl-40">
         <path>C:\ti\ccsv7\tools\compiler\ti-cgt-msp430_16.9.0.LTS\lib\</path>
         <kind>archive</kind>
         <file>rts430_eabi.lib</file>
         <name>fs_div.obj</name>
      </input_file>
      <input_file id="fl-41">
         <path>C:\ti\ccsv7\tools\compiler\ti-cgt-msp430_16.9.0.LTS\lib\</path>
         <kind>archive</kind>
         <file>rts430_eabi.lib</file>
         <name>fs_itof.obj</name>
      </input_file>
      <input_file id="fl-42">
         <path>C:\ti\ccsv7\tools\compiler\ti-cgt-msp430_16.9.0.LTS\lib\</path>
         <kind>archive</kind>
         <file>rts430_eabi.lib</file>
         <name>fs_mpy.obj</name>
      </input_file>
      <input_file id="fl-43">
         <path>C:\ti\ccsv7\tools\compiler\ti-cgt-msp430_16.9.0.LTS\lib\</path>
         <kind>archive</kind>
         <file>rts430_eabi.lib</file>
         <name>fs_neg.obj</name>
      </input_file>
      <input_file id="fl-44">
         <path>C:\ti\ccsv7\tools\compiler\ti-cgt-msp430_16.9.0.LTS\lib\</path>
         <kind>archive</kind>
         <file>rts430_eabi.lib</file>
         <name>fs_toi.obj</name>
      </input_file>
      <input_file id="fl-45">
         <path>C:\ti\ccsv7\tools\compiler\ti-cgt-msp430_16.9.0.LTS\lib\</path>
         <kind>archive</kind>
         <file>rts430_eabi.lib</file>
         <name>fs_tou.obj</name>
      </input_file>
      <input_file id="fl-46">
         <path>C:\ti\ccsv7\tools\compiler\ti-cgt-msp430_16.9.0.LTS\lib\</path>
         <kind>archive</kind>
         <file>rts430_eabi.lib</file>
         <name>int02.obj</name>
      </input_file>
      <input_file id="fl-47">
         <path>C:\ti\ccsv7\tools\compiler\ti-cgt-msp430_16.9.0.LTS\lib\</path>
         <kind>archive</kind>
         <file>rts430_eabi.lib</file>
         <name>int05.obj</name>
      </input_file>
      <input_file id="fl-48">
         <path>C:\ti\ccsv7\tools\compiler\ti-cgt-msp430_16.9.0.LTS\lib\</path>
         <kind>archive</kind>
         <file>rts430_eabi.lib</file>
         <name>int08.obj</name>
      </input_file>
      <input_file id="fl-49">
         <path>C:\ti\ccsv7\tools\compiler\ti-cgt-msp430_16.9.0.LTS\lib\</path>
         <kind>archive</kind>
         <file>rts430_eabi.lib</file>
         <name>int10.obj</name>
      </input_file>
      <input_file id="fl-4a">
         <path>C:\ti\ccsv7\tools\compiler\ti-cgt-msp430_16.9.0.LTS\lib\</path>
         <kind>archive</kind>
         <file>rts430_eabi.lib</file>
         <name>int12.obj</name>
      </input_file>
      <input_file id="fl-4b">
         <path>C:\ti\ccsv7\tools\compiler\ti-cgt-msp430_16.9.0.LTS\lib\</path>
         <kind>archive</kind>
         <file>rts430_eabi.lib</file>
         <name>int13.obj</name>
      </input_file>
      <input_file id="fl-4c">
         <path>C:\ti\ccsv7\tools\compiler\ti-cgt-msp430_16.9.0.LTS\lib\</path>
         <kind>archive</kind>
         <file>rts430_eabi.lib</file>
         <name>int14.obj</name>
      </input_file>
      <input_file id="fl-4d">
         <path>C:\ti\ccsv7\tools\compiler\ti-cgt-msp430_16.9.0.LTS\lib\</path>
         <kind>archive</kind>
         <file>rts430_eabi.lib</file>
         <name>isr_trap.obj</name>
      </input_file>
      <input_file id="fl-4e">
         <path>C:\ti\ccsv7\tools\compiler\ti-cgt-msp430_16.9.0.LTS\lib\</path>
         <kind>archive</kind>
         <file>rts430_eabi.lib</file>
         <name>lsl16.obj</name>
      </input_file>
      <input_file id="fl-4f">
         <path>C:\ti\ccsv7\tools\compiler\ti-cgt-msp430_16.9.0.LTS\lib\</path>
         <kind>archive</kind>
         <file>rts430_eabi.lib</file>
         <name>lsl32.obj</name>
      </input_file>
      <input_file id="fl-50">
         <path>C:\ti\ccsv7\tools\compiler\ti-cgt-msp430_16.9.0.LTS\lib\</path>
         <kind>archive</kind>
         <file>rts430_eabi.lib</file>
         <name>lsr16.obj</name>
      </input_file>
      <input_file id="fl-51">
         <path>C:\ti\ccsv7\tools\compiler\ti-cgt-msp430_16.9.0.LTS\lib\</path>
         <kind>archive</kind>
         <file>rts430_eabi.lib</file>
         <name>lsr32.obj</name>
      </input_file>
      <input_file id="fl-52">
         <path>C:\ti\ccsv7\tools\compiler\ti-cgt-msp430_16.9.0.LTS\lib\</path>
         <kind>archive</kind>
         <file>rts430_eabi.lib</file>
         <name>lsr64.obj</name>
      </input_file>
      <input_file id="fl-53">
         <path>C:\ti\ccsv7\tools\compiler\ti-cgt-msp430_16.9.0.LTS\lib\</path>
         <kind>archive</kind>
         <file>rts430_eabi.lib</file>
         <name>memcmp.obj</name>
      </input_file>
      <input_file id="fl-54">
         <path>C:\ti\ccsv7\tools\compiler\ti-cgt-msp430_16.9.0.LTS\lib\</path>
         <kind>archive</kind>
         <file>rts430_eabi.lib</file>
         <name>memcpy.obj</name>
      </input_file>
      <input_file id="fl-55">
         <path>C:\ti\ccsv7\tools\compiler\ti-cgt-msp430_16.9.0.LTS\lib\</path>
         <kind>archive</kind>
         <file>rts430_eabi.lib</file>
         <name>memmov.obj</name>
      </input_file>
      <input_file id="fl-56">
         <path>C:\ti\ccsv7\tools\compiler\ti-cgt-msp430_16.9.0.LTS\lib\</path>
         <kind>archive</kind>
         <file>rts430_eabi.lib</file>
         <name>memset.obj</name>
      </input_file>
      <input_file id="fl-57">
         <path>C:\ti\ccsv7\tools\compiler\ti-cgt-msp430_16.9.0.LTS\lib\</path>
         <kind>archive</kind>
         <file>rts430_eabi.lib</file>
         <name>mpu_init.obj</name>
      </input_file>
      <input_file id="fl-58">
         <path>C:\ti\ccsv7\tools\compiler\ti-cgt-msp430_16.9.0.LTS\lib\</path>
         <kind>archive</kind>
         <file>rts430_eabi.lib</file>
         <name>mult16.obj</name>
      </input_file>
      <input_file id="fl-59">
         <path>C:\ti\ccsv7\tools\compiler\ti-cgt-msp430_16.9.0.LTS\lib\</path>
         <kind>archive</kind>
         <file>rts430_eabi.lib</file>
         <name>mult32.obj</name>
      </input_file>
      <input_file id="fl-5a">
         <path>C:\ti\ccsv7\tools\compiler\ti-cgt-msp430_16.9.0.LTS\lib\</path>
         <kind>archive</kind>
         <file>rts430_eabi.lib</file>
         <name>renormd.obj</name>
      </input_file>
      <input_file id="fl-5b">
         <path>C:\ti\ccsv7\tools\compiler\ti-cgt-msp430_16.9.0.LTS\lib\</path>
         <kind>archive</kind>
         <file>rts430_eabi.lib</file>
         <name>rotl16.obj</name>
      </input_file>
      <input_file id="fl-5c">
         <path>C:\ti\ccsv7\tools\compiler\ti-cgt-msp430_16.9.0.LTS\lib\</path>
         <kind>archive</kind>
         <file>rts430_eabi.lib</file>
         <name>s_sinf.obj</name>
      </input_file>
      <input_file id="fl-5d">
         <path>C:\ti\ccsv7\tools\compiler\ti-cgt-msp430_16.9.0.LTS\lib\</path>
         <kind>archive</kind>
         <file>rts430_eabi.lib</file>
         <name>subd.obj</name>
      </input_file>
      <input_file id="fl-5e">
         <path>C:\ti\ccsv7\tools\compiler\ti-cgt-msp430_16.9.0.LTS\lib\</path>
         <kind>archive</kind>
         <file>rts430_eabi.lib</file>
         <name>_lock.obj</name>
      </input_file>
      <input_file id="fl-5f">
         <path>C:\ti\ccsv7\tools\compiler\ti-cgt-msp430_16.9.0.LTS\lib\</path>
         <kind>archive</kind>
         <file>rts430_eabi.lib</file>
         <name>args_main.obj</name>
      </input_file>
      <input_file id="fl-60">
         <path>C:\ti\ccsv7\tools\compiler\ti-cgt-msp430_16.9.0.LTS\lib\</path>
         <kind>archive</kind>
         <file>rts430_eabi.lib</file>
         <name>autoinit.obj</name>
      </input_file>
      <input_file id="fl-61">
         <path>C:\ti\ccsv7\tools\compiler\ti-cgt-msp430_16.9.0.LTS\lib\</path>
         <kind>archive</kind>
         <file>rts430_eabi.lib</file>
         <name>cpy_tbl.obj</name>
      </input_file>
      <input_file id="fl-62">
         <path>C:\ti\ccsv7\tools\compiler\ti-cgt-msp430_16.9.0.LTS\lib\</path>
         <kind>archive</kind>
         <file>rts430_eabi.lib</file>
         <name>fixdli.obj</name>
      </input_file>
      <input_file id="fl-63">
         <path>C:\ti\ccsv7\tools\compiler\ti-cgt-msp430_16.9.0.LTS\lib\</path>
         <kind>archive</kind>
         <file>rts430_eabi.lib</file>
         <name>k_rem_pio2.obj</name>
      </input_file>
      <input_file id="fl-64">
         <path>C:\ti\ccsv7\tools\compiler\ti-cgt-msp430_16.9.0.LTS\lib\</path>
         <kind>archive</kind>
         <file>rts430_eabi.lib</file>
         <name>mpyd.obj</name>
      </input_file>
      <input_file id="fl-65">
         <path>C:\ti\ccsv7\tools\compiler\ti-cgt-msp430_16.9.0.LTS\lib\</path>
         <kind>archive</kind>
         <file>rts430_eabi.lib</file>
         <name>negd.obj</name>
      </input_file>
      <input_file id="fl-66">
         <path>C:\ti\ccsv7\tools\compiler\ti-cgt-msp430_16.9.0.LTS\lib\</path>
         <kind>archive</kind>
         <file>rts430_eabi.lib</file>
         <name>s_floor.obj</name>
      </input_file>
      <input_file id="fl-67">
         <path>C:\ti\ccsv7\tools\compiler\ti-cgt-msp430_16.9.0.LTS\lib\</path>
         <kind>archive</kind>
         <file>rts430_eabi.lib</file>
         <name>s_scalbn.obj</name>
      </input_file>
      <input_file id="fl-68">
         <path>C:\ti\ccsv7\tools\compiler\ti-cgt-msp430_16.9.0.LTS\lib\</path>
         <kind>archive</kind>
         <file>rts430_eabi.lib</file>
         <name>startup.obj</name>
      </input_file>
      <input_file id="fl-69">
         <path>C:\ti\ccsv7\tools\compiler\ti-cgt-msp430_16.9.0.LTS\lib\</path>
         <kind>archive</kind>
         <file>rts430_eabi.lib</file>
         <name>cmpd.obj</name>
      </input_file>
      <input_file id="fl-6a">
         <path>C:\ti\ccsv7\tools\compiler\ti-cgt-msp430_16.9.0.LTS\lib\</path>
         <kind>archive</kind>
         <file>rts430_eabi.lib</file>
         <name>errno.obj</name>
      </input_file>
      <input_file id="fl-6b">
         <path>C:\ti\ccsv7\tools\compiler\ti-cgt-msp430_16.9.0.LTS\lib\</path>
         <kind>archive</kind>
         <file>rts430_eabi.lib</file>
         <name>fltlid.obj</name>
      </input_file>
      <input_file id="fl-6c">
         <path>C:\ti\ccsv7\tools\compiler\ti-cgt-msp430_16.9.0.LTS\lib\</path>
         <kind>archive</kind>
         <file>rts430_eabi.lib</file>
         <name>frcmpyd.obj</name>
      </input_file>
      <input_file id="fl-6d">
         <path>C:\ti\ccsv7\tools\compiler\ti-cgt-msp430_16.9.0.LTS\lib\</path>
         <kind>archive</kind>
         <file>rts430_eabi.lib</file>
         <name>s_copysign.obj</name>
      </input_file>
   </input_file_list>
   <object_component_list>
      <object_component id="oc-205">
         <name>.bss</name>
         <uninitialized>true</uninitialized>
         <run_address>0x3b2</run_address>
         <size>0x3</size>
         <input_file_ref idref="fl-2"/>
      </object_component>
      <object_component id="oc-3d7">
         <name>.bss:mrfiIncomingPacket</name>
         <uninitialized>true</uninitialized>
         <run_address>0x338</run_address>
         <size>0x2e</size>
         <input_file_ref idref="fl-4"/>
      </object_component>
      <object_component id="oc-63b">
         <name>.bss:sInFrameQ</name>
         <uninitialized>true</uninitialized>
         <run_address>0x200</run_address>
         <size>0x60</size>
         <input_file_ref idref="fl-6"/>
      </object_component>
      <object_component id="oc-63e">
         <name>.bss:sOutFrameQ</name>
         <uninitialized>true</uninitialized>
         <run_address>0x260</run_address>
         <size>0x60</size>
         <input_file_ref idref="fl-6"/>
      </object_component>
      <object_component id="oc-630">
         <name>.bss:sAPAddress</name>
         <uninitialized>true</uninitialized>
         <run_address>0x3aa</run_address>
         <size>0x4</size>
         <input_file_ref idref="fl-9"/>
      </object_component>
      <object_component id="oc-529">
         <name>.bss:sMyRAMAddress</name>
         <uninitialized>true</uninitialized>
         <run_address>0x3ae</run_address>
         <size>0x4</size>
         <input_file_ref idref="fl-9"/>
      </object_component>
      <object_component id="oc-64c">
         <name>.bss:sServiceLinkID</name>
         <uninitialized>true</uninitialized>
         <run_address>0x3b6</run_address>
         <size>0x2</size>
         <input_file_ref idref="fl-d"/>
      </object_component>
      <object_component id="oc-19e">
         <name>.bss:UART_RX_BUFFER</name>
         <uninitialized>true</uninitialized>
         <run_address>0x386</run_address>
         <size>0x12</size>
         <input_file_ref idref="fl-11"/>
      </object_component>
      <object_component id="oc-197">
         <name>.bss:UART_TX_BUFFER</name>
         <uninitialized>true</uninitialized>
         <run_address>0x398</run_address>
         <size>0x12</size>
         <input_file_ref idref="fl-11"/>
      </object_component>
      <object_component id="oc-235">
         <name>.common:RadioMSG</name>
         <uninitialized>true</uninitialized>
         <run_address>0x366</run_address>
         <size>0x20</size>
      </object_component>
      <object_component id="oc-262">
         <name>.common:RX_ser_buf</name>
         <uninitialized>true</uninitialized>
         <run_address>0x2c0</run_address>
         <size>0x3c</size>
      </object_component>
      <object_component id="oc-269">
         <name>.common:TX_ser_buf</name>
         <uninitialized>true</uninitialized>
         <run_address>0x2fc</run_address>
         <size>0x3c</size>
      </object_component>
      <object_component id="oc-1a2">
         <name>.data</name>
         <load_address>0x3b8</load_address>
         <run_address>0x3b8</run_address>
         <size>0x2a</size>
         <input_file_ref idref="fl-2"/>
      </object_component>
      <object_component id="oc-214">
         <name>.data:lAddr</name>
         <load_address>0x429</load_address>
         <run_address>0x429</run_address>
         <size>0x4</size>
         <input_file_ref idref="fl-2"/>
      </object_component>
      <object_component id="oc-461">
         <name>.data</name>
         <load_address>0x411</load_address>
         <run_address>0x411</run_address>
         <size>0x1</size>
         <input_file_ref idref="fl-3"/>
      </object_component>
      <object_component id="oc-3c8">
         <name>.data</name>
         <load_address>0x408</load_address>
         <run_address>0x408</run_address>
         <size>0x9</size>
         <input_file_ref idref="fl-4"/>
      </object_component>
      <object_component id="oc-533">
         <name>.data:mrfiRxFilterAddr</name>
         <load_address>0x42e</load_address>
         <run_address>0x42e</run_address>
         <size>0x4</size>
         <input_file_ref idref="fl-4"/>
      </object_component>
      <object_component id="oc-4e4">
         <name>.data:sPersistInfo</name>
         <load_address>0x3e2</load_address>
         <run_address>0x3e2</run_address>
         <size>0x26</size>
         <input_file_ref idref="fl-5"/>
      </object_component>
      <object_component id="oc-32a">
         <name>.data</name>
         <load_address>0x421</load_address>
         <run_address>0x421</run_address>
         <size>0x1</size>
         <input_file_ref idref="fl-7"/>
      </object_component>
      <object_component id="oc-610">
         <name>.data</name>
         <load_address>0x412</load_address>
         <run_address>0x412</run_address>
         <size>0x8</size>
         <input_file_ref idref="fl-8"/>
      </object_component>
      <object_component id="oc-526">
         <name>.data</name>
         <load_address>0x42d</load_address>
         <run_address>0x42d</run_address>
         <size>0x1</size>
         <input_file_ref idref="fl-9"/>
      </object_component>
      <object_component id="oc-53f">
         <name>.data</name>
         <load_address>0x41a</load_address>
         <run_address>0x41a</run_address>
         <size>0x7</size>
         <input_file_ref idref="fl-c"/>
      </object_component>
      <object_component id="oc-56c">
         <name>.data</name>
         <load_address>0x422</load_address>
         <run_address>0x422</run_address>
         <size>0x7</size>
         <input_file_ref idref="fl-d"/>
      </object_component>
      <object_component id="oc-648">
         <name>.data</name>
         <load_address>0x432</load_address>
         <run_address>0x432</run_address>
         <size>0x3</size>
         <input_file_ref idref="fl-e"/>
      </object_component>
      <object_component id="oc-643">
         <name>.data</name>
         <load_address>0x435</load_address>
         <run_address>0x435</run_address>
         <size>0x1</size>
         <input_file_ref idref="fl-f"/>
      </object_component>
      <object_component id="oc-5df">
         <name>.data</name>
         <load_address>0x436</load_address>
         <run_address>0x436</run_address>
         <size>0x2</size>
         <input_file_ref idref="fl-6a"/>
      </object_component>
      <object_component id="oc-ed">
         <name>.stack</name>
         <uninitialized>true</uninitialized>
         <run_address>0x5b0</run_address>
         <size>0x2</size>
         <input_file_ref idref="fl-30"/>
      </object_component>
      <object_component id="oc-78c">
         <name>.stack</name>
         <uninitialized>true</uninitialized>
         <run_address>0x5b0</run_address>
         <size>0x0</size>
      </object_component>
      <object_component id="oc-2c3">
         <name>.text:__kernel_rem_pio2</name>
         <load_address>0x8000</load_address>
         <run_address>0x8000</run_address>
         <size>0xd8e</size>
         <input_file_ref idref="fl-63"/>
      </object_component>
      <object_component id="oc-1d4">
         <name>.text:sinf</name>
         <load_address>0x8d8e</load_address>
         <run_address>0x8d8e</run_address>
         <size>0xd2c</size>
         <input_file_ref idref="fl-5c"/>
      </object_component>
      <object_component id="oc-1ab">
         <name>.text:__mspabi_addd</name>
         <load_address>0x9aba</load_address>
         <run_address>0x9aba</run_address>
         <size>0x2e8</size>
         <input_file_ref idref="fl-2d"/>
      </object_component>
      <object_component id="oc-448">
         <name>.text:__TI_frcmpyd</name>
         <load_address>0x9da2</load_address>
         <run_address>0x9da2</run_address>
         <size>0x286</size>
         <input_file_ref idref="fl-6c"/>
      </object_component>
      <object_component id="oc-2cf">
         <name>.text:__mspabi_mpyd</name>
         <load_address>0xa028</load_address>
         <run_address>0xa028</run_address>
         <size>0x26e</size>
         <input_file_ref idref="fl-64"/>
      </object_component>
      <object_component id="oc-2a3">
         <name>.text:__TI_frcaddd</name>
         <load_address>0xa296</load_address>
         <run_address>0xa296</run_address>
         <size>0x260</size>
         <input_file_ref idref="fl-3d"/>
      </object_component>
      <object_component id="oc-436">
         <name>.text:floor</name>
         <load_address>0xa4f6</load_address>
         <run_address>0xa4f6</run_address>
         <size>0x1d0</size>
         <input_file_ref idref="fl-66"/>
      </object_component>
      <object_component id="oc-360">
         <name>.text:MRFI_Init</name>
         <load_address>0xa6c6</load_address>
         <run_address>0xa6c6</run_address>
         <size>0x1c6</size>
         <input_file_ref idref="fl-4"/>
      </object_component>
      <object_component id="oc-12f">
         <name>.text:TIMERA0_ISR</name>
         <load_address>0xa88c</load_address>
         <run_address>0xa88c</run_address>
         <size>0x1b6</size>
         <input_file_ref idref="fl-2"/>
      </object_component>
      <object_component id="oc-430">
         <name>.text:scalbn</name>
         <load_address>0xaa42</load_address>
         <run_address>0xaa42</run_address>
         <size>0x1a4</size>
         <input_file_ref idref="fl-67"/>
      </object_component>
      <object_component id="oc-736">
         <name>.text:smpl_send_link_reply</name>
         <load_address>0xabe6</load_address>
         <run_address>0xabe6</run_address>
         <size>0x198</size>
         <input_file_ref idref="fl-d"/>
      </object_component>
      <object_component id="oc-15c">
         <name>.text:main</name>
         <load_address>0xad7e</load_address>
         <run_address>0xad7e</run_address>
         <size>0x18e</size>
         <input_file_ref idref="fl-2"/>
      </object_component>
      <object_component id="oc-38c">
         <name>.text:nwk_link</name>
         <load_address>0xaf0c</load_address>
         <run_address>0xaf0c</run_address>
         <size>0x158</size>
         <input_file_ref idref="fl-d"/>
      </object_component>
      <object_component id="oc-1bc">
         <name>.text</name>
         <load_address>0xb064</load_address>
         <run_address>0xb064</run_address>
         <size>0x132</size>
         <input_file_ref idref="fl-3e"/>
      </object_component>
      <object_component id="oc-57f">
         <name>.text:nwk_QfindOldest</name>
         <load_address>0xb196</load_address>
         <run_address>0xb196</run_address>
         <size>0x12e</size>
         <input_file_ref idref="fl-6"/>
      </object_component>
      <object_component id="oc-614">
         <name>.text:MRFI_Transmit</name>
         <load_address>0xb2c4</load_address>
         <run_address>0xb2c4</run_address>
         <size>0x102</size>
         <input_file_ref idref="fl-4"/>
      </object_component>
      <object_component id="oc-23e">
         <name>.text:processMessage</name>
         <load_address>0xb3c6</load_address>
         <run_address>0xb3c6</run_address>
         <size>0xfc</size>
         <input_file_ref idref="fl-2"/>
      </object_component>
      <object_component id="oc-384">
         <name>.text:nwk_join</name>
         <load_address>0xb4c2</load_address>
         <run_address>0xb4c2</run_address>
         <size>0xf2</size>
         <input_file_ref idref="fl-c"/>
      </object_component>
      <object_component id="oc-43c">
         <name>.text:__mspabi_cmpd</name>
         <load_address>0xb5b4</load_address>
         <run_address>0xb5b4</run_address>
         <size>0xdc</size>
         <input_file_ref idref="fl-69"/>
      </object_component>
      <object_component id="oc-26f">
         <name>.text:Mrfi_SyncPinRxIsr</name>
         <load_address>0xb690</load_address>
         <run_address>0xb690</run_address>
         <size>0xda</size>
         <input_file_ref idref="fl-4"/>
      </object_component>
      <object_component id="oc-566">
         <name>.text:nwk_allocateLocalRxPort</name>
         <load_address>0xb76a</load_address>
         <run_address>0xb76a</run_address>
         <size>0xd8</size>
         <input_file_ref idref="fl-5"/>
      </object_component>
      <object_component id="oc-170">
         <name>.text:__sti___16_UART_HANDLER_cpp_3daaade3</name>
         <load_address>0xb842</load_address>
         <run_address>0xb842</run_address>
         <size>0xd2</size>
         <input_file_ref idref="fl-11"/>
      </object_component>
      <object_component id="oc-1c4">
         <name>.text</name>
         <load_address>0xb914</load_address>
         <run_address>0xb914</run_address>
         <size>0xc4</size>
         <input_file_ref idref="fl-42"/>
      </object_component>
      <object_component id="oc-40c">
         <name>.text:__TI_renormd</name>
         <load_address>0xb9d8</load_address>
         <run_address>0xb9d8</run_address>
         <size>0xbe</size>
         <input_file_ref idref="fl-5a"/>
      </object_component>
      <object_component id="oc-5b9">
         <name>.text:dispatchFrame</name>
         <load_address>0xba96</load_address>
         <run_address>0xba96</run_address>
         <size>0xb2</size>
         <input_file_ref idref="fl-8"/>
      </object_component>
      <object_component id="oc-3a6">
         <name>.text:nwk_retrieveFrame</name>
         <load_address>0xbb48</load_address>
         <run_address>0xbb48</run_address>
         <size>0xb2</size>
         <input_file_ref idref="fl-8"/>
      </object_component>
      <object_component id="oc-217">
         <name>.text:SMPL_Ioctl</name>
         <load_address>0xbbfa</load_address>
         <run_address>0xbbfa</run_address>
         <size>0xb0</size>
         <input_file_ref idref="fl-7"/>
      </object_component>
      <object_component id="oc-42a">
         <name>.text:__mspabi_fltlid</name>
         <load_address>0xbcaa</load_address>
         <run_address>0xbcaa</run_address>
         <size>0xac</size>
         <input_file_ref idref="fl-6b"/>
      </object_component>
      <object_component id="oc-4a3">
         <name>.text:nwk_buildFrame</name>
         <load_address>0xbd56</load_address>
         <run_address>0xbd56</run_address>
         <size>0x9e</size>
         <input_file_ref idref="fl-8"/>
      </object_component>
      <object_component id="oc-3b2">
         <name>.text</name>
         <load_address>0xbdf4</load_address>
         <run_address>0xbdf4</run_address>
         <size>0x9c</size>
         <input_file_ref idref="fl-40"/>
      </object_component>
      <object_component id="oc-1b1">
         <name>.text:__mspabi_cvtdf</name>
         <load_address>0xbe90</load_address>
         <run_address>0xbe90</run_address>
         <size>0x8c</size>
         <input_file_ref idref="fl-35"/>
      </object_component>
      <object_component id="oc-366">
         <name>.text:nwk_nwkInit</name>
         <load_address>0xbf1c</load_address>
         <run_address>0xbf1c</run_address>
         <size>0x86</size>
         <input_file_ref idref="fl-5"/>
      </object_component>
      <object_component id="oc-5a0">
         <name>.text:spiBurstFifoAccess</name>
         <load_address>0xbfa2</load_address>
         <run_address>0xbfa2</run_address>
         <size>0x86</size>
         <input_file_ref idref="fl-4"/>
      </object_component>
      <object_component id="oc-5ad">
         <name>.text:nwk_QfindSlot</name>
         <load_address>0xc028</load_address>
         <run_address>0xc028</run_address>
         <size>0x82</size>
         <input_file_ref idref="fl-6"/>
      </object_component>
      <object_component id="oc-3b8">
         <name>.text:SMPL_SendOpt</name>
         <load_address>0xc0aa</load_address>
         <run_address>0xc0aa</run_address>
         <size>0x7e</size>
         <input_file_ref idref="fl-7"/>
      </object_component>
      <object_component id="oc-32">
         <name>.text:decompress:lzss:__TI_decompress_lzss</name>
         <load_address>0xc128</load_address>
         <run_address>0xc128</run_address>
         <size>0x7c</size>
         <input_file_ref idref="fl-32"/>
      </object_component>
      <object_component id="oc-34b">
         <name>.text:nwk_radioControl</name>
         <load_address>0xc1a4</load_address>
         <run_address>0xc1a4</run_address>
         <size>0x78</size>
         <input_file_ref idref="fl-b"/>
      </object_component>
      <object_component id="oc-1a5">
         <name>.text:__mspabi_cvtfd</name>
         <load_address>0xc21c</load_address>
         <run_address>0xc21c</run_address>
         <size>0x72</size>
         <input_file_ref idref="fl-36"/>
      </object_component>
      <object_component id="oc-2db">
         <name>.text:__mspabi_fixdli</name>
         <load_address>0xc28e</load_address>
         <run_address>0xc28e</run_address>
         <size>0x72</size>
         <input_file_ref idref="fl-62"/>
      </object_component>
      <object_component id="oc-142">
         <name>.text:_auto_init</name>
         <load_address>0xc300</load_address>
         <run_address>0xc300</run_address>
         <size>0x6e</size>
         <input_file_ref idref="fl-60"/>
      </object_component>
      <object_component id="oc-699">
         <name>.text:nwk_isConnectionValid</name>
         <load_address>0xc36e</load_address>
         <run_address>0xc36e</run_address>
         <size>0x68</size>
         <input_file_ref idref="fl-5"/>
      </object_component>
      <object_component id="oc-1da">
         <name>.text</name>
         <load_address>0xc3d6</load_address>
         <run_address>0xc3d6</run_address>
         <size>0x68</size>
         <input_file_ref idref="fl-44"/>
      </object_component>
      <object_component id="oc-5c9">
         <name>.text:l_lsr_const</name>
         <load_address>0xc43e</load_address>
         <run_address>0xc43e</run_address>
         <size>0x5c</size>
         <input_file_ref idref="fl-51"/>
      </object_component>
      <object_component id="oc-1e3">
         <name>.text:copy_in</name>
         <load_address>0xc49a</load_address>
         <run_address>0xc49a</run_address>
         <size>0x5a</size>
         <input_file_ref idref="fl-61"/>
      </object_component>
      <object_component id="oc-4de">
         <name>.text</name>
         <load_address>0xc4f4</load_address>
         <run_address>0xc4f4</run_address>
         <size>0x58</size>
         <input_file_ref idref="fl-39"/>
      </object_component>
      <object_component id="oc-36c">
         <name>.text:MRFI_WakeUp</name>
         <load_address>0xc54c</load_address>
         <run_address>0xc54c</run_address>
         <size>0x54</size>
         <input_file_ref idref="fl-4"/>
      </object_component>
      <object_component id="oc-351">
         <name>.text:nwk_rawSend</name>
         <load_address>0xc5a0</load_address>
         <run_address>0xc5a0</run_address>
         <size>0x54</size>
         <input_file_ref idref="fl-b"/>
      </object_component>
      <object_component id="oc-1c9">
         <name>.text:cap</name>
         <load_address>0xc5f4</load_address>
         <run_address>0xc5f4</run_address>
         <size>0x50</size>
         <input_file_ref idref="fl-2"/>
      </object_component>
      <object_component id="oc-560">
         <name>.text:nwk_getNextConnection</name>
         <load_address>0xc644</load_address>
         <run_address>0xc644</run_address>
         <size>0x50</size>
         <input_file_ref idref="fl-5"/>
      </object_component>
      <object_component id="oc-238">
         <name>.text:SMPL_Receive</name>
         <load_address>0xc694</load_address>
         <run_address>0xc694</run_address>
         <size>0x4c</size>
         <input_file_ref idref="fl-7"/>
      </object_component>
      <object_component id="oc-f6">
         <name>.text</name>
         <load_address>0xc6e0</load_address>
         <run_address>0xc6e0</run_address>
         <size>0x4c</size>
         <input_file_ref idref="fl-50"/>
      </object_component>
      <object_component id="oc-3f2">
         <name>.text:mrfiSpiCmdStrobe</name>
         <load_address>0xc72c</load_address>
         <run_address>0xc72c</run_address>
         <size>0x4a</size>
         <input_file_ref idref="fl-4"/>
      </object_component>
      <object_component id="oc-1b7">
         <name>.text</name>
         <load_address>0xc776</load_address>
         <run_address>0xc776</run_address>
         <size>0x4a</size>
         <input_file_ref idref="fl-3f"/>
      </object_component>
      <object_component id="oc-22f">
         <name>.text:linkTo</name>
         <load_address>0xc7c0</load_address>
         <run_address>0xc7c0</run_address>
         <size>0x48</size>
         <input_file_ref idref="fl-2"/>
      </object_component>
      <object_component id="oc-3e0">
         <name>.text:MRFI_RxAddrIsFiltered</name>
         <load_address>0xc808</load_address>
         <run_address>0xc808</run_address>
         <size>0x46</size>
         <input_file_ref idref="fl-4"/>
      </object_component>
      <object_component id="oc-748">
         <name>.text:nwk_isLinkDuplicate</name>
         <load_address>0xc84e</load_address>
         <run_address>0xc84e</run_address>
         <size>0x46</size>
         <input_file_ref idref="fl-5"/>
      </object_component>
      <object_component id="oc-1cf">
         <name>.text</name>
         <load_address>0xc894</load_address>
         <run_address>0xc894</run_address>
         <size>0x46</size>
         <input_file_ref idref="fl-45"/>
      </object_component>
      <object_component id="oc-72f">
         <name>.text:smpl_send_ping_reply</name>
         <load_address>0xc8da</load_address>
         <run_address>0xc8da</run_address>
         <size>0x46</size>
         <input_file_ref idref="fl-f"/>
      </object_component>
      <object_component id="oc-496">
         <name>.text:MRFI_Rssi</name>
         <load_address>0xc920</load_address>
         <run_address>0xc920</run_address>
         <size>0x44</size>
         <input_file_ref idref="fl-4"/>
      </object_component>
      <object_component id="oc-599">
         <name>.text:spiRegAccess</name>
         <load_address>0xc964</load_address>
         <run_address>0xc964</run_address>
         <size>0x44</size>
         <input_file_ref idref="fl-4"/>
      </object_component>
      <object_component id="oc-548">
         <name>.text:MRFI_ReplyDelay</name>
         <load_address>0xc9a8</load_address>
         <run_address>0xc9a8</run_address>
         <size>0x40</size>
         <input_file_ref idref="fl-4"/>
      </object_component>
      <object_component id="oc-675">
         <name>.text:initializeConnection</name>
         <load_address>0xc9e8</load_address>
         <run_address>0xc9e8</run_address>
         <size>0x3e</size>
         <input_file_ref idref="fl-5"/>
      </object_component>
      <object_component id="oc-297">
         <name>.text:l_asr_const</name>
         <load_address>0xca26</load_address>
         <run_address>0xca26</run_address>
         <size>0x3e</size>
         <input_file_ref idref="fl-2f"/>
      </object_component>
      <object_component id="oc-2b0">
         <name>.text:l_lsl_const</name>
         <load_address>0xca64</load_address>
         <run_address>0xca64</run_address>
         <size>0x3e</size>
         <input_file_ref idref="fl-4f"/>
      </object_component>
      <object_component id="oc-542">
         <name>.text:nwk_putNumObjectIntoMsg</name>
         <load_address>0xcaa2</load_address>
         <run_address>0xcaa2</run_address>
         <size>0x3c</size>
         <input_file_ref idref="fl-5"/>
      </object_component>
      <object_component id="oc-123">
         <name>.text:_Z13USCIAB0TX_ISRv</name>
         <load_address>0xcade</load_address>
         <run_address>0xcade</run_address>
         <size>0x3a</size>
         <input_file_ref idref="fl-11"/>
      </object_component>
      <object_component id="oc-713">
         <name>.text:nwk_isValidReply</name>
         <load_address>0xcb18</load_address>
         <run_address>0xcb18</run_address>
         <size>0x3a</size>
         <input_file_ref idref="fl-5"/>
      </object_component>
      <object_component id="oc-6fa">
         <name>.text:nwk_processMgmt</name>
         <load_address>0xcb52</load_address>
         <run_address>0xcb52</run_address>
         <size>0x3a</size>
         <input_file_ref idref="fl-e"/>
      </object_component>
      <object_component id="oc-3ad">
         <name>.text</name>
         <load_address>0xcb8c</load_address>
         <run_address>0xcb8c</run_address>
         <size>0x36</size>
         <input_file_ref idref="fl-41"/>
      </object_component>
      <object_component id="oc-4d2">
         <name>.text:MRFI_SetRFPwr</name>
         <load_address>0xcbc2</load_address>
         <run_address>0xcbc2</run_address>
         <size>0x34</size>
         <input_file_ref idref="fl-4"/>
      </object_component>
      <object_component id="oc-378">
         <name>.text:MRFI_SetRxAddrFilter</name>
         <load_address>0xcbf6</load_address>
         <run_address>0xcbf6</run_address>
         <size>0x34</size>
         <input_file_ref idref="fl-4"/>
      </object_component>
      <object_component id="oc-223">
         <name>.text:SMPL_Init</name>
         <load_address>0xcc2a</load_address>
         <run_address>0xcc2a</run_address>
         <size>0x34</size>
         <input_file_ref idref="fl-7"/>
      </object_component>
      <object_component id="oc-4bd">
         <name>.text:mrfiSpiInit</name>
         <load_address>0xcc5e</load_address>
         <run_address>0xcc5e</run_address>
         <size>0x34</size>
         <input_file_ref idref="fl-4"/>
      </object_component>
      <object_component id="oc-585">
         <name>.text:nwk_QadjustOrder</name>
         <load_address>0xcc92</load_address>
         <run_address>0xcc92</run_address>
         <size>0x34</size>
         <input_file_ref idref="fl-6"/>
      </object_component>
      <object_component id="oc-345">
         <name>.text:nwk_deviceAddress</name>
         <load_address>0xccc6</load_address>
         <run_address>0xccc6</run_address>
         <size>0x34</size>
         <input_file_ref idref="fl-b"/>
      </object_component>
      <object_component id="oc-4cc">
         <name>.text:MRFI_SetLogicalChannel</name>
         <load_address>0xccfa</load_address>
         <run_address>0xccfa</run_address>
         <size>0x32</size>
         <input_file_ref idref="fl-4"/>
      </object_component>
      <object_component id="oc-66a">
         <name>.text:Mrfi_DelayUsecSem</name>
         <load_address>0xcd2c</load_address>
         <run_address>0xcd2c</run_address>
         <size>0x32</size>
         <input_file_ref idref="fl-4"/>
      </object_component>
      <object_component id="oc-39a">
         <name>.text:nwk_getConnInfo</name>
         <load_address>0xcd5e</load_address>
         <run_address>0xcd5e</run_address>
         <size>0x32</size>
         <input_file_ref idref="fl-5"/>
      </object_component>
      <object_component id="oc-511">
         <name>.text:nwk_linkInit</name>
         <load_address>0xcd90</load_address>
         <run_address>0xcd90</run_address>
         <size>0x32</size>
         <input_file_ref idref="fl-d"/>
      </object_component>
      <object_component id="oc-577">
         <name>.text:map_lid2idx</name>
         <load_address>0xcdc2</load_address>
         <run_address>0xcdc2</run_address>
         <size>0x30</size>
         <input_file_ref idref="fl-5"/>
      </object_component>
      <object_component id="oc-357">
         <name>.text:nwk_rawReceive</name>
         <load_address>0xcdf2</load_address>
         <run_address>0xcdf2</run_address>
         <size>0x30</size>
         <input_file_ref idref="fl-b"/>
      </object_component>
      <object_component id="oc-4a9">
         <name>.text:nwk_sendFrame</name>
         <load_address>0xce22</load_address>
         <run_address>0xce22</run_address>
         <size>0x30</size>
         <input_file_ref idref="fl-8"/>
      </object_component>
      <object_component id="oc-3e6">
         <name>.text:Mrfi_CalculateRssi</name>
         <load_address>0xce52</load_address>
         <run_address>0xce52</run_address>
         <size>0x2e</size>
         <input_file_ref idref="fl-4"/>
      </object_component>
      <object_component id="oc-129">
         <name>.text:_Z13USCIAB0RX_ISRv</name>
         <load_address>0xce80</load_address>
         <run_address>0xce80</run_address>
         <size>0x2e</size>
         <input_file_ref idref="fl-11"/>
      </object_component>
      <object_component id="oc-2d5">
         <name>.text:__mspabi_subd</name>
         <load_address>0xceae</load_address>
         <run_address>0xceae</run_address>
         <size>0x2e</size>
         <input_file_ref idref="fl-5d"/>
      </object_component>
      <object_component id="oc-5e2">
         <name>.text:copysign</name>
         <load_address>0xcedc</load_address>
         <run_address>0xcedc</run_address>
         <size>0x2e</size>
         <input_file_ref idref="fl-6d"/>
      </object_component>
      <object_component id="oc-3bf">
         <name>.text:Mrfi_DelayUsec</name>
         <load_address>0xcf0a</load_address>
         <run_address>0xcf0a</run_address>
         <size>0x2c</size>
         <input_file_ref idref="fl-4"/>
      </object_component>
      <object_component id="oc-4d8">
         <name>.text:Mrfi_RxModeOff</name>
         <load_address>0xcf36</load_address>
         <run_address>0xcf36</run_address>
         <size>0x2c</size>
         <input_file_ref idref="fl-4"/>
      </object_component>
      <object_component id="oc-292">
         <name>.text</name>
         <load_address>0xcf62</load_address>
         <run_address>0xcf62</run_address>
         <size>0x2c</size>
         <input_file_ref idref="fl-2e"/>
      </object_component>
      <object_component id="oc-41d">
         <name>.text</name>
         <load_address>0xcf8e</load_address>
         <run_address>0xcf8e</run_address>
         <size>0x2c</size>
         <input_file_ref idref="fl-37"/>
      </object_component>
      <object_component id="oc-f1">
         <name>.text</name>
         <load_address>0xcfba</load_address>
         <run_address>0xcfba</run_address>
         <size>0x2c</size>
         <input_file_ref idref="fl-4e"/>
      </object_component>
      <object_component id="oc-2c9">
         <name>.text:__mspabi_negd</name>
         <load_address>0xcfe6</load_address>
         <run_address>0xcfe6</run_address>
         <size>0x2a</size>
         <input_file_ref idref="fl-65"/>
      </object_component>
      <object_component id="oc-3a0">
         <name>.text:nwk_checkConnInfo</name>
         <load_address>0xd010</load_address>
         <run_address>0xd010</run_address>
         <size>0x2a</size>
         <input_file_ref idref="fl-5"/>
      </object_component>
      <object_component id="oc-20e">
         <name>.text:InitTimer</name>
         <load_address>0xd03a</load_address>
         <run_address>0xd03a</run_address>
         <size>0x28</size>
         <input_file_ref idref="fl-2"/>
      </object_component>
      <object_component id="oc-6dc">
         <name>.text:nwk_processPing</name>
         <load_address>0xd062</load_address>
         <run_address>0xd062</run_address>
         <size>0x28</size>
         <input_file_ref idref="fl-f"/>
      </object_component>
      <object_component id="oc-49c">
         <name>.text:MRFI_Sleep</name>
         <load_address>0xd08a</load_address>
         <run_address>0xd08a</run_address>
         <size>0x26</size>
         <input_file_ref idref="fl-4"/>
      </object_component>
      <object_component id="oc-6b8">
         <name>.text:Mrfi_RandomBackoffDelay</name>
         <load_address>0xd0b0</load_address>
         <run_address>0xd0b0</run_address>
         <size>0x26</size>
         <input_file_ref idref="fl-4"/>
      </object_component>
      <object_component id="oc-33f">
         <name>.text:nwk_connectionControl</name>
         <load_address>0xd0d6</load_address>
         <run_address>0xd0d6</run_address>
         <size>0x26</size>
         <input_file_ref idref="fl-b"/>
      </object_component>
      <object_component id="oc-4e7">
         <name>.text:nwk_globalsInit</name>
         <load_address>0xd0fc</load_address>
         <run_address>0xd0fc</run_address>
         <size>0x26</size>
         <input_file_ref idref="fl-9"/>
      </object_component>
      <object_component id="oc-505">
         <name>.text:nwk_joinInit</name>
         <load_address>0xd122</load_address>
         <run_address>0xd122</run_address>
         <size>0x26</size>
         <input_file_ref idref="fl-c"/>
      </object_component>
      <object_component id="oc-6e2">
         <name>.text:nwk_processLink</name>
         <load_address>0xd148</load_address>
         <run_address>0xd148</run_address>
         <size>0x26</size>
         <input_file_ref idref="fl-d"/>
      </object_component>
      <object_component id="oc-422">
         <name>.text</name>
         <load_address>0xd16e</load_address>
         <run_address>0xd16e</run_address>
         <size>0x26</size>
         <input_file_ref idref="fl-59"/>
      </object_component>
      <object_component id="oc-37e">
         <name>.text:MRFI_EnableRxAddrFilter</name>
         <load_address>0xd194</load_address>
         <run_address>0xd194</run_address>
         <size>0x22</size>
         <input_file_ref idref="fl-4"/>
      </object_component>
      <object_component id="oc-490">
         <name>.text:MRFI_RxOn</name>
         <load_address>0xd1b6</load_address>
         <run_address>0xd1b6</run_address>
         <size>0x22</size>
         <input_file_ref idref="fl-4"/>
      </object_component>
      <object_component id="oc-67c">
         <name>.text:memcmp</name>
         <load_address>0xd1d8</load_address>
         <run_address>0xd1d8</run_address>
         <size>0x22</size>
         <input_file_ref idref="fl-53"/>
      </object_component>
      <object_component id="oc-208">
         <name>.text:BSP_Init</name>
         <load_address>0xd1fa</load_address>
         <run_address>0xd1fa</run_address>
         <size>0x20</size>
         <input_file_ref idref="fl-3"/>
      </object_component>
      <object_component id="oc-31a">
         <name>.text:BSP_InitBoard</name>
         <load_address>0xd21a</load_address>
         <run_address>0xd21a</run_address>
         <size>0x20</size>
         <input_file_ref idref="fl-3"/>
      </object_component>
      <object_component id="oc-3ec">
         <name>.text:MRFI_RxCompleteISR</name>
         <load_address>0xd23a</load_address>
         <run_address>0xd23a</run_address>
         <size>0x20</size>
         <input_file_ref idref="fl-8"/>
      </object_component>
      <object_component id="oc-48a">
         <name>.text:MRFI_RxIdle</name>
         <load_address>0xd25a</load_address>
         <run_address>0xd25a</run_address>
         <size>0x20</size>
         <input_file_ref idref="fl-4"/>
      </object_component>
      <object_component id="oc-720">
         <name>.text:handleLinkRequest</name>
         <load_address>0xd27a</load_address>
         <run_address>0xd27a</run_address>
         <size>0x20</size>
         <input_file_ref idref="fl-d"/>
      </object_component>
      <object_component id="oc-663">
         <name>.text:memmove</name>
         <load_address>0xd29a</load_address>
         <run_address>0xd29a</run_address>
         <size>0x20</size>
         <input_file_ref idref="fl-55"/>
      </object_component>
      <object_component id="oc-4ed">
         <name>.text:nwk_frameInit</name>
         <load_address>0xd2ba</load_address>
         <run_address>0xd2ba</run_address>
         <size>0x20</size>
         <input_file_ref idref="fl-8"/>
      </object_component>
      <object_component id="oc-6e8">
         <name>.text:nwk_processJoin</name>
         <load_address>0xd2da</load_address>
         <run_address>0xd2da</run_address>
         <size>0x20</size>
         <input_file_ref idref="fl-c"/>
      </object_component>
      <object_component id="oc-590">
         <name>.text:BSP_Delay</name>
         <load_address>0xd2fa</load_address>
         <run_address>0xd2fa</run_address>
         <size>0x1e</size>
         <input_file_ref idref="fl-3"/>
      </object_component>
      <object_component id="oc-3cb">
         <name>.text:mrfiSpiReadReg</name>
         <load_address>0xd318</load_address>
         <run_address>0xd318</run_address>
         <size>0x1e</size>
         <input_file_ref idref="fl-4"/>
      </object_component>
      <object_component id="oc-4f3">
         <name>.text:nwk_QInit</name>
         <load_address>0xd336</load_address>
         <run_address>0xd336</run_address>
         <size>0x1e</size>
         <input_file_ref idref="fl-6"/>
      </object_component>
      <object_component id="oc-21d">
         <name>.text:sCB</name>
         <load_address>0xd354</load_address>
         <run_address>0xd354</run_address>
         <size>0x1e</size>
         <input_file_ref idref="fl-2"/>
      </object_component>
      <object_component id="oc-190">
         <name>.text:MRFI_GpioIsr</name>
         <load_address>0xd372</load_address>
         <run_address>0xd372</run_address>
         <size>0x1c</size>
         <input_file_ref idref="fl-4"/>
      </object_component>
      <object_component id="oc-483">
         <name>.text:nwk_setMyAddress</name>
         <load_address>0xd38e</load_address>
         <run_address>0xd38e</run_address>
         <size>0x1c</size>
         <input_file_ref idref="fl-9"/>
      </object_component>
      <object_component id="oc-11d">
         <name>.text:BSP_GpioPort1Isr</name>
         <load_address>0xd3aa</load_address>
         <run_address>0xd3aa</run_address>
         <size>0x1a</size>
         <input_file_ref idref="fl-4"/>
      </object_component>
      <object_component id="oc-67">
         <name>.text:_c_int00_noargs_noexit</name>
         <load_address>0xd3c4</load_address>
         <run_address>0xd3c4</run_address>
         <size>0x1a</size>
         <input_file_ref idref="fl-31"/>
      </object_component>
      <object_component id="oc-4c3">
         <name>.text:mrfiSpiWriteReg</name>
         <load_address>0xd3de</load_address>
         <run_address>0xd3de</run_address>
         <size>0x1a</size>
         <input_file_ref idref="fl-4"/>
      </object_component>
      <object_component id="oc-24a">
         <name>.text:MRFI_DelayMs</name>
         <load_address>0xd3f8</load_address>
         <run_address>0xd3f8</run_address>
         <size>0x18</size>
         <input_file_ref idref="fl-4"/>
      </object_component>
      <object_component id="oc-634">
         <name>.text:MRFI_RandomByte</name>
         <load_address>0xd410</load_address>
         <run_address>0xd410</run_address>
         <size>0x16</size>
         <input_file_ref idref="fl-4"/>
      </object_component>
      <object_component id="oc-607">
         <name>.text:Mrfi_RxModeOn</name>
         <load_address>0xd426</load_address>
         <run_address>0xd426</run_address>
         <size>0x16</size>
         <input_file_ref idref="fl-4"/>
      </object_component>
      <object_component id="oc-5d4">
         <name>.text</name>
         <load_address>0xd43c</load_address>
         <run_address>0xd43c</run_address>
         <size>0x16</size>
         <input_file_ref idref="fl-38"/>
      </object_component>
      <object_component id="oc-49">
         <name>.text:decompress:ZI:__TI_zero_init</name>
         <load_address>0xd452</load_address>
         <run_address>0xd452</run_address>
         <size>0x14</size>
         <input_file_ref idref="fl-34"/>
      </object_component>
      <object_component id="oc-32d">
         <name>.text:ioctlPreInitAccessIsOK</name>
         <load_address>0xd466</load_address>
         <run_address>0xd466</run_address>
         <size>0x14</size>
         <input_file_ref idref="fl-7"/>
      </object_component>
      <object_component id="oc-3da">
         <name>.text:memset</name>
         <load_address>0xd47a</load_address>
         <run_address>0xd47a</run_address>
         <size>0x14</size>
         <input_file_ref idref="fl-56"/>
      </object_component>
      <object_component id="oc-2e9">
         <name>.text</name>
         <load_address>0xd48e</load_address>
         <run_address>0xd48e</run_address>
         <size>0x14</size>
         <input_file_ref idref="fl-58"/>
      </object_component>
      <object_component id="oc-229">
         <name>.text:toggleLED</name>
         <load_address>0xd4a2</load_address>
         <run_address>0xd4a2</run_address>
         <size>0x14</size>
         <input_file_ref idref="fl-2"/>
      </object_component>
      <object_component id="oc-465">
         <name>.text:BSP_InitLeds</name>
         <load_address>0xd4b6</load_address>
         <run_address>0xd4b6</run_address>
         <size>0x12</size>
         <input_file_ref idref="fl-3"/>
      </object_component>
      <object_component id="oc-38">
         <name>.text:decompress:none:__TI_decompress_none</name>
         <load_address>0xd4c8</load_address>
         <run_address>0xd4c8</run_address>
         <size>0x12</size>
         <input_file_ref idref="fl-33"/>
      </object_component>
      <object_component id="oc-402">
         <name>.text:l_lsr</name>
         <load_address>0xd4da</load_address>
         <run_address>0xd4da</run_address>
         <size>0x12</size>
         <input_file_ref idref="fl-51"/>
      </object_component>
      <object_component id="oc-10b">
         <name>.text:memcpy</name>
         <load_address>0xd4ec</load_address>
         <run_address>0xd4ec</run_address>
         <size>0x12</size>
         <input_file_ref idref="fl-54"/>
      </object_component>
      <object_component id="oc-372">
         <name>.text:nwk_getMyAddress</name>
         <load_address>0xd4fe</load_address>
         <run_address>0xd4fe</run_address>
         <size>0x12</size>
         <input_file_ref idref="fl-9"/>
      </object_component>
      <object_component id="oc-54e">
         <name>.text:nwk_setLinkToken</name>
         <load_address>0xd510</load_address>
         <run_address>0xd510</run_address>
         <size>0x12</size>
         <input_file_ref idref="fl-d"/>
      </object_component>
      <object_component id="oc-407">
         <name>.text:l_asr</name>
         <load_address>0xd522</load_address>
         <run_address>0xd522</run_address>
         <size>0x10</size>
         <input_file_ref idref="fl-2f"/>
      </object_component>
      <object_component id="oc-3fd">
         <name>.text:l_lsl</name>
         <load_address>0xd532</load_address>
         <run_address>0xd532</run_address>
         <size>0x10</size>
         <input_file_ref idref="fl-4f"/>
      </object_component>
      <object_component id="oc-fb">
         <name>.text</name>
         <load_address>0xd542</load_address>
         <run_address>0xd542</run_address>
         <size>0x10</size>
         <input_file_ref idref="fl-3a"/>
      </object_component>
      <object_component id="oc-5b3">
         <name>.text:MRFI_Receive</name>
         <load_address>0xd552</load_address>
         <run_address>0xd552</run_address>
         <size>0xe</size>
         <input_file_ref idref="fl-4"/>
      </object_component>
      <object_component id="oc-6b2">
         <name>.text:mrfiSpiWriteTxFifo</name>
         <load_address>0xd560</load_address>
         <run_address>0xd560</run_address>
         <size>0xe</size>
         <input_file_ref idref="fl-4"/>
      </object_component>
      <object_component id="oc-742">
         <name>.text:nwk_getNumObjectFromMsg</name>
         <load_address>0xd56e</load_address>
         <run_address>0xd56e</run_address>
         <size>0xe</size>
         <input_file_ref idref="fl-5"/>
      </object_component>
      <object_component id="oc-554">
         <name>.text:nwk_setAPAddress</name>
         <load_address>0xd57c</load_address>
         <run_address>0xd57c</run_address>
         <size>0xe</size>
         <input_file_ref idref="fl-9"/>
      </object_component>
      <object_component id="oc-702">
         <name>.text:MRFI_PostKillSem</name>
         <load_address>0xd58a</load_address>
         <run_address>0xd58a</run_address>
         <size>0xc</size>
         <input_file_ref idref="fl-4"/>
      </object_component>
      <object_component id="oc-719">
         <name>.text:handlePingRequest</name>
         <load_address>0xd596</load_address>
         <run_address>0xd596</run_address>
         <size>0xc</size>
         <input_file_ref idref="fl-f"/>
      </object_component>
      <object_component id="oc-3d1">
         <name>.text:mrfiSpiReadRxFifo</name>
         <load_address>0xd5a2</load_address>
         <run_address>0xd5a2</run_address>
         <size>0xc</size>
         <input_file_ref idref="fl-4"/>
      </object_component>
      <object_component id="oc-46b">
         <name>.text:BSP_InitButtons</name>
         <load_address>0xd5ae</load_address>
         <run_address>0xd5ae</run_address>
         <size>0xa</size>
         <input_file_ref idref="fl-3"/>
      </object_component>
      <object_component id="oc-320">
         <name>.text:BSP_InitDrivers</name>
         <load_address>0xd5b8</load_address>
         <run_address>0xd5b8</run_address>
         <size>0xa</size>
         <input_file_ref idref="fl-3"/>
      </object_component>
      <object_component id="oc-25c">
         <name>.text:_Z11Disable_Intv</name>
         <load_address>0xd5c2</load_address>
         <run_address>0xd5c2</run_address>
         <size>0xa</size>
         <input_file_ref idref="fl-12"/>
      </object_component>
      <object_component id="oc-13c">
         <name>.text:_system_pre_init</name>
         <load_address>0xd5cc</load_address>
         <run_address>0xd5cc</run_address>
         <size>0xa</size>
         <input_file_ref idref="fl-3"/>
      </object_component>
      <object_component id="oc-50b">
         <name>.text:nwk_mgmtInit</name>
         <load_address>0xd5d6</load_address>
         <run_address>0xd5d6</run_address>
         <size>0xa</size>
         <input_file_ref idref="fl-e"/>
      </object_component>
      <object_component id="oc-4ff">
         <name>.text:nwk_pingInit</name>
         <load_address>0xd5e0</load_address>
         <run_address>0xd5e0</run_address>
         <size>0xa</size>
         <input_file_ref idref="fl-f"/>
      </object_component>
      <object_component id="oc-2bc">
         <name>.text</name>
         <load_address>0xd5ea</load_address>
         <run_address>0xd5ea</run_address>
         <size>0xa</size>
         <input_file_ref idref="fl-43"/>
      </object_component>
      <object_component id="oc-244">
         <name>.text:SMPL_Send</name>
         <load_address>0xd5f4</load_address>
         <run_address>0xd5f4</run_address>
         <size>0x8</size>
         <input_file_ref idref="fl-7"/>
      </object_component>
      <object_component id="oc-118">
         <name>.text:_isr:__TI_ISR_TRAP</name>
         <load_address>0xd5fc</load_address>
         <run_address>0xd5fc</run_address>
         <size>0x8</size>
         <input_file_ref idref="fl-4d"/>
      </object_component>
      <object_component id="oc-539">
         <name>.text:MRFI_GetRadioState</name>
         <load_address>0xd604</load_address>
         <run_address>0xd604</run_address>
         <size>0x6</size>
         <input_file_ref idref="fl-4"/>
      </object_component>
      <object_component id="oc-263">
         <name>.text:_Z11Restore_Intt</name>
         <load_address>0xd60a</load_address>
         <run_address>0xd60a</run_address>
         <size>0x6</size>
         <input_file_ref idref="fl-12"/>
      </object_component>
      <object_component id="oc-164">
         <name>.text:abort</name>
         <load_address>0xd610</load_address>
         <run_address>0xd610</run_address>
         <size>0x6</size>
         <input_file_ref idref="fl-3b"/>
      </object_component>
      <object_component id="oc-47b">
         <name>.text:nwk_freeConnection</name>
         <load_address>0xd616</load_address>
         <run_address>0xd616</run_address>
         <size>0x6</size>
         <input_file_ref idref="fl-5"/>
      </object_component>
      <object_component id="oc-51d">
         <name>.text:nwk_getBCastAddress</name>
         <load_address>0xd61c</load_address>
         <run_address>0xd61c</run_address>
         <size>0x6</size>
         <input_file_ref idref="fl-9"/>
      </object_component>
      <object_component id="oc-339">
         <name>.text:nwk_getFWVersion</name>
         <load_address>0xd622</load_address>
         <run_address>0xd622</run_address>
         <size>0x6</size>
         <input_file_ref idref="fl-9"/>
      </object_component>
      <object_component id="oc-56f">
         <name>.text:nwk_getMyRxType</name>
         <load_address>0xd628</load_address>
         <run_address>0xd628</run_address>
         <size>0x6</size>
         <input_file_ref idref="fl-8"/>
      </object_component>
      <object_component id="oc-333">
         <name>.text:nwk_getProtocolVersion</name>
         <load_address>0xd62e</load_address>
         <run_address>0xd62e</run_address>
         <size>0x6</size>
         <input_file_ref idref="fl-9"/>
      </object_component>
      <object_component id="oc-6f4">
         <name>.text:nwk_processFreq</name>
         <load_address>0xd634</load_address>
         <run_address>0xd634</run_address>
         <size>0x4</size>
         <input_file_ref idref="fl-a"/>
      </object_component>
      <object_component id="oc-6ee">
         <name>.text:nwk_processSecurity</name>
         <load_address>0xd638</load_address>
         <run_address>0xd638</run_address>
         <size>0x4</size>
         <input_file_ref idref="fl-10"/>
      </object_component>
      <object_component id="oc-1e9">
         <name>.text:_system_post_cinit</name>
         <load_address>0xd63c</load_address>
         <run_address>0xd63c</run_address>
         <size>0x2</size>
         <input_file_ref idref="fl-68"/>
      </object_component>
      <object_component id="oc-4f9">
         <name>.text:nwk_freqInit</name>
         <load_address>0xd63e</load_address>
         <run_address>0xd63e</run_address>
         <size>0x2</size>
         <input_file_ref idref="fl-a"/>
      </object_component>
      <object_component id="oc-517">
         <name>.text:nwk_securityInit</name>
         <load_address>0xd640</load_address>
         <run_address>0xd640</run_address>
         <size>0x2</size>
         <input_file_ref idref="fl-10"/>
      </object_component>
      <object_component id="oc-78b">
         <name>.cinit..data.load</name>
         <load_address>0xd7f6</load_address>
         <run_address>0xd7f6</run_address>
         <size>0x23</size>
      </object_component>
      <object_component id="oc-788">
         <name>__TI_handler_table</name>
         <load_address>0xd81a</load_address>
         <run_address>0xd81a</run_address>
         <size>0x6</size>
      </object_component>
      <object_component id="oc-78a">
         <name>.cinit..bss.load</name>
         <load_address>0xd820</load_address>
         <run_address>0xd820</run_address>
         <size>0x4</size>
      </object_component>
      <object_component id="oc-789">
         <name>__TI_cinit_table</name>
         <load_address>0xd824</load_address>
         <run_address>0xd824</run_address>
         <size>0x8</size>
      </object_component>
      <object_component id="oc-427">
         <name>.const:ipio2</name>
         <load_address>0xd642</load_address>
         <run_address>0xd642</run_address>
         <size>0x108</size>
         <input_file_ref idref="fl-63"/>
      </object_component>
      <object_component id="oc-442">
         <name>.const:PIo2</name>
         <load_address>0xd74a</load_address>
         <run_address>0xd74a</run_address>
         <size>0x40</size>
         <input_file_ref idref="fl-63"/>
      </object_component>
      <object_component id="oc-4c9">
         <name>.const:mrfiRadioCfg</name>
         <load_address>0xd78a</load_address>
         <run_address>0xd78a</run_address>
         <size>0x3c</size>
         <input_file_ref idref="fl-4"/>
      </object_component>
      <object_component id="oc-696">
         <name>.const:func</name>
         <load_address>0xd7c6</load_address>
         <run_address>0xd7c6</run_address>
         <size>0xc</size>
         <input_file_ref idref="fl-8"/>
      </object_component>
      <object_component id="oc-41a">
         <name>.const:init_jk</name>
         <load_address>0xd7d2</load_address>
         <run_address>0xd7d2</run_address>
         <size>0x8</size>
         <input_file_ref idref="fl-63"/>
      </object_component>
      <object_component id="oc-475">
         <name>.const:sVersionInfo</name>
         <load_address>0xd7da</load_address>
         <run_address>0xd7da</run_address>
         <size>0x5</size>
         <input_file_ref idref="fl-9"/>
      </object_component>
      <object_component id="oc-530">
         <name>.const:.string:mrfiBroadcastAddr</name>
         <load_address>0xd7e0</load_address>
         <run_address>0xd7e0</run_address>
         <size>0x4</size>
         <input_file_ref idref="fl-4"/>
      </object_component>
      <object_component id="oc-61f">
         <name>.const:.string:mrfiLogicalChanTable</name>
         <load_address>0xd7e4</load_address>
         <run_address>0xd7e4</run_address>
         <size>0x4</size>
         <input_file_ref idref="fl-4"/>
      </object_component>
      <object_component id="oc-1c1">
         <name>.const</name>
         <load_address>0xd7e8</load_address>
         <run_address>0xd7e8</run_address>
         <size>0x4</size>
         <input_file_ref idref="fl-2"/>
      </object_component>
      <object_component id="oc-52c">
         <name>.const:sMyROMAddress</name>
         <load_address>0xd7ec</load_address>
         <run_address>0xd7ec</run_address>
         <size>0x4</size>
         <input_file_ref idref="fl-9"/>
      </object_component>
      <object_component id="oc-623">
         <name>.const:.string:mrfiRFPowerTable</name>
         <load_address>0xd7f0</load_address>
         <run_address>0xd7f0</run_address>
         <size>0x3</size>
         <input_file_ref idref="fl-4"/>
      </object_component>
      <object_component id="oc-752">
         <name>.binit</name>
         <load_address>0x8000</load_address>
         <run_address>0x8000</run_address>
         <size>0x0</size>
      </object_component>
      <object_component id="oc-ec">
         <name>.init_array</name>
         <load_address>0xd7f4</load_address>
         <run_address>0xd7f4</run_address>
         <size>0x2</size>
         <input_file_ref idref="fl-11"/>
      </object_component>
      <object_component id="oc-3e">
         <name>.int02</name>
         <load_address>0xffe4</load_address>
         <run_address>0xffe4</run_address>
         <size>0x2</size>
         <input_file_ref idref="fl-46"/>
      </object_component>
      <object_component id="oc-3f">
         <name>.int03</name>
         <load_address>0xffe6</load_address>
         <run_address>0xffe6</run_address>
         <size>0x2</size>
         <input_file_ref idref="fl-4"/>
      </object_component>
      <object_component id="oc-40">
         <name>.int05</name>
         <load_address>0xffea</load_address>
         <run_address>0xffea</run_address>
         <size>0x2</size>
         <input_file_ref idref="fl-47"/>
      </object_component>
      <object_component id="oc-41">
         <name>.int06</name>
         <load_address>0xffec</load_address>
         <run_address>0xffec</run_address>
         <size>0x2</size>
         <input_file_ref idref="fl-11"/>
      </object_component>
      <object_component id="oc-42">
         <name>.int07</name>
         <load_address>0xffee</load_address>
         <run_address>0xffee</run_address>
         <size>0x2</size>
         <input_file_ref idref="fl-11"/>
      </object_component>
      <object_component id="oc-43">
         <name>.int08</name>
         <load_address>0xfff0</load_address>
         <run_address>0xfff0</run_address>
         <size>0x2</size>
         <input_file_ref idref="fl-48"/>
      </object_component>
      <object_component id="oc-44">
         <name>.int09</name>
         <load_address>0xfff2</load_address>
         <run_address>0xfff2</run_address>
         <size>0x2</size>
         <input_file_ref idref="fl-2"/>
      </object_component>
      <object_component id="oc-45">
         <name>.int10</name>
         <load_address>0xfff4</load_address>
         <run_address>0xfff4</run_address>
         <size>0x2</size>
         <input_file_ref idref="fl-49"/>
      </object_component>
      <object_component id="oc-46">
         <name>.int12</name>
         <load_address>0xfff8</load_address>
         <run_address>0xfff8</run_address>
         <size>0x2</size>
         <input_file_ref idref="fl-4a"/>
      </object_component>
      <object_component id="oc-47">
         <name>.int13</name>
         <load_address>0xfffa</load_address>
         <run_address>0xfffa</run_address>
         <size>0x2</size>
         <input_file_ref idref="fl-4b"/>
      </object_component>
      <object_component id="oc-48">
         <name>.int14</name>
         <load_address>0xfffc</load_address>
         <run_address>0xfffc</run_address>
         <size>0x2</size>
         <input_file_ref idref="fl-4c"/>
      </object_component>
      <object_component id="oc-f0">
         <name>.reset</name>
         <load_address>0xfffe</load_address>
         <run_address>0xfffe</run_address>
         <size>0x2</size>
         <input_file_ref idref="fl-30"/>
      </object_component>
      <object_component id="oc-236">
         <name>.debug_info</name>
         <load_address>0x0</load_address>
         <run_address>0x0</run_address>
         <size>0x533</size>
         <input_file_ref idref="fl-2"/>
      </object_component>
      <object_component id="oc-206">
         <name>.debug_info</name>
         <load_address>0x533</load_address>
         <run_address>0x533</run_address>
         <size>0x161</size>
         <input_file_ref idref="fl-2"/>
      </object_component>
      <object_component id="oc-1a3">
         <name>.debug_info</name>
         <load_address>0x694</load_address>
         <run_address>0x694</run_address>
         <size>0x265</size>
         <input_file_ref idref="fl-2"/>
      </object_component>
      <object_component id="oc-215">
         <name>.debug_info</name>
         <load_address>0x8f9</load_address>
         <run_address>0x8f9</run_address>
         <size>0xf8</size>
         <input_file_ref idref="fl-2"/>
      </object_component>
      <object_component id="oc-1c2">
         <name>.debug_info</name>
         <load_address>0x9f1</load_address>
         <run_address>0x9f1</run_address>
         <size>0x118</size>
         <input_file_ref idref="fl-2"/>
      </object_component>
      <object_component id="oc-20f">
         <name>.debug_info</name>
         <load_address>0xb09</load_address>
         <run_address>0xb09</run_address>
         <size>0x18e</size>
         <input_file_ref idref="fl-2"/>
      </object_component>
      <object_component id="oc-130">
         <name>.debug_info</name>
         <load_address>0xc97</load_address>
         <run_address>0xc97</run_address>
         <size>0x368</size>
         <input_file_ref idref="fl-2"/>
      </object_component>
      <object_component id="oc-15d">
         <name>.debug_info</name>
         <load_address>0xfff</load_address>
         <run_address>0xfff</run_address>
         <size>0x3ad</size>
         <input_file_ref idref="fl-2"/>
      </object_component>
      <object_component id="oc-230">
         <name>.debug_info</name>
         <load_address>0x13ac</load_address>
         <run_address>0x13ac</run_address>
         <size>0x1fc</size>
         <input_file_ref idref="fl-2"/>
      </object_component>
      <object_component id="oc-22a">
         <name>.debug_info</name>
         <load_address>0x15a8</load_address>
         <run_address>0x15a8</run_address>
         <size>0x1b7</size>
         <input_file_ref idref="fl-2"/>
      </object_component>
      <object_component id="oc-21e">
         <name>.debug_info</name>
         <load_address>0x175f</load_address>
         <run_address>0x175f</run_address>
         <size>0x1a6</size>
         <input_file_ref idref="fl-2"/>
      </object_component>
      <object_component id="oc-23f">
         <name>.debug_info</name>
         <load_address>0x1905</load_address>
         <run_address>0x1905</run_address>
         <size>0x372</size>
         <input_file_ref idref="fl-2"/>
      </object_component>
      <object_component id="oc-1ca">
         <name>.debug_info</name>
         <load_address>0x1c77</load_address>
         <run_address>0x1c77</run_address>
[...]
         <name>__mspabi_divu</name>
         <value>0xd43c</value>
         <object_component_ref idref="oc-5d4"/>
      </symbol>
      <symbol id="sm-806">
         <name>__mspabi_remul</name>
         <value>0xc4f4</value>
         <object_component_ref idref="oc-4de"/>
      </symbol>
      <symbol id="sm-807">
         <name>__mspabi_divul</name>
         <value>0xc4f4</value>
         <object_component_ref idref="oc-4de"/>
      </symbol>
      <symbol id="sm-810">
         <name>__mspabi_func_epilog_2</name>
         <value>0xd54c</value>
         <object_component_ref idref="oc-fb"/>
      </symbol>
      <symbol id="sm-811">
         <name>__mspabi_func_epilog_3</name>
         <value>0xd54a</value>
         <object_component_ref idref="oc-fb"/>
      </symbol>
      <symbol id="sm-812">
         <name>__mspabi_func_epilog_1</name>
         <value>0xd54e</value>
         <object_component_ref idref="oc-fb"/>
      </symbol>
      <symbol id="sm-813">
         <name>__mspabi_func_epilog_6</name>
         <value>0xd544</value>
         <object_component_ref idref="oc-fb"/>
      </symbol>
      <symbol id="sm-814">
         <name>__mspabi_func_epilog_7</name>
         <value>0xd542</value>
         <object_component_ref idref="oc-fb"/>
      </symbol>
      <symbol id="sm-815">
         <name>__mspabi_func_epilog_4</name>
         <value>0xd548</value>
         <object_component_ref idref="oc-fb"/>
      </symbol>
      <symbol id="sm-816">
         <name>__mspabi_func_epilog_5</name>
         <value>0xd546</value>
         <object_component_ref idref="oc-fb"/>
      </symbol>
      <symbol id="sm-820">
         <name>C$$EXIT</name>
         <value>0xd610</value>
         <object_component_ref idref="oc-164"/>
      </symbol>
      <symbol id="sm-821">
         <name>abort</name>
         <value>0xd610</value>
         <object_component_ref idref="oc-164"/>
      </symbol>
      <symbol id="sm-843">
         <name>__TI_frcaddd</name>
         <value>0xa296</value>
         <object_component_ref idref="oc-2a3"/>
      </symbol>
      <symbol id="sm-85e">
         <name>__mspabi_subf</name>
         <value>0xb064</value>
         <object_component_ref idref="oc-1bc"/>
      </symbol>
      <symbol id="sm-85f">
         <name>__mspabi_addf</name>
         <value>0xb06a</value>
         <object_component_ref idref="oc-1bc"/>
      </symbol>
      <symbol id="sm-86f">
         <name>__mspabi_cmpf</name>
         <value>0xc776</value>
         <object_component_ref idref="oc-1b7"/>
      </symbol>
      <symbol id="sm-881">
         <name>__mspabi_divf</name>
         <value>0xbdf4</value>
         <object_component_ref idref="oc-3b2"/>
      </symbol>
      <symbol id="sm-88e">
         <name>__mspabi_fltif</name>
         <value>0xcb8c</value>
         <object_component_ref idref="oc-3ad"/>
      </symbol>
      <symbol id="sm-8a5">
         <name>__mspabi_mpyf</name>
         <value>0xb914</value>
         <object_component_ref idref="oc-1c4"/>
      </symbol>
      <symbol id="sm-8ae">
         <name>__mspabi_negf</name>
         <value>0xd5ea</value>
         <object_component_ref idref="oc-2bc"/>
      </symbol>
      <symbol id="sm-8c0">
         <name>__mspabi_fixfi</name>
         <value>0xc3d6</value>
         <object_component_ref idref="oc-1da"/>
      </symbol>
      <symbol id="sm-8cf">
         <name>__mspabi_fixfu</name>
         <value>0xc894</value>
         <object_component_ref idref="oc-1cf"/>
      </symbol>
      <symbol id="sm-8d2">
         <name>__TI_int02</name>
         <value>0xffe4</value>
         <object_component_ref idref="oc-3e"/>
      </symbol>
      <symbol id="sm-8d5">
         <name>__TI_int05</name>
         <value>0xffea</value>
         <object_component_ref idref="oc-40"/>
      </symbol>
      <symbol id="sm-8d8">
         <name>__TI_int08</name>
         <value>0xfff0</value>
         <object_component_ref idref="oc-43"/>
      </symbol>
      <symbol id="sm-8db">
         <name>__TI_int10</name>
         <value>0xfff4</value>
         <object_component_ref idref="oc-45"/>
      </symbol>
      <symbol id="sm-8de">
         <name>__TI_int12</name>
         <value>0xfff8</value>
         <object_component_ref idref="oc-46"/>
      </symbol>
      <symbol id="sm-8e1">
         <name>__TI_int13</name>
         <value>0xfffa</value>
         <object_component_ref idref="oc-47"/>
      </symbol>
      <symbol id="sm-8e4">
         <name>__TI_int14</name>
         <value>0xfffc</value>
         <object_component_ref idref="oc-48"/>
      </symbol>
      <symbol id="sm-8ec">
         <name>__TI_ISR_TRAP</name>
         <value>0xd5fc</value>
         <object_component_ref idref="oc-118"/>
      </symbol>
      <symbol id="sm-8f4">
         <name>__mspabi_slli</name>
         <value>0xcfba</value>
         <object_component_ref idref="oc-f1"/>
      </symbol>
      <symbol id="sm-8f5">
         <name>__mspabi_slli_9</name>
         <value>0xcfd2</value>
         <object_component_ref idref="oc-f1"/>
      </symbol>
      <symbol id="sm-8f6">
         <name>__mspabi_slli_8</name>
         <value>0xcfd4</value>
         <object_component_ref idref="oc-f1"/>
      </symbol>
      <symbol id="sm-8f7">
         <name>__mspabi_slli_7</name>
         <value>0xcfd6</value>
         <object_component_ref idref="oc-f1"/>
      </symbol>
      <symbol id="sm-8f8">
         <name>__mspabi_slli_6</name>
         <value>0xcfd8</value>
         <object_component_ref idref="oc-f1"/>
      </symbol>
      <symbol id="sm-8f9">
         <name>__mspabi_slli_5</name>
         <value>0xcfda</value>
         <object_component_ref idref="oc-f1"/>
      </symbol>
      <symbol id="sm-8fa">
         <name>__mspabi_slli_4</name>
         <value>0xcfdc</value>
         <object_component_ref idref="oc-f1"/>
      </symbol>
      <symbol id="sm-8fb">
         <name>__mspabi_slli_3</name>
         <value>0xcfde</value>
         <object_component_ref idref="oc-f1"/>
      </symbol>
      <symbol id="sm-8fc">
         <name>__mspabi_slli_2</name>
         <value>0xcfe0</value>
         <object_component_ref idref="oc-f1"/>
      </symbol>
      <symbol id="sm-8fd">
         <name>__mspabi_slli_1</name>
         <value>0xcfe2</value>
         <object_component_ref idref="oc-f1"/>
      </symbol>
      <symbol id="sm-8fe">
         <name>__mspabi_slli_15</name>
         <value>0xcfc6</value>
         <object_component_ref idref="oc-f1"/>
      </symbol>
      <symbol id="sm-8ff">
         <name>__mspabi_slli_14</name>
         <value>0xcfc8</value>
         <object_component_ref idref="oc-f1"/>
      </symbol>
      <symbol id="sm-900">
         <name>__mspabi_slli_13</name>
         <value>0xcfca</value>
         <object_component_ref idref="oc-f1"/>
      </symbol>
      <symbol id="sm-901">
         <name>__mspabi_slli_12</name>
         <value>0xcfcc</value>
         <object_component_ref idref="oc-f1"/>
      </symbol>
      <symbol id="sm-902">
         <name>__mspabi_slli_11</name>
         <value>0xcfce</value>
         <object_component_ref idref="oc-f1"/>
      </symbol>
      <symbol id="sm-903">
         <name>__mspabi_slli_10</name>
         <value>0xcfd0</value>
         <object_component_ref idref="oc-f1"/>
      </symbol>
      <symbol id="sm-913">
         <name>__mspabi_slll_9</name>
         <value>0xca7c</value>
         <object_component_ref idref="oc-2b0"/>
      </symbol>
      <symbol id="sm-914">
         <name>__mspabi_slll_8</name>
         <value>0xca80</value>
         <object_component_ref idref="oc-2b0"/>
      </symbol>
      <symbol id="sm-915">
         <name>__mspabi_slll_7</name>
         <value>0xca84</value>
         <object_component_ref idref="oc-2b0"/>
      </symbol>
      <symbol id="sm-916">
         <name>__mspabi_slll_6</name>
         <value>0xca88</value>
         <object_component_ref idref="oc-2b0"/>
      </symbol>
      <symbol id="sm-917">
         <name>__mspabi_slll_5</name>
         <value>0xca8c</value>
         <object_component_ref idref="oc-2b0"/>
      </symbol>
      <symbol id="sm-918">
         <name>__mspabi_slll_4</name>
         <value>0xca90</value>
         <object_component_ref idref="oc-2b0"/>
      </symbol>
      <symbol id="sm-919">
         <name>__mspabi_slll_3</name>
         <value>0xca94</value>
         <object_component_ref idref="oc-2b0"/>
      </symbol>
      <symbol id="sm-91a">
         <name>__mspabi_slll_2</name>
         <value>0xca98</value>
         <object_component_ref idref="oc-2b0"/>
      </symbol>
      <symbol id="sm-91b">
         <name>__mspabi_slll_1</name>
         <value>0xca9c</value>
         <object_component_ref idref="oc-2b0"/>
      </symbol>
      <symbol id="sm-91c">
         <name>__mspabi_slll</name>
         <value>0xd532</value>
         <object_component_ref idref="oc-3fd"/>
      </symbol>
      <symbol id="sm-91d">
         <name>__mspabi_slll_15</name>
         <value>0xca64</value>
         <object_component_ref idref="oc-2b0"/>
      </symbol>
      <symbol id="sm-91e">
         <name>__mspabi_slll_14</name>
         <value>0xca68</value>
         <object_component_ref idref="oc-2b0"/>
      </symbol>
      <symbol id="sm-91f">
         <name>__mspabi_slll_13</name>
         <value>0xca6c</value>
         <object_component_ref idref="oc-2b0"/>
      </symbol>
      <symbol id="sm-920">
         <name>__mspabi_slll_12</name>
         <value>0xca70</value>
         <object_component_ref idref="oc-2b0"/>
      </symbol>
      <symbol id="sm-921">
         <name>__mspabi_slll_11</name>
         <value>0xca74</value>
         <object_component_ref idref="oc-2b0"/>
      </symbol>
      <symbol id="sm-922">
         <name>__mspabi_slll_10</name>
         <value>0xca78</value>
         <object_component_ref idref="oc-2b0"/>
      </symbol>
      <symbol id="sm-92a">
         <name>__mspabi_srli_8</name>
         <value>0xc70a</value>
         <object_component_ref idref="oc-f6"/>
      </symbol>
      <symbol id="sm-92b">
         <name>__mspabi_srli_9</name>
         <value>0xc706</value>
         <object_component_ref idref="oc-f6"/>
      </symbol>
      <symbol id="sm-92c">
         <name>__mspabi_srli_6</name>
         <value>0xc712</value>
         <object_component_ref idref="oc-f6"/>
      </symbol>
      <symbol id="sm-92d">
         <name>__mspabi_srli_7</name>
         <value>0xc70e</value>
         <object_component_ref idref="oc-f6"/>
      </symbol>
      <symbol id="sm-92e">
         <name>__mspabi_srli_4</name>
         <value>0xc71a</value>
         <object_component_ref idref="oc-f6"/>
      </symbol>
      <symbol id="sm-92f">
         <name>__mspabi_srli_5</name>
         <value>0xc716</value>
         <object_component_ref idref="oc-f6"/>
      </symbol>
      <symbol id="sm-930">
         <name>__mspabi_srli_2</name>
         <value>0xc722</value>
         <object_component_ref idref="oc-f6"/>
      </symbol>
      <symbol id="sm-931">
         <name>__mspabi_srli_3</name>
         <value>0xc71e</value>
         <object_component_ref idref="oc-f6"/>
      </symbol>
      <symbol id="sm-932">
         <name>__mspabi_srli_1</name>
         <value>0xc726</value>
         <object_component_ref idref="oc-f6"/>
      </symbol>
      <symbol id="sm-933">
         <name>__mspabi_srli</name>
         <value>0xc6e0</value>
         <object_component_ref idref="oc-f6"/>
      </symbol>
      <symbol id="sm-934">
         <name>__mspabi_srli_15</name>
         <value>0xc6ee</value>
         <object_component_ref idref="oc-f6"/>
      </symbol>
      <symbol id="sm-935">
         <name>__mspabi_srli_14</name>
         <value>0xc6f2</value>
         <object_component_ref idref="oc-f6"/>
      </symbol>
      <symbol id="sm-936">
         <name>__mspabi_srli_13</name>
         <value>0xc6f6</value>
         <object_component_ref idref="oc-f6"/>
      </symbol>
      <symbol id="sm-937">
         <name>__mspabi_srli_12</name>
         <value>0xc6fa</value>
         <object_component_ref idref="oc-f6"/>
      </symbol>
      <symbol id="sm-938">
         <name>__mspabi_srli_11</name>
         <value>0xc6fe</value>
         <object_component_ref idref="oc-f6"/>
      </symbol>
      <symbol id="sm-939">
         <name>__mspabi_srli_10</name>
         <value>0xc702</value>
         <object_component_ref idref="oc-f6"/>
      </symbol>
      <symbol id="sm-949">
         <name>__mspabi_srll_8</name>
         <value>0xc468</value>
         <object_component_ref idref="oc-5c9"/>
      </symbol>
      <symbol id="sm-94a">
         <name>__mspabi_srll_9</name>
         <value>0xc462</value>
         <object_component_ref idref="oc-5c9"/>
      </symbol>
      <symbol id="sm-94b">
         <name>__mspabi_srll_6</name>
         <value>0xc474</value>
         <object_component_ref idref="oc-5c9"/>
      </symbol>
      <symbol id="sm-94c">
         <name>__mspabi_srll_7</name>
         <value>0xc46e</value>
         <object_component_ref idref="oc-5c9"/>
      </symbol>
      <symbol id="sm-94d">
         <name>__mspabi_srll_4</name>
         <value>0xc480</value>
         <object_component_ref idref="oc-5c9"/>
      </symbol>
      <symbol id="sm-94e">
         <name>__mspabi_srll_5</name>
         <value>0xc47a</value>
         <object_component_ref idref="oc-5c9"/>
      </symbol>
      <symbol id="sm-94f">
         <name>__mspabi_srll_2</name>
         <value>0xc48c</value>
         <object_component_ref idref="oc-5c9"/>
      </symbol>
      <symbol id="sm-950">
         <name>__mspabi_srll_3</name>
         <value>0xc486</value>
         <object_component_ref idref="oc-5c9"/>
      </symbol>
      <symbol id="sm-951">
         <name>__mspabi_srll_1</name>
         <value>0xc492</value>
         <object_component_ref idref="oc-5c9"/>
      </symbol>
      <symbol id="sm-952">
         <name>__mspabi_srll_15</name>
         <value>0xc43e</value>
         <object_component_ref idref="oc-5c9"/>
      </symbol>
      <symbol id="sm-953">
         <name>__mspabi_srll_14</name>
         <value>0xc444</value>
         <object_component_ref idref="oc-5c9"/>
      </symbol>
      <symbol id="sm-954">
         <name>__mspabi_srll_13</name>
         <value>0xc44a</value>
         <object_component_ref idref="oc-5c9"/>
      </symbol>
      <symbol id="sm-955">
         <name>__mspabi_srll_12</name>
         <value>0xc450</value>
         <object_component_ref idref="oc-5c9"/>
      </symbol>
      <symbol id="sm-956">
         <name>__mspabi_srll_11</name>
         <value>0xc456</value>
         <object_component_ref idref="oc-5c9"/>
      </symbol>
      <symbol id="sm-957">
         <name>__mspabi_srll_10</name>
         <value>0xc45c</value>
         <object_component_ref idref="oc-5c9"/>
      </symbol>
      <symbol id="sm-958">
         <name>__mspabi_srll</name>
         <value>0xd4da</value>
         <object_component_ref idref="oc-402"/>
      </symbol>
      <symbol id="sm-968">
         <name>memcmp</name>
         <value>0xd1d8</value>
         <object_component_ref idref="oc-67c"/>
      </symbol>
      <symbol id="sm-976">
         <name>memcpy</name>
         <value>0xd4ec</value>
         <object_component_ref idref="oc-10b"/>
      </symbol>
      <symbol id="sm-985">
         <name>memmove</name>
         <value>0xd29a</value>
         <object_component_ref idref="oc-663"/>
      </symbol>
      <symbol id="sm-993">
         <name>memset</name>
         <value>0xd47a</value>
         <object_component_ref idref="oc-3da"/>
      </symbol>
      <symbol id="sm-99e">
         <name>__mspabi_mpyi_sw</name>
         <value>0xd48e</value>
         <object_component_ref idref="oc-2e9"/>
      </symbol>
      <symbol id="sm-99f">
         <name>__mspabi_mpyi</name>
         <value>0xd48e</value>
         <object_component_ref idref="oc-2e9"/>
      </symbol>
      <symbol id="sm-9a9">
         <name>__mspabi_mpyl_sw</name>
         <value>0xd16e</value>
         <object_component_ref idref="oc-422"/>
      </symbol>
      <symbol id="sm-9aa">
         <name>__mspabi_mpyl</name>
         <value>0xd16e</value>
         <object_component_ref idref="oc-422"/>
      </symbol>
      <symbol id="sm-9bd">
         <name>__TI_renormd</name>
         <value>0xb9d8</value>
         <object_component_ref idref="oc-40c"/>
      </symbol>
      <symbol id="sm-a5b">
         <name>sinf</name>
         <value>0x8d8e</value>
         <object_component_ref idref="oc-1d4"/>
      </symbol>
      <symbol id="sm-a64">
         <name>__mspabi_subd</name>
         <value>0xceae</value>
         <object_component_ref idref="oc-2d5"/>
      </symbol>
      <symbol id="sm-a82">
         <name>_auto_init</name>
         <value>0xc300</value>
         <object_component_ref idref="oc-142"/>
      </symbol>
      <symbol id="sm-a98">
         <name>copy_in</name>
         <value>0xc49a</value>
         <object_component_ref idref="oc-1e3"/>
      </symbol>
      <symbol id="sm-aa7">
         <name>__mspabi_fixdli</name>
         <value>0xc28e</value>
         <object_component_ref idref="oc-2db"/>
      </symbol>
      <symbol id="sm-b29">
         <name>__kernel_rem_pio2</name>
         <value>0x8000</value>
         <object_component_ref idref="oc-2c3"/>
      </symbol>
      <symbol id="sm-b4b">
         <name>__mspabi_mpyd</name>
         <value>0xa028</value>
         <object_component_ref idref="oc-2cf"/>
      </symbol>
      <symbol id="sm-b54">
         <name>__mspabi_negd</name>
         <value>0xcfe6</value>
         <object_component_ref idref="oc-2c9"/>
      </symbol>
      <symbol id="sm-b79">
         <name>floorl</name>
         <value>0xa4f6</value>
         <object_component_ref idref="oc-436"/>
      </symbol>
      <symbol id="sm-b7a">
         <name>floor</name>
         <value>0xa4f6</value>
         <object_component_ref idref="oc-436"/>
      </symbol>
      <symbol id="sm-b92">
         <name>scalbn</name>
         <value>0xaa42</value>
         <object_component_ref idref="oc-430"/>
      </symbol>
      <symbol id="sm-b93">
         <name>scalbnl</name>
         <value>0xaa42</value>
         <object_component_ref idref="oc-430"/>
      </symbol>
      <symbol id="sm-b94">
         <name>ldexpl</name>
         <value>0xaa42</value>
         <object_component_ref idref="oc-430"/>
      </symbol>
      <symbol id="sm-b95">
         <name>ldexp</name>
         <value>0xaa42</value>
         <object_component_ref idref="oc-430"/>
      </symbol>
      <symbol id="sm-b9e">
         <name>_system_post_cinit</name>
         <value>0xd63c</value>
         <object_component_ref idref="oc-1e9"/>
      </symbol>
      <symbol id="sm-bb8">
         <name>__mspabi_cmpd</name>
         <value>0xb5b4</value>
         <object_component_ref idref="oc-43c"/>
      </symbol>
      <symbol id="sm-bbf">
         <name>errno</name>
         <value>0x436</value>
         <object_component_ref idref="oc-5df"/>
      </symbol>
      <symbol id="sm-bd6">
         <name>__mspabi_fltlid</name>
         <value>0xbcaa</value>
         <object_component_ref idref="oc-42a"/>
      </symbol>
      <symbol id="sm-be6">
         <name>__TI_frcmpyd</name>
         <value>0x9da2</value>
         <object_component_ref idref="oc-448"/>
      </symbol>
      <symbol id="sm-bef">
         <name>copysign</name>
         <value>0xcedc</value>
         <object_component_ref idref="oc-5e2"/>
      </symbol>
      <symbol id="sm-bf0">
         <name>copysignl</name>
         <value>0xcedc</value>
         <object_component_ref idref="oc-5e2"/>
      </symbol>
      <symbol id="sm-bf3">
         <name>__TI_BINIT_Base</name>
         <value>0x0</value>
      </symbol>
      <symbol id="sm-bf4">
         <name>__TI_BINIT_Limit</name>
         <value>0x0</value>
      </symbol>
      <symbol id="sm-bf5">
         <name>SMPL_Link</name>
         <value>0xaf0c</value>
      </symbol>
   </symbol_table>
   <title>Link successful</title>
</link_info>
