<?xml version="1.0"?>
<link_info>
   <banner>MSP430 Linker PC v16.9.0.LTS</banner>
   <copyright>Copyright (c) 2003-2015 Texas Instruments Incorporated</copyright>
   <link_time>0x588b8234</link_time>
   <link_errors>0x0</link_errors>
   <output_file>cubebots.out</output_file>
   <entry_point>
      <name>_c_int00_noargs_noexit</name>
      <address>0xd144</address>
   </entry_point>
   <input_file_list>
      <input_file id="fl-2">
         <path>.\Applications\application\End Device\</path>
         <kind>object</kind>
         <file>main_manyEDs.obj</file>
         <name>main_manyEDs.obj</name>
      </input_file>
      <input_file id="fl-3">
         <path>.\Components\bsp\</path>
         <kind>object</kind>
         <file>bsp.obj</file>
         <name>bsp.obj</name>
      </input_file>
      <input_file id="fl-4">
         <path>.\Components\mrfi\</path>
         <kind>object</kind>
         <file>mrfi.obj</file>
         <name>mrfi.obj</name>
      </input_file>
      <input_file id="fl-5">
         <path>.\Components\simpliciti\nwk\</path>
         <kind>object</kind>
         <file>nwk.obj</file>
         <name>nwk.obj</name>
      </input_file>
      <input_file id="fl-6">
         <path>.\Components\simpliciti\nwk\</path>
         <kind>object</kind>
         <file>nwk_QMgmt.obj</file>
         <name>nwk_QMgmt.obj</name>
      </input_file>
      <input_file id="fl-7">
         <path>.\Components\simpliciti\nwk\</path>
         <kind>object</kind>
         <file>nwk_api.obj</file>
         <name>nwk_api.obj</name>
      </input_file>
      <input_file id="fl-8">
         <path>.\Components\simpliciti\nwk\</path>
         <kind>object</kind>
         <file>nwk_frame.obj</file>
         <name>nwk_frame.obj</name>
      </input_file>
      <input_file id="fl-9">
         <path>.\Components\simpliciti\nwk\</path>
         <kind>object</kind>
         <file>nwk_globals.obj</file>
         <name>nwk_globals.obj</name>
      </input_file>
      <input_file id="fl-a">
         <path>.\Components\simpliciti\nwk_applications\</path>
         <kind>object</kind>
         <file>nwk_freq.obj</file>
         <name>nwk_freq.obj</name>
      </input_file>
      <input_file id="fl-b">
         <path>.\Components\simpliciti\nwk_applications\</path>
         <kind>object</kind>
         <file>nwk_ioctl.obj</file>
         <name>nwk_ioctl.obj</name>
      </input_file>
      <input_file id="fl-c">
         <path>.\Components\simpliciti\nwk_applications\</path>
         <kind>object</kind>
         <file>nwk_join.obj</file>
         <name>nwk_join.obj</name>
      </input_file>
      <input_file id="fl-d">
         <path>.\Components\simpliciti\nwk_applications\</path>
         <kind>object</kind>
         <file>nwk_link.obj</file>
         <name>nwk_link.obj</name>
      </input_file>
      <input_file id="fl-e">
         <path>.\Components\simpliciti\nwk_applications\</path>
         <kind>object</kind>
         <file>nwk_mgmt.obj</file>
         <name>nwk_mgmt.obj</name>
      </input_file>
      <input_file id="fl-f">
         <path>.\Components\simpliciti\nwk_applications\</path>
         <kind>object</kind>
         <file>nwk_ping.obj</file>
         <name>nwk_ping.obj</name>
      </input_file>
      <input_file id="fl-10">
         <path>.\Components\simpliciti\nwk_applications\</path>
         <kind>object</kind>
         <file>nwk_security.obj</file>
         <name>nwk_security.obj</name>
      </input_file>
      <input_file id="fl-11">
         <path>.\utils\</path>
         <kind>object</kind>
         <file>UART_HANDLER.obj</file>
         <name>UART_HANDLER.obj</name>
      </input_file>
      <input_file id="fl-12">
         <path>.\utils\</path>
         <kind>object</kind>
         <file>utils.obj</file>
         <name>utils.obj</name>
      </input_file>
      <input_file id="fl-2d">
         <path>C:\ti\ccsv7\tools\compiler\ti-cgt-msp430_16.9.0.LTS\lib\</path>
         <kind>archive</kind>
         <file>rts430_eabi.lib</file>
         <name>addd.obj</name>
      </input_file>
      <input_file id="fl-2e">
         <path>C:\ti\ccsv7\tools\compiler\ti-cgt-msp430_16.9.0.LTS\lib\</path>
         <kind>archive</kind>
         <file>rts430_eabi.lib</file>
         <name>asr16.obj</name>
      </input_file>
      <input_file id="fl-2f">
         <path>C:\ti\ccsv7\tools\compiler\ti-cgt-msp430_16.9.0.LTS\lib\</path>
         <kind>archive</kind>
         <file>rts430_eabi.lib</file>
         <name>asr32.obj</name>
      </input_file>
      <input_file id="fl-30">
         <path>C:\ti\ccsv7\tools\compiler\ti-cgt-msp430_16.9.0.LTS\lib\</path>
         <kind>archive</kind>
         <file>rts430_eabi.lib</file>
         <name>boot.obj</name>
      </input_file>
      <input_file id="fl-31">
         <path>C:\ti\ccsv7\tools\compiler\ti-cgt-msp430_16.9.0.LTS\lib\</path>
         <kind>archive</kind>
         <file>rts430_eabi.lib</file>
         <name>boot_special.obj</name>
      </input_file>
      <input_file id="fl-32">
         <path>C:\ti\ccsv7\tools\compiler\ti-cgt-msp430_16.9.0.LTS\lib\</path>
         <kind>archive</kind>
         <file>rts430_eabi.lib</file>
         <name>copy_decompress_lzss.obj</name>
      </input_file>
      <input_file id="fl-33">
         <path>C:\ti\ccsv7\tools\compiler\ti-cgt-msp430_16.9.0.LTS\lib\</path>
         <kind>archive</kind>
         <file>rts430_eabi.lib</file>
         <name>copy_decompress_none.obj</name>
      </input_file>
      <input_file id="fl-34">
         <path>C:\ti\ccsv7\tools\compiler\ti-cgt-msp430_16.9.0.LTS\lib\</path>
         <kind>archive</kind>
         <file>rts430_eabi.lib</file>
         <name>copy_zero_init.obj</name>
      </input_file>
      <input_file id="fl-35">
         <path>C:\ti\ccsv7\tools\compiler\ti-cgt-msp430_16.9.0.LTS\lib\</path>
         <kind>archive</kind>
         <file>rts430_eabi.lib</file>
         <name>cvtdf.obj</name>
      </input_file>
      <input_file id="fl-36">
         <path>C:\ti\ccsv7\tools\compiler\ti-cgt-msp430_16.9.0.LTS\lib\</path>
         <kind>archive</kind>
         <file>rts430_eabi.lib</file>
         <name>cvtfd.obj</name>
      </input_file>
      <input_file id="fl-37">
         <path>C:\ti\ccsv7\tools\compiler\ti-cgt-msp430_16.9.0.LTS\lib\</path>
         <kind>archive</kind>
         <file>rts430_eabi.lib</file>
         <name>div16s.obj</name>
      </input_file>
      <input_file id="fl-38">
         <path>C:\ti\ccsv7\tools\compiler\ti-cgt-msp430_16.9.0.LTS\lib\</path>
         <kind>archive</kind>
         <file>rts430_eabi.lib</file>
         <name>div16u.obj</name>
      </input_file>
      <input_file id="fl-39">
         <path>C:\ti\ccsv7\tools\compiler\ti-cgt-msp430_16.9.0.LTS\lib\</path>
         <kind>archive</kind>
         <file>rts430_eabi.lib</file>
         <name>div32u.obj</name>
      </input_file>
      <input_file id="fl-3a">
         <path>C:\ti\ccsv7\tools\compiler\ti-cgt-msp430_16.9.0.LTS\lib\</path>
         <kind>archive</kind>
         <file>rts430_eabi.lib</file>
         <name>epilog.obj</name>
      </input_file>
      <input_file id="fl-3b">
         <path>C:\ti\ccsv7\tools\compiler\ti-cgt-msp430_16.9.0.LTS\lib\</path>
         <kind>archive</kind>
         <file>rts430_eabi.lib</file>
         <name>exit.obj</name>
      </input_file>
      <input_file id="fl-3c">
         <path>C:\ti\ccsv7\tools\compiler\ti-cgt-msp430_16.9.0.LTS\lib\</path>
         <kind>archive</kind>
         <file>rts430_eabi.lib</file>
         <name>exit_gvars.obj</name>
      </input_file>
      <input_file id="fl-3d">
         <path>C:\ti\ccsv7\tools\compiler\ti-cgt-msp430_16.9.0.LTS\lib\</path>
         <kind>archive</kind>
         <file>rts430_eabi.lib</file>
         <name>frcaddd.obj</name>
      </input_file>
      <input_file id="fl-3e">
         <path>C:\ti\ccsv7\tools\compiler\ti-cgt-msp430_16.9.0.LTS\lib\</path>
         <kind>archive</kind>
         <file>rts430_eabi.lib</file>
         <name>fs_add.obj</name>
      </input_file>
      <input_file id="fl-3f">
         <path>C:\ti\ccsv7\tools\compiler\ti-cgt-msp430_16.9.0.LTS\lib\</path>
         <kind>archive</kind>
         <file>rts430_eabi.lib</file>
         <name>fs_cmp.obj</name>
      </input_file>
      <input_file id="fl-40">
         <path>C:\ti\ccsv7\tools\compiler\ti-cgt-msp430_16.9.0.LTS\lib\</path>
         <kind>archive</kind>
         <file>rts430_eabi.lib</file>
         <name>fs_div.obj</name>
      </input_file>
      <input_file id="fl-41">
         <path>C:\ti\ccsv7\tools\compiler\ti-cgt-msp430_16.9.0.LTS\lib\</path>
         <kind>archive</kind>
         <file>rts430_eabi.lib</file>
         <name>fs_itof.obj</name>
      </input_file>
      <input_file id="fl-42">
         <path>C:\ti\ccsv7\tools\compiler\ti-cgt-msp430_16.9.0.LTS\lib\</path>
         <kind>archive</kind>
         <file>rts430_eabi.lib</file>
         <name>fs_mpy.obj</name>
      </input_file>
      <input_file id="fl-43">
         <path>C:\ti\ccsv7\tools\compiler\ti-cgt-msp430_16.9.0.LTS\lib\</path>
         <kind>archive</kind>
         <file>rts430_eabi.lib</file>
         <name>fs_toi.obj</name>
      </input_file>
      <input_file id="fl-44">
         <path>C:\ti\ccsv7\tools\compiler\ti-cgt-msp430_16.9.0.LTS\lib\</path>
         <kind>archive</kind>
         <file>rts430_eabi.lib</file>
         <name>fs_utof.obj</name>
      </input_file>
      <input_file id="fl-45">
         <path>C:\ti\ccsv7\tools\compiler\ti-cgt-msp430_16.9.0.LTS\lib\</path>
         <kind>archive</kind>
         <file>rts430_eabi.lib</file>
         <name>int02.obj</name>
      </input_file>
      <input_file id="fl-46">
         <path>C:\ti\ccsv7\tools\compiler\ti-cgt-msp430_16.9.0.LTS\lib\</path>
         <kind>archive</kind>
         <file>rts430_eabi.lib</file>
         <name>int05.obj</name>
      </input_file>
      <input_file id="fl-47">
         <path>C:\ti\ccsv7\tools\compiler\ti-cgt-msp430_16.9.0.LTS\lib\</path>
         <kind>archive</kind>
         <file>rts430_eabi.lib</file>
         <name>int08.obj</name>
      </input_file>
      <input_file id="fl-48">
         <path>C:\ti\ccsv7\tools\compiler\ti-cgt-msp430_16.9.0.LTS\lib\</path>
         <kind>archive</kind>
         <file>rts430_eabi.lib</file>
         <name>int10.obj</name>
      </input_file>
      <input_file id="fl-49">
         <path>C:\ti\ccsv7\tools\compiler\ti-cgt-msp430_16.9.0.LTS\lib\</path>
         <kind>archive</kind>
         <file>rts430_eabi.lib</file>
         <name>int12.obj</name>
      </input_file>
      <input_file id="fl-4a">
         <path>C:\ti\ccsv7\tools\compiler\ti-cgt-msp430_16.9.0.LTS\lib\</path>
         <kind>archive</kind>
         <file>rts430_eabi.lib</file>
         <name>int13.obj</name>
      </input_file>
      <input_file id="fl-4b">
         <path>C:\ti\ccsv7\tools\compiler\ti-cgt-msp430_16.9.0.LTS\lib\</path>
         <kind>archive</kind>
         <file>rts430_eabi.lib</file>
         <name>int14.obj</name>
      </input_file>
      <input_file id="fl-4c">
         <path>C:\ti\ccsv7\tools\compiler\ti-cgt-msp430_16.9.0.LTS\lib\</path>
         <kind>archive</kind>
         <file>rts430_eabi.lib</file>
         <name>isr_trap.obj</name>
      </input_file>
      <input_file id="fl-4d">
         <path>C:\ti\ccsv7\tools\compiler\ti-cgt-msp430_16.9.0.LTS\lib\</path>
         <kind>archive</kind>
         <file>rts430_eabi.lib</file>
         <name>lsl16.obj</name>
      </input_file>
      <input_file id="fl-4e">
         <path>C:\ti\ccsv7\tools\compiler\ti-cgt-msp430_16.9.0.LTS\lib\</path>
         <kind>archive</kind>
         <file>rts430_eabi.lib</file>
         <name>lsl32.obj</name>
      </input_file>
      <input_file id="fl-4f">
         <path>C:\ti\ccsv7\tools\compiler\ti-cgt-msp430_16.9.0.LTS\lib\</path>
         <kind>archive</kind>
         <file>rts430_eabi.lib</file>
         <name>lsr16.obj</name>
      </input_file>
      <input_file id="fl-50">
         <path>C:\ti\ccsv7\tools\compiler\ti-cgt-msp430_16.9.0.LTS\lib\</path>
         <kind>archive</kind>
         <file>rts430_eabi.lib</file>
         <name>lsr32.obj</name>
      </input_file>
      <input_file id="fl-51">
         <path>C:\ti\ccsv7\tools\compiler\ti-cgt-msp430_16.9.0.LTS\lib\</path>
         <kind>archive</kind>
         <file>rts430_eabi.lib</file>
         <name>lsr64.obj</name>
      </input_file>
      <input_file id="fl-52">
         <path>C:\ti\ccsv7\tools\compiler\ti-cgt-msp430_16.9.0.LTS\lib\</path>
         <kind>archive</kind>
         <file>rts430_eabi.lib</file>
         <name>memcmp.obj</name>
      </input_file>
      <input_file id="fl-53">
         <path>C:\ti\ccsv7\tools\compiler\ti-cgt-msp430_16.9.0.LTS\lib\</path>
         <kind>archive</kind>
         <file>rts430_eabi.lib</file>
         <name>memcpy.obj</name>
      </input_file>
      <input_file id="fl-54">
         <path>C:\ti\ccsv7\tools\compiler\ti-cgt-msp430_16.9.0.LTS\lib\</path>
         <kind>archive</kind>
         <file>rts430_eabi.lib</file>
         <name>memmov.obj</name>
      </input_file>
      <input_file id="fl-55">
         <path>C:\ti\ccsv7\tools\compiler\ti-cgt-msp430_16.9.0.LTS\lib\</path>
         <kind>archive</kind>
         <file>rts430_eabi.lib</file>
         <name>memset.obj</name>
      </input_file>
      <input_file id="fl-56">
         <path>C:\ti\ccsv7\tools\compiler\ti-cgt-msp430_16.9.0.LTS\lib\</path>
         <kind>archive</kind>
         <file>rts430_eabi.lib</file>
         <name>mpu_init.obj</name>
      </input_file>
      <input_file id="fl-57">
         <path>C:\ti\ccsv7\tools\compiler\ti-cgt-msp430_16.9.0.LTS\lib\</path>
         <kind>archive</kind>
         <file>rts430_eabi.lib</file>
         <name>mult16.obj</name>
      </input_file>
      <input_file id="fl-58">
         <path>C:\ti\ccsv7\tools\compiler\ti-cgt-msp430_16.9.0.LTS\lib\</path>
         <kind>archive</kind>
         <file>rts430_eabi.lib</file>
         <name>mult32.obj</name>
      </input_file>
      <input_file id="fl-59">
         <path>C:\ti\ccsv7\tools\compiler\ti-cgt-msp430_16.9.0.LTS\lib\</path>
         <kind>archive</kind>
         <file>rts430_eabi.lib</file>
         <name>renormd.obj</name>
      </input_file>
      <input_file id="fl-5a">
         <path>C:\ti\ccsv7\tools\compiler\ti-cgt-msp430_16.9.0.LTS\lib\</path>
         <kind>archive</kind>
         <file>rts430_eabi.lib</file>
         <name>rotl16.obj</name>
      </input_file>
      <input_file id="fl-5b">
         <path>C:\ti\ccsv7\tools\compiler\ti-cgt-msp430_16.9.0.LTS\lib\</path>
         <kind>archive</kind>
         <file>rts430_eabi.lib</file>
         <name>s_sinf.obj</name>
      </input_file>
      <input_file id="fl-5c">
         <path>C:\ti\ccsv7\tools\compiler\ti-cgt-msp430_16.9.0.LTS\lib\</path>
         <kind>archive</kind>
         <file>rts430_eabi.lib</file>
         <name>subd.obj</name>
      </input_file>
      <input_file id="fl-5d">
         <path>C:\ti\ccsv7\tools\compiler\ti-cgt-msp430_16.9.0.LTS\lib\</path>
         <kind>archive</kind>
         <file>rts430_eabi.lib</file>
         <name>_lock.obj</name>
      </input_file>
      <input_file id="fl-5e">
         <path>C:\ti\ccsv7\tools\compiler\ti-cgt-msp430_16.9.0.LTS\lib\</path>
         <kind>archive</kind>
         <file>rts430_eabi.lib</file>
         <name>args_main.obj</name>
      </input_file>
      <input_file id="fl-5f">
         <path>C:\ti\ccsv7\tools\compiler\ti-cgt-msp430_16.9.0.LTS\lib\</path>
         <kind>archive</kind>
         <file>rts430_eabi.lib</file>
         <name>autoinit.obj</name>
      </input_file>
      <input_file id="fl-60">
         <path>C:\ti\ccsv7\tools\compiler\ti-cgt-msp430_16.9.0.LTS\lib\</path>
         <kind>archive</kind>
         <file>rts430_eabi.lib</file>
         <name>cpy_tbl.obj</name>
      </input_file>
      <input_file id="fl-61">
         <path>C:\ti\ccsv7\tools\compiler\ti-cgt-msp430_16.9.0.LTS\lib\</path>
         <kind>archive</kind>
         <file>rts430_eabi.lib</file>
         <name>fixdli.obj</name>
      </input_file>
      <input_file id="fl-62">
         <path>C:\ti\ccsv7\tools\compiler\ti-cgt-msp430_16.9.0.LTS\lib\</path>
         <kind>archive</kind>
         <file>rts430_eabi.lib</file>
         <name>fs_neg.obj</name>
      </input_file>
      <input_file id="fl-63">
         <path>C:\ti\ccsv7\tools\compiler\ti-cgt-msp430_16.9.0.LTS\lib\</path>
         <kind>archive</kind>
         <file>rts430_eabi.lib</file>
         <name>k_rem_pio2.obj</name>
      </input_file>
      <input_file id="fl-64">
         <path>C:\ti\ccsv7\tools\compiler\ti-cgt-msp430_16.9.0.LTS\lib\</path>
         <kind>archive</kind>
         <file>rts430_eabi.lib</file>
         <name>mpyd.obj</name>
      </input_file>
      <input_file id="fl-65">
         <path>C:\ti\ccsv7\tools\compiler\ti-cgt-msp430_16.9.0.LTS\lib\</path>
         <kind>archive</kind>
         <file>rts430_eabi.lib</file>
         <name>negd.obj</name>
      </input_file>
      <input_file id="fl-66">
         <path>C:\ti\ccsv7\tools\compiler\ti-cgt-msp430_16.9.0.LTS\lib\</path>
         <kind>archive</kind>
         <file>rts430_eabi.lib</file>
         <name>s_floor.obj</name>
      </input_file>
      <input_file id="fl-67">
         <path>C:\ti\ccsv7\tools\compiler\ti-cgt-msp430_16.9.0.LTS\lib\</path>
         <kind>archive</kind>
         <file>rts430_eabi.lib</file>
         <name>s_scalbn.obj</name>
      </input_file>
      <input_file id="fl-68">
         <path>C:\ti\ccsv7\tools\compiler\ti-cgt-msp430_16.9.0.LTS\lib\</path>
         <kind>archive</kind>
         <file>rts430_eabi.lib</file>
         <name>startup.obj</name>
      </input_file>
      <input_file id="fl-69">
         <path>C:\ti\ccsv7\tools\compiler\ti-cgt-msp430_16.9.0.LTS\lib\</path>
         <kind>archive</kind>
         <file>rts430_eabi.lib</file>
         <name>cmpd.obj</name>
      </input_file>
      <input_file id="fl-6a">
         <path>C:\ti\ccsv7\tools\compiler\ti-cgt-msp430_16.9.0.LTS\lib\</path>
         <kind>archive</kind>
         <file>rts430_eabi.lib</file>
         <name>errno.obj</name>
      </input_file>
      <input_file id="fl-6b">
         <path>C:\ti\ccsv7\tools\compiler\ti-cgt-msp430_16.9.0.LTS\lib\</path>
         <kind>archive</kind>
         <file>rts430_eabi.lib</file>
         <name>fltlid.obj</name>
      </input_file>
      <input_file id="fl-6c">
         <path>C:\ti\ccsv7\tools\compiler\ti-cgt-msp430_16.9.0.LTS\lib\</path>
         <kind>archive</kind>
         <file>rts430_eabi.lib</file>
         <name>frcmpyd.obj</name>
      </input_file>
      <input_file id="fl-6d">
         <path>C:\ti\ccsv7\tools\compiler\ti-cgt-msp430_16.9.0.LTS\lib\</path>
         <kind>archive</kind>
         <file>rts430_eabi.lib</file>
         <name>s_copysign.obj</name>
      </input_file>
   </input_file_list>
   <object_component_list>
      <object_component id="oc-206">
         <name>.bss</name>
         <uninitialized>true</uninitialized>
         <run_address>0x3b2</run_address>
         <size>0x3</size>
         <input_file_ref idref="fl-2"/>
      </object_component>
      <object_component id="oc-3cc">
         <name>.bss:mrfiIncomingPacket</name>
         <uninitialized>true</uninitialized>
         <run_address>0x338</run_address>
         <size>0x2e</size>
         <input_file_ref idref="fl-4"/>
      </object_component>
      <object_component id="oc-613">
         <name>.bss:sInFrameQ</name>
         <uninitialized>true</uninitialized>
         <run_address>0x200</run_address>
         <size>0x60</size>
         <input_file_ref idref="fl-6"/>
      </object_component>
      <object_component id="oc-616">
         <name>.bss:sOutFrameQ</name>
         <uninitialized>true</uninitialized>
         <run_address>0x260</run_address>
         <size>0x60</size>
         <input_file_ref idref="fl-6"/>
      </object_component>
      <object_component id="oc-608">
         <name>.bss:sAPAddress</name>
         <uninitialized>true</uninitialized>
         <run_address>0x3aa</run_address>
         <size>0x4</size>
         <input_file_ref idref="fl-9"/>
      </object_component>
      <object_component id="oc-51d">
         <name>.bss:sMyRAMAddress</name>
         <uninitialized>true</uninitialized>
         <run_address>0x3ae</run_address>
         <size>0x4</size>
         <input_file_ref idref="fl-9"/>
      </object_component>
      <object_component id="oc-627">
         <name>.bss:sServiceLinkID</name>
         <uninitialized>true</uninitialized>
         <run_address>0x3b6</run_address>
         <size>0x2</size>
         <input_file_ref idref="fl-d"/>
      </object_component>
      <object_component id="oc-19e">
         <name>.bss:UART_RX_BUFFER</name>
         <uninitialized>true</uninitialized>
         <run_address>0x386</run_address>
         <size>0x12</size>
         <input_file_ref idref="fl-11"/>
      </object_component>
      <object_component id="oc-197">
         <name>.bss:UART_TX_BUFFER</name>
         <uninitialized>true</uninitialized>
         <run_address>0x398</run_address>
         <size>0x12</size>
         <input_file_ref idref="fl-11"/>
      </object_component>
      <object_component id="oc-236">
         <name>.common:RadioMSG</name>
         <uninitialized>true</uninitialized>
         <run_address>0x366</run_address>
         <size>0x20</size>
      </object_component>
      <object_component id="oc-263">
         <name>.common:RX_ser_buf</name>
         <uninitialized>true</uninitialized>
         <run_address>0x2c0</run_address>
         <size>0x3c</size>
      </object_component>
      <object_component id="oc-26a">
         <name>.common:TX_ser_buf</name>
         <uninitialized>true</uninitialized>
         <run_address>0x2fc</run_address>
         <size>0x3c</size>
      </object_component>
      <object_component id="oc-1a2">
         <name>.data</name>
         <load_address>0x3b8</load_address>
         <run_address>0x3b8</run_address>
         <size>0x28</size>
         <input_file_ref idref="fl-2"/>
      </object_component>
      <object_component id="oc-215">
         <name>.data:lAddr</name>
         <load_address>0x427</load_address>
         <run_address>0x427</run_address>
         <size>0x4</size>
         <input_file_ref idref="fl-2"/>
      </object_component>
      <object_component id="oc-455">
         <name>.data</name>
         <load_address>0x40f</load_address>
         <run_address>0x40f</run_address>
         <size>0x1</size>
         <input_file_ref idref="fl-3"/>
      </object_component>
      <object_component id="oc-3bd">
         <name>.data</name>
         <load_address>0x406</load_address>
         <run_address>0x406</run_address>
         <size>0x9</size>
         <input_file_ref idref="fl-4"/>
      </object_component>
      <object_component id="oc-527">
         <name>.data:mrfiRxFilterAddr</name>
         <load_address>0x42c</load_address>
         <run_address>0x42c</run_address>
         <size>0x4</size>
         <input_file_ref idref="fl-4"/>
      </object_component>
      <object_component id="oc-4d8">
         <name>.data:sPersistInfo</name>
         <load_address>0x3e0</load_address>
         <run_address>0x3e0</run_address>
         <size>0x26</size>
         <input_file_ref idref="fl-5"/>
      </object_component>
      <object_component id="oc-325">
         <name>.data</name>
         <load_address>0x41f</load_address>
         <run_address>0x41f</run_address>
         <size>0x1</size>
         <input_file_ref idref="fl-7"/>
      </object_component>
      <object_component id="oc-5e8">
         <name>.data</name>
         <load_address>0x410</load_address>
         <run_address>0x410</run_address>
         <size>0x8</size>
         <input_file_ref idref="fl-8"/>
      </object_component>
      <object_component id="oc-51a">
         <name>.data</name>
         <load_address>0x42b</load_address>
         <run_address>0x42b</run_address>
         <size>0x1</size>
         <input_file_ref idref="fl-9"/>
      </object_component>
      <object_component id="oc-533">
         <name>.data</name>
         <load_address>0x418</load_address>
         <run_address>0x418</run_address>
         <size>0x7</size>
         <input_file_ref idref="fl-c"/>
      </object_component>
      <object_component id="oc-624">
         <name>.data</name>
         <load_address>0x420</load_address>
         <run_address>0x420</run_address>
         <size>0x7</size>
         <input_file_ref idref="fl-d"/>
      </object_component>
      <object_component id="oc-620">
         <name>.data</name>
         <load_address>0x430</load_address>
         <run_address>0x430</run_address>
         <size>0x3</size>
         <input_file_ref idref="fl-e"/>
      </object_component>
      <object_component id="oc-61b">
         <name>.data</name>
         <load_address>0x433</load_address>
         <run_address>0x433</run_address>
         <size>0x1</size>
         <input_file_ref idref="fl-f"/>
      </object_component>
      <object_component id="oc-5b7">
         <name>.data</name>
         <load_address>0x434</load_address>
         <run_address>0x434</run_address>
         <size>0x2</size>
         <input_file_ref idref="fl-6a"/>
      </object_component>
      <object_component id="oc-ed">
         <name>.stack</name>
         <uninitialized>true</uninitialized>
         <run_address>0x5b0</run_address>
         <size>0x2</size>
         <input_file_ref idref="fl-30"/>
      </object_component>
      <object_component id="oc-779">
         <name>.stack</name>
         <uninitialized>true</uninitialized>
         <run_address>0x5b0</run_address>
         <size>0x0</size>
      </object_component>
      <object_component id="oc-2be">
         <name>.text:__kernel_rem_pio2</name>
         <load_address>0x8000</load_address>
         <run_address>0x8000</run_address>
         <size>0xd8e</size>
         <input_file_ref idref="fl-63"/>
      </object_component>
      <object_component id="oc-1d5">
         <name>.text:sinf</name>
         <load_address>0x8d8e</load_address>
         <run_address>0x8d8e</run_address>
         <size>0xd2c</size>
         <input_file_ref idref="fl-5b"/>
      </object_component>
      <object_component id="oc-1ab">
         <name>.text:__mspabi_addd</name>
         <load_address>0x9aba</load_address>
         <run_address>0x9aba</run_address>
         <size>0x2e8</size>
         <input_file_ref idref="fl-2d"/>
      </object_component>
      <object_component id="oc-43c">
         <name>.text:__TI_frcmpyd</name>
         <load_address>0x9da2</load_address>
         <run_address>0x9da2</run_address>
         <size>0x286</size>
         <input_file_ref idref="fl-6c"/>
      </object_component>
      <object_component id="oc-2ca">
         <name>.text:__mspabi_mpyd</name>
         <load_address>0xa028</load_address>
         <run_address>0xa028</run_address>
         <size>0x26e</size>
         <input_file_ref idref="fl-64"/>
      </object_component>
      <object_component id="oc-2a4">
         <name>.text:__TI_frcaddd</name>
         <load_address>0xa296</load_address>
         <run_address>0xa296</run_address>
         <size>0x260</size>
         <input_file_ref idref="fl-3d"/>
      </object_component>
      <object_component id="oc-42a">
         <name>.text:floor</name>
         <load_address>0xa4f6</load_address>
         <run_address>0xa4f6</run_address>
         <size>0x1d0</size>
         <input_file_ref idref="fl-66"/>
      </object_component>
      <object_component id="oc-35b">
         <name>.text:MRFI_Init</name>
         <load_address>0xa6c6</load_address>
         <run_address>0xa6c6</run_address>
         <size>0x1c6</size>
         <input_file_ref idref="fl-4"/>
      </object_component>
      <object_component id="oc-424">
         <name>.text:scalbn</name>
         <load_address>0xa88c</load_address>
         <run_address>0xa88c</run_address>
         <size>0x1a4</size>
         <input_file_ref idref="fl-67"/>
      </object_component>
      <object_component id="oc-707">
         <name>.text:smpl_send_link_reply</name>
         <load_address>0xaa30</load_address>
         <run_address>0xaa30</run_address>
         <size>0x198</size>
         <input_file_ref idref="fl-d"/>
      </object_component>
      <object_component id="oc-12f">
         <name>.text:TIMERA0_ISR</name>
         <load_address>0xabc8</load_address>
         <run_address>0xabc8</run_address>
         <size>0x15c</size>
         <input_file_ref idref="fl-2"/>
      </object_component>
      <object_component id="oc-23f">
         <name>.text:processMessage</name>
         <load_address>0xad24</load_address>
         <run_address>0xad24</run_address>
         <size>0x152</size>
         <input_file_ref idref="fl-2"/>
      </object_component>
      <object_component id="oc-1d0">
         <name>.text</name>
         <load_address>0xae76</load_address>
         <run_address>0xae76</run_address>
         <size>0x132</size>
         <input_file_ref idref="fl-3e"/>
      </object_component>
      <object_component id="oc-55c">
         <name>.text:nwk_QfindOldest</name>
         <load_address>0xafa8</load_address>
         <run_address>0xafa8</run_address>
         <size>0x12e</size>
         <input_file_ref idref="fl-6"/>
      </object_component>
      <object_component id="oc-15c">
         <name>.text:main</name>
         <load_address>0xb0d6</load_address>
         <run_address>0xb0d6</run_address>
         <size>0x108</size>
         <input_file_ref idref="fl-2"/>
      </object_component>
      <object_component id="oc-5ec">
         <name>.text:MRFI_Transmit</name>
         <load_address>0xb1de</load_address>
         <run_address>0xb1de</run_address>
         <size>0x102</size>
         <input_file_ref idref="fl-4"/>
      </object_component>
      <object_component id="oc-37f">
         <name>.text:nwk_join</name>
         <load_address>0xb2e0</load_address>
         <run_address>0xb2e0</run_address>
         <size>0xf2</size>
         <input_file_ref idref="fl-c"/>
      </object_component>
      <object_component id="oc-430">
         <name>.text:__mspabi_cmpd</name>
         <load_address>0xb3d2</load_address>
         <run_address>0xb3d2</run_address>
         <size>0xdc</size>
         <input_file_ref idref="fl-69"/>
      </object_component>
      <object_component id="oc-270">
         <name>.text:Mrfi_SyncPinRxIsr</name>
         <load_address>0xb4ae</load_address>
         <run_address>0xb4ae</run_address>
         <size>0xda</size>
         <input_file_ref idref="fl-4"/>
      </object_component>
      <object_component id="oc-725">
         <name>.text:nwk_allocateLocalRxPort</name>
         <load_address>0xb588</load_address>
         <run_address>0xb588</run_address>
         <size>0xd8</size>
         <input_file_ref idref="fl-5"/>
      </object_component>
      <object_component id="oc-170">
         <name>.text:__sti___16_UART_HANDLER_cpp_3daaade3</name>
         <load_address>0xb660</load_address>
         <run_address>0xb660</run_address>
         <size>0xd2</size>
         <input_file_ref idref="fl-11"/>
      </object_component>
      <object_component id="oc-1cb">
         <name>.text</name>
         <load_address>0xb732</load_address>
         <run_address>0xb732</run_address>
         <size>0xc4</size>
         <input_file_ref idref="fl-42"/>
      </object_component>
      <object_component id="oc-401">
         <name>.text:__TI_renormd</name>
         <load_address>0xb7f6</load_address>
         <run_address>0xb7f6</run_address>
         <size>0xbe</size>
         <input_file_ref idref="fl-59"/>
      </object_component>
      <object_component id="oc-596">
         <name>.text:dispatchFrame</name>
         <load_address>0xb8b4</load_address>
         <run_address>0xb8b4</run_address>
         <size>0xb2</size>
         <input_file_ref idref="fl-8"/>
      </object_component>
      <object_component id="oc-39b">
         <name>.text:nwk_retrieveFrame</name>
         <load_address>0xb966</load_address>
         <run_address>0xb966</run_address>
         <size>0xb2</size>
         <input_file_ref idref="fl-8"/>
      </object_component>
      <object_component id="oc-218">
         <name>.text:SMPL_Ioctl</name>
         <load_address>0xba18</load_address>
         <run_address>0xba18</run_address>
         <size>0xb0</size>
         <input_file_ref idref="fl-7"/>
      </object_component>
      <object_component id="oc-41e">
         <name>.text:__mspabi_fltlid</name>
         <load_address>0xbac8</load_address>
         <run_address>0xbac8</run_address>
         <size>0xac</size>
         <input_file_ref idref="fl-6b"/>
      </object_component>
      <object_component id="oc-497">
         <name>.text:nwk_buildFrame</name>
         <load_address>0xbb74</load_address>
         <run_address>0xbb74</run_address>
         <size>0x9e</size>
         <input_file_ref idref="fl-8"/>
      </object_component>
      <object_component id="oc-3a2">
         <name>.text</name>
         <load_address>0xbc12</load_address>
         <run_address>0xbc12</run_address>
         <size>0x9c</size>
         <input_file_ref idref="fl-40"/>
      </object_component>
      <object_component id="oc-1b1">
         <name>.text:__mspabi_cvtdf</name>
         <load_address>0xbcae</load_address>
         <run_address>0xbcae</run_address>
         <size>0x8c</size>
         <input_file_ref idref="fl-35"/>
      </object_component>
      <object_component id="oc-361">
         <name>.text:nwk_nwkInit</name>
         <load_address>0xbd3a</load_address>
         <run_address>0xbd3a</run_address>
         <size>0x86</size>
         <input_file_ref idref="fl-5"/>
      </object_component>
      <object_component id="oc-57d">
         <name>.text:spiBurstFifoAccess</name>
         <load_address>0xbdc0</load_address>
         <run_address>0xbdc0</run_address>
         <size>0x86</size>
         <input_file_ref idref="fl-4"/>
      </object_component>
      <object_component id="oc-58a">
         <name>.text:nwk_QfindSlot</name>
         <load_address>0xbe46</load_address>
         <run_address>0xbe46</run_address>
         <size>0x82</size>
         <input_file_ref idref="fl-6"/>
      </object_component>
      <object_component id="oc-3ad">
         <name>.text:SMPL_SendOpt</name>
         <load_address>0xbec8</load_address>
         <run_address>0xbec8</run_address>
         <size>0x7e</size>
         <input_file_ref idref="fl-7"/>
      </object_component>
      <object_component id="oc-32">
         <name>.text:decompress:lzss:__TI_decompress_lzss</name>
         <load_address>0xbf46</load_address>
         <run_address>0xbf46</run_address>
         <size>0x7c</size>
         <input_file_ref idref="fl-32"/>
      </object_component>
      <object_component id="oc-346">
         <name>.text:nwk_radioControl</name>
         <load_address>0xbfc2</load_address>
         <run_address>0xbfc2</run_address>
         <size>0x78</size>
         <input_file_ref idref="fl-b"/>
      </object_component>
      <object_component id="oc-1a5">
         <name>.text:__mspabi_cvtfd</name>
         <load_address>0xc03a</load_address>
         <run_address>0xc03a</run_address>
         <size>0x72</size>
         <input_file_ref idref="fl-36"/>
      </object_component>
      <object_component id="oc-2d6">
         <name>.text:__mspabi_fixdli</name>
         <load_address>0xc0ac</load_address>
         <run_address>0xc0ac</run_address>
         <size>0x72</size>
         <input_file_ref idref="fl-61"/>
      </object_component>
      <object_component id="oc-142">
         <name>.text:_auto_init</name>
         <load_address>0xc11e</load_address>
         <run_address>0xc11e</run_address>
         <size>0x6e</size>
         <input_file_ref idref="fl-5f"/>
      </object_component>
      <object_component id="oc-667">
         <name>.text:nwk_isConnectionValid</name>
         <load_address>0xc18c</load_address>
         <run_address>0xc18c</run_address>
         <size>0x68</size>
         <input_file_ref idref="fl-5"/>
      </object_component>
      <object_component id="oc-1db">
         <name>.text</name>
         <load_address>0xc1f4</load_address>
         <run_address>0xc1f4</run_address>
         <size>0x68</size>
         <input_file_ref idref="fl-43"/>
      </object_component>
      <object_component id="oc-5a6">
         <name>.text:l_lsr_const</name>
         <load_address>0xc25c</load_address>
         <run_address>0xc25c</run_address>
         <size>0x5c</size>
         <input_file_ref idref="fl-50"/>
      </object_component>
      <object_component id="oc-1e4">
         <name>.text:copy_in</name>
         <load_address>0xc2b8</load_address>
         <run_address>0xc2b8</run_address>
         <size>0x5a</size>
         <input_file_ref idref="fl-60"/>
      </object_component>
      <object_component id="oc-4d2">
         <name>.text</name>
         <load_address>0xc312</load_address>
         <run_address>0xc312</run_address>
         <size>0x58</size>
         <input_file_ref idref="fl-39"/>
      </object_component>
      <object_component id="oc-367">
         <name>.text:MRFI_WakeUp</name>
         <load_address>0xc36a</load_address>
         <run_address>0xc36a</run_address>
         <size>0x54</size>
         <input_file_ref idref="fl-4"/>
      </object_component>
      <object_component id="oc-34c">
         <name>.text:nwk_rawSend</name>
         <load_address>0xc3be</load_address>
         <run_address>0xc3be</run_address>
         <size>0x54</size>
         <input_file_ref idref="fl-b"/>
      </object_component>
      <object_component id="oc-71f">
         <name>.text:nwk_getNextConnection</name>
         <load_address>0xc412</load_address>
         <run_address>0xc412</run_address>
         <size>0x50</size>
         <input_file_ref idref="fl-5"/>
      </object_component>
      <object_component id="oc-239">
         <name>.text:SMPL_Receive</name>
         <load_address>0xc462</load_address>
         <run_address>0xc462</run_address>
         <size>0x4c</size>
         <input_file_ref idref="fl-7"/>
      </object_component>
      <object_component id="oc-f6">
         <name>.text</name>
         <load_address>0xc4ae</load_address>
         <run_address>0xc4ae</run_address>
         <size>0x4c</size>
         <input_file_ref idref="fl-4f"/>
      </object_component>
      <object_component id="oc-3e7">
         <name>.text:mrfiSpiCmdStrobe</name>
         <load_address>0xc4fa</load_address>
         <run_address>0xc4fa</run_address>
         <size>0x4a</size>
         <input_file_ref idref="fl-4"/>
      </object_component>
      <object_component id="oc-1b7">
         <name>.text</name>
         <load_address>0xc544</load_address>
         <run_address>0xc544</run_address>
         <size>0x4a</size>
         <input_file_ref idref="fl-3f"/>
      </object_component>
      <object_component id="oc-3d5">
         <name>.text:MRFI_RxAddrIsFiltered</name>
         <load_address>0xc58e</load_address>
         <run_address>0xc58e</run_address>
         <size>0x46</size>
         <input_file_ref idref="fl-4"/>
      </object_component>
      <object_component id="oc-719">
         <name>.text:nwk_isLinkDuplicate</name>
         <load_address>0xc5d4</load_address>
         <run_address>0xc5d4</run_address>
         <size>0x46</size>
         <input_file_ref idref="fl-5"/>
      </object_component>
      <object_component id="oc-700">
         <name>.text:smpl_send_ping_reply</name>
         <load_address>0xc61a</load_address>
         <run_address>0xc61a</run_address>
         <size>0x46</size>
         <input_file_ref idref="fl-f"/>
      </object_component>
      <object_component id="oc-48a">
         <name>.text:MRFI_Rssi</name>
         <load_address>0xc660</load_address>
         <run_address>0xc660</run_address>
         <size>0x44</size>
         <input_file_ref idref="fl-4"/>
      </object_component>
      <object_component id="oc-576">
         <name>.text:spiRegAccess</name>
         <load_address>0xc6a4</load_address>
         <run_address>0xc6a4</run_address>
         <size>0x44</size>
         <input_file_ref idref="fl-4"/>
      </object_component>
      <object_component id="oc-53c">
         <name>.text:MRFI_ReplyDelay</name>
         <load_address>0xc6e8</load_address>
         <run_address>0xc6e8</run_address>
         <size>0x40</size>
         <input_file_ref idref="fl-4"/>
      </object_component>
      <object_component id="oc-734">
         <name>.text:initializeConnection</name>
         <load_address>0xc728</load_address>
         <run_address>0xc728</run_address>
         <size>0x3e</size>
         <input_file_ref idref="fl-5"/>
      </object_component>
      <object_component id="oc-298">
         <name>.text:l_asr_const</name>
         <load_address>0xc766</load_address>
         <run_address>0xc766</run_address>
         <size>0x3e</size>
         <input_file_ref idref="fl-2f"/>
      </object_component>
      <object_component id="oc-2b1">
         <name>.text:l_lsl_const</name>
         <load_address>0xc7a4</load_address>
         <run_address>0xc7a4</run_address>
         <size>0x3e</size>
         <input_file_ref idref="fl-4e"/>
      </object_component>
      <object_component id="oc-536">
         <name>.text:nwk_putNumObjectIntoMsg</name>
         <load_address>0xc7e2</load_address>
         <run_address>0xc7e2</run_address>
         <size>0x3c</size>
         <input_file_ref idref="fl-5"/>
      </object_component>
      <object_component id="oc-123">
         <name>.text:_Z13USCIAB0TX_ISRv</name>
         <load_address>0xc81e</load_address>
         <run_address>0xc81e</run_address>
         <size>0x3a</size>
         <input_file_ref idref="fl-11"/>
      </object_component>
      <object_component id="oc-6e4">
         <name>.text:nwk_isValidReply</name>
         <load_address>0xc858</load_address>
         <run_address>0xc858</run_address>
         <size>0x3a</size>
         <input_file_ref idref="fl-5"/>
      </object_component>
      <object_component id="oc-6c9">
         <name>.text:nwk_processMgmt</name>
         <load_address>0xc892</load_address>
         <run_address>0xc892</run_address>
         <size>0x3a</size>
         <input_file_ref idref="fl-e"/>
      </object_component>
      <object_component id="oc-1c6">
         <name>.text</name>
         <load_address>0xc8cc</load_address>
         <run_address>0xc8cc</run_address>
         <size>0x36</size>
         <input_file_ref idref="fl-41"/>
      </object_component>
      <object_component id="oc-4c6">
         <name>.text:MRFI_SetRFPwr</name>
         <load_address>0xc902</load_address>
         <run_address>0xc902</run_address>
         <size>0x34</size>
         <input_file_ref idref="fl-4"/>
      </object_component>
      <object_component id="oc-373">
         <name>.text:MRFI_SetRxAddrFilter</name>
         <load_address>0xc936</load_address>
         <run_address>0xc936</run_address>
         <size>0x34</size>
         <input_file_ref idref="fl-4"/>
      </object_component>
      <object_component id="oc-224">
         <name>.text:SMPL_Init</name>
         <load_address>0xc96a</load_address>
         <run_address>0xc96a</run_address>
         <size>0x34</size>
         <input_file_ref idref="fl-7"/>
      </object_component>
      <object_component id="oc-4b1">
         <name>.text:mrfiSpiInit</name>
         <load_address>0xc99e</load_address>
         <run_address>0xc99e</run_address>
         <size>0x34</size>
         <input_file_ref idref="fl-4"/>
      </object_component>
      <object_component id="oc-562">
         <name>.text:nwk_QadjustOrder</name>
         <load_address>0xc9d2</load_address>
         <run_address>0xc9d2</run_address>
         <size>0x34</size>
         <input_file_ref idref="fl-6"/>
      </object_component>
      <object_component id="oc-340">
         <name>.text:nwk_deviceAddress</name>
         <load_address>0xca06</load_address>
         <run_address>0xca06</run_address>
         <size>0x34</size>
         <input_file_ref idref="fl-b"/>
      </object_component>
      <object_component id="oc-4c0">
         <name>.text:MRFI_SetLogicalChannel</name>
         <load_address>0xca3a</load_address>
         <run_address>0xca3a</run_address>
         <size>0x32</size>
         <input_file_ref idref="fl-4"/>
      </object_component>
      <object_component id="oc-645">
         <name>.text:Mrfi_DelayUsecSem</name>
         <load_address>0xca6c</load_address>
         <run_address>0xca6c</run_address>
         <size>0x32</size>
         <input_file_ref idref="fl-4"/>
      </object_component>
      <object_component id="oc-38f">
         <name>.text:nwk_getConnInfo</name>
         <load_address>0xca9e</load_address>
         <run_address>0xca9e</run_address>
         <size>0x32</size>
         <input_file_ref idref="fl-5"/>
      </object_component>
      <object_component id="oc-505">
         <name>.text:nwk_linkInit</name>
         <load_address>0xcad0</load_address>
         <run_address>0xcad0</run_address>
         <size>0x32</size>
         <input_file_ref idref="fl-d"/>
      </object_component>
      <object_component id="oc-554">
         <name>.text:map_lid2idx</name>
         <load_address>0xcb02</load_address>
         <run_address>0xcb02</run_address>
         <size>0x30</size>
         <input_file_ref idref="fl-5"/>
      </object_component>
      <object_component id="oc-352">
         <name>.text:nwk_rawReceive</name>
         <load_address>0xcb32</load_address>
         <run_address>0xcb32</run_address>
         <size>0x30</size>
         <input_file_ref idref="fl-b"/>
      </object_component>
      <object_component id="oc-49d">
         <name>.text:nwk_sendFrame</name>
         <load_address>0xcb62</load_address>
         <run_address>0xcb62</run_address>
         <size>0x30</size>
         <input_file_ref idref="fl-8"/>
      </object_component>
      <object_component id="oc-3db">
         <name>.text:Mrfi_CalculateRssi</name>
         <load_address>0xcb92</load_address>
         <run_address>0xcb92</run_address>
         <size>0x2e</size>
         <input_file_ref idref="fl-4"/>
      </object_component>
      <object_component id="oc-129">
         <name>.text:_Z13USCIAB0RX_ISRv</name>
         <load_address>0xcbc0</load_address>
         <run_address>0xcbc0</run_address>
         <size>0x2e</size>
         <input_file_ref idref="fl-11"/>
      </object_component>
      <object_component id="oc-2d0">
         <name>.text:__mspabi_subd</name>
         <load_address>0xcbee</load_address>
         <run_address>0xcbee</run_address>
         <size>0x2e</size>
         <input_file_ref idref="fl-5c"/>
      </object_component>
      <object_component id="oc-5ba">
         <name>.text:copysign</name>
         <load_address>0xcc1c</load_address>
         <run_address>0xcc1c</run_address>
         <size>0x2e</size>
         <input_file_ref idref="fl-6d"/>
      </object_component>
      <object_component id="oc-3b4">
         <name>.text:Mrfi_DelayUsec</name>
         <load_address>0xcc4a</load_address>
         <run_address>0xcc4a</run_address>
         <size>0x2c</size>
         <input_file_ref idref="fl-4"/>
      </object_component>
      <object_component id="oc-4cc">
         <name>.text:Mrfi_RxModeOff</name>
         <load_address>0xcc76</load_address>
         <run_address>0xcc76</run_address>
         <size>0x2c</size>
         <input_file_ref idref="fl-4"/>
      </object_component>
      <object_component id="oc-293">
         <name>.text</name>
         <load_address>0xcca2</load_address>
         <run_address>0xcca2</run_address>
         <size>0x2c</size>
         <input_file_ref idref="fl-2e"/>
      </object_component>
      <object_component id="oc-411">
         <name>.text</name>
         <load_address>0xccce</load_address>
         <run_address>0xccce</run_address>
         <size>0x2c</size>
         <input_file_ref idref="fl-37"/>
      </object_component>
      <object_component id="oc-f1">
         <name>.text</name>
         <load_address>0xccfa</load_address>
         <run_address>0xccfa</run_address>
         <size>0x2c</size>
         <input_file_ref idref="fl-4d"/>
      </object_component>
      <object_component id="oc-2c4">
         <name>.text:__mspabi_negd</name>
         <load_address>0xcd26</load_address>
         <run_address>0xcd26</run_address>
         <size>0x2a</size>
         <input_file_ref idref="fl-65"/>
      </object_component>
      <object_component id="oc-395">
         <name>.text:nwk_checkConnInfo</name>
         <load_address>0xcd50</load_address>
         <run_address>0xcd50</run_address>
         <size>0x2a</size>
         <input_file_ref idref="fl-5"/>
      </object_component>
      <object_component id="oc-20f">
         <name>.text:InitTimer</name>
         <load_address>0xcd7a</load_address>
         <run_address>0xcd7a</run_address>
         <size>0x28</size>
         <input_file_ref idref="fl-2"/>
      </object_component>
      <object_component id="oc-6ab">
         <name>.text:nwk_processPing</name>
         <load_address>0xcda2</load_address>
         <run_address>0xcda2</run_address>
         <size>0x28</size>
         <input_file_ref idref="fl-f"/>
      </object_component>
      <object_component id="oc-490">
         <name>.text:MRFI_Sleep</name>
         <load_address>0xcdca</load_address>
         <run_address>0xcdca</run_address>
         <size>0x26</size>
         <input_file_ref idref="fl-4"/>
      </object_component>
      <object_component id="oc-685">
         <name>.text:Mrfi_RandomBackoffDelay</name>
         <load_address>0xcdf0</load_address>
         <run_address>0xcdf0</run_address>
         <size>0x26</size>
         <input_file_ref idref="fl-4"/>
      </object_component>
      <object_component id="oc-33a">
         <name>.text:nwk_connectionControl</name>
         <load_address>0xce16</load_address>
         <run_address>0xce16</run_address>
         <size>0x26</size>
         <input_file_ref idref="fl-b"/>
      </object_component>
      <object_component id="oc-4db">
         <name>.text:nwk_globalsInit</name>
         <load_address>0xce3c</load_address>
         <run_address>0xce3c</run_address>
         <size>0x26</size>
         <input_file_ref idref="fl-9"/>
      </object_component>
      <object_component id="oc-4f9">
         <name>.text:nwk_joinInit</name>
         <load_address>0xce62</load_address>
         <run_address>0xce62</run_address>
         <size>0x26</size>
         <input_file_ref idref="fl-c"/>
      </object_component>
      <object_component id="oc-6b1">
         <name>.text:nwk_processLink</name>
         <load_address>0xce88</load_address>
         <run_address>0xce88</run_address>
         <size>0x26</size>
         <input_file_ref idref="fl-d"/>
      </object_component>
      <object_component id="oc-416">
         <name>.text</name>
         <load_address>0xceae</load_address>
         <run_address>0xceae</run_address>
         <size>0x26</size>
         <input_file_ref idref="fl-58"/>
      </object_component>
      <object_component id="oc-3a7">
         <name>.text</name>
         <load_address>0xced4</load_address>
         <run_address>0xced4</run_address>
         <size>0x24</size>
         <input_file_ref idref="fl-44"/>
      </object_component>
      <object_component id="oc-379">
         <name>.text:MRFI_EnableRxAddrFilter</name>
         <load_address>0xcef8</load_address>
         <run_address>0xcef8</run_address>
         <size>0x22</size>
         <input_file_ref idref="fl-4"/>
      </object_component>
      <object_component id="oc-484">
         <name>.text:MRFI_RxOn</name>
         <load_address>0xcf1a</load_address>
         <run_address>0xcf1a</run_address>
         <size>0x22</size>
         <input_file_ref idref="fl-4"/>
      </object_component>
      <object_component id="oc-651">
         <name>.text:memcmp</name>
         <load_address>0xcf3c</load_address>
         <run_address>0xcf3c</run_address>
         <size>0x22</size>
         <input_file_ref idref="fl-52"/>
      </object_component>
      <object_component id="oc-209">
         <name>.text:BSP_Init</name>
         <load_address>0xcf5e</load_address>
         <run_address>0xcf5e</run_address>
         <size>0x20</size>
         <input_file_ref idref="fl-3"/>
      </object_component>
      <object_component id="oc-315">
         <name>.text:BSP_InitBoard</name>
         <load_address>0xcf7e</load_address>
         <run_address>0xcf7e</run_address>
         <size>0x20</size>
         <input_file_ref idref="fl-3"/>
      </object_component>
      <object_component id="oc-3e1">
         <name>.text:MRFI_RxCompleteISR</name>
         <load_address>0xcf9e</load_address>
         <run_address>0xcf9e</run_address>
         <size>0x20</size>
         <input_file_ref idref="fl-8"/>
      </object_component>
      <object_component id="oc-47e">
         <name>.text:MRFI_RxIdle</name>
         <load_address>0xcfbe</load_address>
         <run_address>0xcfbe</run_address>
         <size>0x20</size>
         <input_file_ref idref="fl-4"/>
      </object_component>
      <object_component id="oc-6f1">
         <name>.text:handleLinkRequest</name>
         <load_address>0xcfde</load_address>
         <run_address>0xcfde</run_address>
         <size>0x20</size>
         <input_file_ref idref="fl-d"/>
      </object_component>
      <object_component id="oc-63e">
         <name>.text:memmove</name>
         <load_address>0xcffe</load_address>
         <run_address>0xcffe</run_address>
         <size>0x20</size>
         <input_file_ref idref="fl-54"/>
      </object_component>
      <object_component id="oc-4e1">
         <name>.text:nwk_frameInit</name>
         <load_address>0xd01e</load_address>
         <run_address>0xd01e</run_address>
         <size>0x20</size>
         <input_file_ref idref="fl-8"/>
      </object_component>
      <object_component id="oc-6b7">
         <name>.text:nwk_processJoin</name>
         <load_address>0xd03e</load_address>
         <run_address>0xd03e</run_address>
         <size>0x20</size>
         <input_file_ref idref="fl-c"/>
      </object_component>
      <object_component id="oc-56d">
         <name>.text:BSP_Delay</name>
         <load_address>0xd05e</load_address>
         <run_address>0xd05e</run_address>
         <size>0x1e</size>
         <input_file_ref idref="fl-3"/>
      </object_component>
      <object_component id="oc-3c0">
         <name>.text:mrfiSpiReadReg</name>
         <load_address>0xd07c</load_address>
         <run_address>0xd07c</run_address>
         <size>0x1e</size>
         <input_file_ref idref="fl-4"/>
      </object_component>
      <object_component id="oc-4e7">
         <name>.text:nwk_QInit</name>
         <load_address>0xd09a</load_address>
         <run_address>0xd09a</run_address>
         <size>0x1e</size>
         <input_file_ref idref="fl-6"/>
      </object_component>
      <object_component id="oc-21e">
         <name>.text:sCB</name>
         <load_address>0xd0b8</load_address>
         <run_address>0xd0b8</run_address>
         <size>0x1e</size>
         <input_file_ref idref="fl-2"/>
      </object_component>
      <object_component id="oc-190">
         <name>.text:MRFI_GpioIsr</name>
         <load_address>0xd0d6</load_address>
         <run_address>0xd0d6</run_address>
         <size>0x1c</size>
         <input_file_ref idref="fl-4"/>
      </object_component>
      <object_component id="oc-230">
         <name>.text:linkTo</name>
         <load_address>0xd0f2</load_address>
         <run_address>0xd0f2</run_address>
         <size>0x1c</size>
         <input_file_ref idref="fl-2"/>
      </object_component>
      <object_component id="oc-477">
         <name>.text:nwk_setMyAddress</name>
         <load_address>0xd10e</load_address>
         <run_address>0xd10e</run_address>
         <size>0x1c</size>
         <input_file_ref idref="fl-9"/>
      </object_component>
      <object_component id="oc-11d">
         <name>.text:BSP_GpioPort1Isr</name>
         <load_address>0xd12a</load_address>
         <run_address>0xd12a</run_address>
         <size>0x1a</size>
         <input_file_ref idref="fl-4"/>
      </object_component>
      <object_component id="oc-67">
         <name>.text:_c_int00_noargs_noexit</name>
         <load_address>0xd144</load_address>
         <run_address>0xd144</run_address>
         <size>0x1a</size>
         <input_file_ref idref="fl-31"/>
      </object_component>
      <object_component id="oc-4b7">
         <name>.text:mrfiSpiWriteReg</name>
         <load_address>0xd15e</load_address>
         <run_address>0xd15e</run_address>
         <size>0x1a</size>
         <input_file_ref idref="fl-4"/>
      </object_component>
      <object_component id="oc-24b">
         <name>.text:MRFI_DelayMs</name>
         <load_address>0xd178</load_address>
         <run_address>0xd178</run_address>
         <size>0x18</size>
         <input_file_ref idref="fl-4"/>
      </object_component>
      <object_component id="oc-60c">
         <name>.text:MRFI_RandomByte</name>
         <load_address>0xd190</load_address>
         <run_address>0xd190</run_address>
         <size>0x16</size>
         <input_file_ref idref="fl-4"/>
      </object_component>
      <object_component id="oc-5df">
         <name>.text:Mrfi_RxModeOn</name>
         <load_address>0xd1a6</load_address>
         <run_address>0xd1a6</run_address>
         <size>0x16</size>
         <input_file_ref idref="fl-4"/>
      </object_component>
      <object_component id="oc-1c1">
         <name>.text</name>
         <load_address>0xd1bc</load_address>
         <run_address>0xd1bc</run_address>
         <size>0x16</size>
         <input_file_ref idref="fl-38"/>
      </object_component>
      <object_component id="oc-49">
         <name>.text:decompress:ZI:__TI_zero_init</name>
         <load_address>0xd1d2</load_address>
         <run_address>0xd1d2</run_address>
         <size>0x14</size>
         <input_file_ref idref="fl-34"/>
      </object_component>
      <object_component id="oc-328">
         <name>.text:ioctlPreInitAccessIsOK</name>
         <load_address>0xd1e6</load_address>
         <run_address>0xd1e6</run_address>
         <size>0x14</size>
         <input_file_ref idref="fl-7"/>
      </object_component>
      <object_component id="oc-3cf">
         <name>.text:memset</name>
         <load_address>0xd1fa</load_address>
         <run_address>0xd1fa</run_address>
         <size>0x14</size>
         <input_file_ref idref="fl-55"/>
      </object_component>
      <object_component id="oc-1bc">
         <name>.text</name>
         <load_address>0xd20e</load_address>
         <run_address>0xd20e</run_address>
         <size>0x14</size>
         <input_file_ref idref="fl-57"/>
      </object_component>
      <object_component id="oc-22a">
         <name>.text:toggleLED</name>
         <load_address>0xd222</load_address>
         <run_address>0xd222</run_address>
         <size>0x14</size>
         <input_file_ref idref="fl-2"/>
      </object_component>
      <object_component id="oc-459">
         <name>.text:BSP_InitLeds</name>
         <load_address>0xd236</load_address>
         <run_address>0xd236</run_address>
         <size>0x12</size>
         <input_file_ref idref="fl-3"/>
      </object_component>
      <object_component id="oc-38">
         <name>.text:decompress:none:__TI_decompress_none</name>
         <load_address>0xd248</load_address>
         <run_address>0xd248</run_address>
         <size>0x12</size>
         <input_file_ref idref="fl-33"/>
      </object_component>
      <object_component id="oc-3f7">
         <name>.text:l_lsr</name>
         <load_address>0xd25a</load_address>
         <run_address>0xd25a</run_address>
         <size>0x12</size>
         <input_file_ref idref="fl-50"/>
      </object_component>
      <object_component id="oc-10b">
         <name>.text:memcpy</name>
         <load_address>0xd26c</load_address>
         <run_address>0xd26c</run_address>
         <size>0x12</size>
         <input_file_ref idref="fl-53"/>
      </object_component>
      <object_component id="oc-36d">
         <name>.text:nwk_getMyAddress</name>
         <load_address>0xd27e</load_address>
         <run_address>0xd27e</run_address>
         <size>0x12</size>
         <input_file_ref idref="fl-9"/>
      </object_component>
      <object_component id="oc-542">
         <name>.text:nwk_setLinkToken</name>
         <load_address>0xd290</load_address>
         <run_address>0xd290</run_address>
         <size>0x12</size>
         <input_file_ref idref="fl-d"/>
      </object_component>
      <object_component id="oc-3fc">
         <name>.text:l_asr</name>
         <load_address>0xd2a2</load_address>
         <run_address>0xd2a2</run_address>
         <size>0x10</size>
         <input_file_ref idref="fl-2f"/>
      </object_component>
      <object_component id="oc-3f2">
         <name>.text:l_lsl</name>
         <load_address>0xd2b2</load_address>
         <run_address>0xd2b2</run_address>
         <size>0x10</size>
         <input_file_ref idref="fl-4e"/>
      </object_component>
      <object_component id="oc-fb">
         <name>.text</name>
         <load_address>0xd2c2</load_address>
         <run_address>0xd2c2</run_address>
         <size>0x10</size>
         <input_file_ref idref="fl-3a"/>
      </object_component>
      <object_component id="oc-590">
         <name>.text:MRFI_Receive</name>
         <load_address>0xd2d2</load_address>
         <run_address>0xd2d2</run_address>
         <size>0xe</size>
         <input_file_ref idref="fl-4"/>
      </object_component>
      <object_component id="oc-67f">
         <name>.text:mrfiSpiWriteTxFifo</name>
         <load_address>0xd2e0</load_address>
         <run_address>0xd2e0</run_address>
         <size>0xe</size>
         <input_file_ref idref="fl-4"/>
      </object_component>
      <object_component id="oc-713">
         <name>.text:nwk_getNumObjectFromMsg</name>
         <load_address>0xd2ee</load_address>
         <run_address>0xd2ee</run_address>
         <size>0xe</size>
         <input_file_ref idref="fl-5"/>
      </object_component>
      <object_component id="oc-548">
         <name>.text:nwk_setAPAddress</name>
         <load_address>0xd2fc</load_address>
         <run_address>0xd2fc</run_address>
         <size>0xe</size>
         <input_file_ref idref="fl-9"/>
      </object_component>
      <object_component id="oc-6d1">
         <name>.text:MRFI_PostKillSem</name>
         <load_address>0xd30a</load_address>
         <run_address>0xd30a</run_address>
         <size>0xc</size>
         <input_file_ref idref="fl-4"/>
      </object_component>
      <object_component id="oc-6ea">
         <name>.text:handlePingRequest</name>
         <load_address>0xd316</load_address>
         <run_address>0xd316</run_address>
         <size>0xc</size>
         <input_file_ref idref="fl-f"/>
      </object_component>
      <object_component id="oc-3c6">
         <name>.text:mrfiSpiReadRxFifo</name>
         <load_address>0xd322</load_address>
         <run_address>0xd322</run_address>
         <size>0xc</size>
         <input_file_ref idref="fl-4"/>
      </object_component>
      <object_component id="oc-45f">
         <name>.text:BSP_InitButtons</name>
         <load_address>0xd32e</load_address>
         <run_address>0xd32e</run_address>
         <size>0xa</size>
         <input_file_ref idref="fl-3"/>
      </object_component>
      <object_component id="oc-31b">
         <name>.text:BSP_InitDrivers</name>
         <load_address>0xd338</load_address>
         <run_address>0xd338</run_address>
         <size>0xa</size>
         <input_file_ref idref="fl-3"/>
      </object_component>
      <object_component id="oc-25d">
         <name>.text:_Z11Disable_Intv</name>
         <load_address>0xd342</load_address>
         <run_address>0xd342</run_address>
         <size>0xa</size>
         <input_file_ref idref="fl-12"/>
      </object_component>
      <object_component id="oc-13c">
         <name>.text:_system_pre_init</name>
         <load_address>0xd34c</load_address>
         <run_address>0xd34c</run_address>
         <size>0xa</size>
         <input_file_ref idref="fl-3"/>
      </object_component>
      <object_component id="oc-4ff">
         <name>.text:nwk_mgmtInit</name>
         <load_address>0xd356</load_address>
         <run_address>0xd356</run_address>
         <size>0xa</size>
         <input_file_ref idref="fl-e"/>
      </object_component>
      <object_component id="oc-4f3">
         <name>.text:nwk_pingInit</name>
         <load_address>0xd360</load_address>
         <run_address>0xd360</run_address>
         <size>0xa</size>
         <input_file_ref idref="fl-f"/>
      </object_component>
      <object_component id="oc-2dc">
         <name>.text</name>
         <load_address>0xd36a</load_address>
         <run_address>0xd36a</run_address>
         <size>0xa</size>
         <input_file_ref idref="fl-62"/>
      </object_component>
      <object_component id="oc-245">
         <name>.text:SMPL_Send</name>
         <load_address>0xd374</load_address>
         <run_address>0xd374</run_address>
         <size>0x8</size>
         <input_file_ref idref="fl-7"/>
      </object_component>
      <object_component id="oc-118">
         <name>.text:_isr:__TI_ISR_TRAP</name>
         <load_address>0xd37c</load_address>
         <run_address>0xd37c</run_address>
         <size>0x8</size>
         <input_file_ref idref="fl-4c"/>
      </object_component>
      <object_component id="oc-52d">
         <name>.text:MRFI_GetRadioState</name>
         <load_address>0xd384</load_address>
         <run_address>0xd384</run_address>
         <size>0x6</size>
         <input_file_ref idref="fl-4"/>
      </object_component>
      <object_component id="oc-264">
         <name>.text:_Z11Restore_Intt</name>
         <load_address>0xd38a</load_address>
         <run_address>0xd38a</run_address>
         <size>0x6</size>
         <input_file_ref idref="fl-12"/>
      </object_component>
      <object_component id="oc-164">
         <name>.text:abort</name>
         <load_address>0xd390</load_address>
         <run_address>0xd390</run_address>
         <size>0x6</size>
         <input_file_ref idref="fl-3b"/>
      </object_component>
      <object_component id="oc-46f">
         <name>.text:nwk_freeConnection</name>
         <load_address>0xd396</load_address>
         <run_address>0xd396</run_address>
         <size>0x6</size>
         <input_file_ref idref="fl-5"/>
      </object_component>
      <object_component id="oc-511">
         <name>.text:nwk_getBCastAddress</name>
         <load_address>0xd39c</load_address>
         <run_address>0xd39c</run_address>
         <size>0x6</size>
         <input_file_ref idref="fl-9"/>
      </object_component>
      <object_component id="oc-334">
         <name>.text:nwk_getFWVersion</name>
         <load_address>0xd3a2</load_address>
         <run_address>0xd3a2</run_address>
         <size>0x6</size>
         <input_file_ref idref="fl-9"/>
      </object_component>
      <object_component id="oc-72b">
         <name>.text:nwk_getMyRxType</name>
         <load_address>0xd3a8</load_address>
         <run_address>0xd3a8</run_address>
         <size>0x6</size>
         <input_file_ref idref="fl-8"/>
      </object_component>
      <object_component id="oc-32e">
         <name>.text:nwk_getProtocolVersion</name>
         <load_address>0xd3ae</load_address>
         <run_address>0xd3ae</run_address>
         <size>0x6</size>
         <input_file_ref idref="fl-9"/>
      </object_component>
      <object_component id="oc-6c3">
         <name>.text:nwk_processFreq</name>
         <load_address>0xd3b4</load_address>
         <run_address>0xd3b4</run_address>
         <size>0x4</size>
         <input_file_ref idref="fl-a"/>
      </object_component>
      <object_component id="oc-6bd">
         <name>.text:nwk_processSecurity</name>
         <load_address>0xd3b8</load_address>
         <run_address>0xd3b8</run_address>
         <size>0x4</size>
         <input_file_ref idref="fl-10"/>
      </object_component>
      <object_component id="oc-1ea">
         <name>.text:_system_post_cinit</name>
         <load_address>0xd3bc</load_address>
         <run_address>0xd3bc</run_address>
         <size>0x2</size>
         <input_file_ref idref="fl-68"/>
      </object_component>
      <object_component id="oc-4ed">
         <name>.text:nwk_freqInit</name>
         <load_address>0xd3be</load_address>
         <run_address>0xd3be</run_address>
         <size>0x2</size>
         <input_file_ref idref="fl-a"/>
      </object_component>
      <object_component id="oc-50b">
         <name>.text:nwk_securityInit</name>
         <load_address>0xd3c0</load_address>
         <run_address>0xd3c0</run_address>
         <size>0x2</size>
         <input_file_ref idref="fl-10"/>
      </object_component>
      <object_component id="oc-778">
         <name>.cinit..data.load</name>
         <load_address>0xd572</load_address>
         <run_address>0xd572</run_address>
         <size>0x23</size>
      </object_component>
      <object_component id="oc-775">
         <name>__TI_handler_table</name>
         <load_address>0xd596</load_address>
         <run_address>0xd596</run_address>
         <size>0x6</size>
      </object_component>
      <object_component id="oc-777">
         <name>.cinit..bss.load</name>
         <load_address>0xd59c</load_address>
         <run_address>0xd59c</run_address>
         <size>0x4</size>
      </object_component>
      <object_component id="oc-776">
         <name>__TI_cinit_table</name>
         <load_address>0xd5a0</load_address>
         <run_address>0xd5a0</run_address>
         <size>0x8</size>
      </object_component>
      <object_component id="oc-41b">
         <name>.const:ipio2</name>
         <load_address>0xd3c2</load_address>
         <run_address>0xd3c2</run_address>
         <size>0x108</size>
         <input_file_ref idref="fl-63"/>
      </object_component>
      <object_component id="oc-436">
         <name>.const:PIo2</name>
         <load_address>0xd4ca</load_address>
         <run_address>0xd4ca</run_address>
         <size>0x40</size>
         <input_file_ref idref="fl-63"/>
      </object_component>
      <object_component id="oc-4bd">
         <name>.const:mrfiRadioCfg</name>
         <load_address>0xd50a</load_address>
         <run_address>0xd50a</run_address>
         <size>0x3c</size>
         <input_file_ref idref="fl-4"/>
      </object_component>
      <object_component id="oc-664">
         <name>.const:func</name>
         <load_address>0xd546</load_address>
         <run_address>0xd546</run_address>
         <size>0xc</size>
         <input_file_ref idref="fl-8"/>
      </object_component>
      <object_component id="oc-40e">
         <name>.const:init_jk</name>
         <load_address>0xd552</load_address>
         <run_address>0xd552</run_address>
         <size>0x8</size>
         <input_file_ref idref="fl-63"/>
      </object_component>
      <object_component id="oc-469">
         <name>.const:sVersionInfo</name>
         <load_address>0xd55a</load_address>
         <run_address>0xd55a</run_address>
         <size>0x5</size>
         <input_file_ref idref="fl-9"/>
      </object_component>
      <object_component id="oc-524">
         <name>.const:.string:mrfiBroadcastAddr</name>
         <load_address>0xd560</load_address>
         <run_address>0xd560</run_address>
         <size>0x4</size>
         <input_file_ref idref="fl-4"/>
      </object_component>
      <object_component id="oc-5f7">
         <name>.const:.string:mrfiLogicalChanTable</name>
         <load_address>0xd564</load_address>
         <run_address>0xd564</run_address>
         <size>0x4</size>
         <input_file_ref idref="fl-4"/>
      </object_component>
      <object_component id="oc-520">
         <name>.const:sMyROMAddress</name>
         <load_address>0xd568</load_address>
         <run_address>0xd568</run_address>
         <size>0x4</size>
         <input_file_ref idref="fl-9"/>
      </object_component>
      <object_component id="oc-5fb">
         <name>.const:.string:mrfiRFPowerTable</name>
         <load_address>0xd56c</load_address>
         <run_address>0xd56c</run_address>
         <size>0x3</size>
         <input_file_ref idref="fl-4"/>
      </object_component>
      <object_component id="oc-73f">
         <name>.binit</name>
         <load_address>0x8000</load_address>
         <run_address>0x8000</run_address>
         <size>0x0</size>
      </object_component>
      <object_component id="oc-ec">
         <name>.init_array</name>
         <load_address>0xd570</load_address>
         <run_address>0xd570</run_address>
         <size>0x2</size>
         <input_file_ref idref="fl-11"/>
      </object_component>
      <object_component id="oc-3e">
         <name>.int02</name>
         <load_address>0xffe4</load_address>
         <run_address>0xffe4</run_address>
         <size>0x2</size>
         <input_file_ref idref="fl-45"/>
      </object_component>
      <object_component id="oc-3f">
         <name>.int03</name>
         <load_address>0xffe6</load_address>
         <run_address>0xffe6</run_address>
         <size>0x2</size>
         <input_file_ref idref="fl-4"/>
      </object_component>
      <object_component id="oc-40">
         <name>.int05</name>
         <load_address>0xffea</load_address>
         <run_address>0xffea</run_address>
         <size>0x2</size>
         <input_file_ref idref="fl-46"/>
      </object_component>
      <object_component id="oc-41">
         <name>.int06</name>
         <load_address>0xffec</load_address>
         <run_address>0xffec</run_address>
         <size>0x2</size>
         <input_file_ref idref="fl-11"/>
      </object_component>
      <object_component id="oc-42">
         <name>.int07</name>
         <load_address>0xffee</load_address>
         <run_address>0xffee</run_address>
         <size>0x2</size>
         <input_file_ref idref="fl-11"/>
      </object_component>
      <object_component id="oc-43">
         <name>.int08</name>
         <load_address>0xfff0</load_address>
         <run_address>0xfff0</run_address>
         <size>0x2</size>
         <input_file_ref idref="fl-47"/>
      </object_component>
      <object_component id="oc-44">
         <name>.int09</name>
         <load_address>0xfff2</load_address>
         <run_address>0xfff2</run_address>
         <size>0x2</size>
         <input_file_ref idref="fl-2"/>
      </object_component>
      <object_component id="oc-45">
         <name>.int10</name>
         <load_address>0xfff4</load_address>
         <run_address>0xfff4</run_address>
         <size>0x2</size>
         <input_file_ref idref="fl-48"/>
      </object_component>
      <object_component id="oc-46">
         <name>.int12</name>
         <load_address>0xfff8</load_address>
         <run_address>0xfff8</run_address>
         <size>0x2</size>
         <input_file_ref idref="fl-49"/>
      </object_component>
      <object_component id="oc-47">
         <name>.int13</name>
         <load_address>0xfffa</load_address>
         <run_address>0xfffa</run_address>
         <size>0x2</size>
         <input_file_ref idref="fl-4a"/>
      </object_component>
      <object_component id="oc-48">
         <name>.int14</name>
         <load_address>0xfffc</load_address>
         <run_address>0xfffc</run_address>
         <size>0x2</size>
         <input_file_ref idref="fl-4b"/>
      </object_component>
      <object_component id="oc-f0">
         <name>.reset</name>
         <load_address>0xfffe</load_address>
         <run_address>0xfffe</run_address>
         <size>0x2</size>
         <input_file_ref idref="fl-30"/>
      </object_component>
      <object_component id="oc-237">
         <name>.debug_info</name>
         <load_address>0x0</load_address>
         <run_address>0x0</run_address>
         <size>0x4e6</size>
         <input_file_ref idref="fl-2"/>
      </object_component>
      <object_component id="oc-207">
         <name>.debug_info</name>
         <load_address>0x4e6</load_address>
         <run_address>0x4e6</run_address>
         <size>0x15b</size>
         <input_file_ref idref="fl-2"/>
      </object_component>
      <object_component id="oc-1a3">
         <name>.debug_info</name>
         <load_address>0x641</load_address>
         <run_address>0x641</run_address>
         <size>0x2b2</size>
         <input_file_ref idref="fl-2"/>
      </object_component>
      <object_component id="oc-216">
         <name>.debug_info</name>
         <load_address>0x8f3</load_address>
         <run_address>0x8f3</run_address>
         <size>0xf2</size>
         <input_file_ref idref="fl-2"/>
      </object_component>
      <object_component id="oc-210">
         <name>.debug_info</name>
         <load_address>0x9e5</load_address>
         <run_address>0x9e5</run_address>
         <size>0x17c</size>
         <input_file_ref idref="fl-2"/>
      </object_component>
      <object_component id="oc-130">
         <name>.debug_info</name>
         <load_address>0xb61</load_address>
         <run_address>0xb61</run_address>
         <size>0x314</size>
         <input_file_ref idref="fl-2"/>
      </object_component>
      <object_component id="oc-15d">
         <name>.debug_info</name>
         <load_address>0xe75</load_address>
         <run_address>0xe75</run_address>
         <size>0x2e0</size>
         <input_file_ref idref="fl-2"/>
      </object_component>
      <object_component id="oc-231">
         <name>.debug_info</name>
         <load_address>0x1155</load_address>
         <run_address>0x1155</run_address>
         <size>0x197</size>
         <input_file_ref idref="fl-2"/>
      </object_component>
      <object_component id="oc-22b">
         <name>.debug_info</name>
         <load_address>0x12ec</load_address>
         <run_address>0x12ec</run_address>
         <size>0x1a5</size>
         <input_file_ref idref="fl-2"/>
      </object_component>
      <object_component id="oc-21f">
         <name>.debug_info</name>
         <load_address>0x1491</load_address>
         <run_address>0x1491</run_address>
         <size>0x194</size>
         <input_file_ref idref="fl-2"/>
      </object_component>
      <object_component id="oc-240">
         <name>.debug_info</name>
         <load_address>0x1625</load_address>
         <run_address>0x1625</run_address>
         <size>0x3c6</size>
         <input_file_ref idref="fl-2"/>
      </object_component>
      <object_component id="oc-28e">
         <name>.debug_info</name>
         <load_address>0x19eb</load_address>
         <run_address>0x19eb</run_address>
         <size>0x692</size>
         <input_file_ref idref="fl-2"/>
      </object_component>
      <object_component id="oc-38a">
         <name>.debug_info</name>
         <load_address>0x207d</load_address>
         <run_address>0x207d</run_address>
         <size>0x5e</size>
         <input_file_ref idref="fl-2"/>
      </object_component>
      <object_component id="oc-4ac">
         <name>.debug_info</name>
         <load_address>0x20db</load_address>
         <run_address>0x20db</run_address>
         <size>0xc2</size>
         <input_file_ref idref="fl-2"/>
      </object_component>
      <object_component id="oc-106">
         <name>.debug_info</name>
         <load_address>0x219d</load_address>
         <run_address>0x219d</run_address>
         <size>0x84</size>
         <input_file_ref idref="fl-2"/>
      </object_component>
      <object_component id="oc-252">
         <name>.debug_info</name>
         <load_address>0x2221</load_address>
         <run_address>0x2221</run_address>
         <size>0x6d</size>
[...]
         <object_component_ref idref="oc-1c1"/>
      </symbol>
      <symbol id="sm-7d0">
         <name>__mspabi_divu</name>
         <value>0xd1bc</value>
         <object_component_ref idref="oc-1c1"/>
      </symbol>
      <symbol id="sm-7de">
         <name>__mspabi_remul</name>
         <value>0xc312</value>
         <object_component_ref idref="oc-4d2"/>
      </symbol>
      <symbol id="sm-7df">
         <name>__mspabi_divul</name>
         <value>0xc312</value>
         <object_component_ref idref="oc-4d2"/>
      </symbol>
      <symbol id="sm-7e8">
         <name>__mspabi_func_epilog_2</name>
         <value>0xd2cc</value>
         <object_component_ref idref="oc-fb"/>
      </symbol>
      <symbol id="sm-7e9">
         <name>__mspabi_func_epilog_3</name>
         <value>0xd2ca</value>
         <object_component_ref idref="oc-fb"/>
      </symbol>
      <symbol id="sm-7ea">
         <name>__mspabi_func_epilog_1</name>
         <value>0xd2ce</value>
         <object_component_ref idref="oc-fb"/>
      </symbol>
      <symbol id="sm-7eb">
         <name>__mspabi_func_epilog_6</name>
         <value>0xd2c4</value>
         <object_component_ref idref="oc-fb"/>
      </symbol>
      <symbol id="sm-7ec">
         <name>__mspabi_func_epilog_7</name>
         <value>0xd2c2</value>
         <object_component_ref idref="oc-fb"/>
      </symbol>
      <symbol id="sm-7ed">
         <name>__mspabi_func_epilog_4</name>
         <value>0xd2c8</value>
         <object_component_ref idref="oc-fb"/>
      </symbol>
      <symbol id="sm-7ee">
         <name>__mspabi_func_epilog_5</name>
         <value>0xd2c6</value>
         <object_component_ref idref="oc-fb"/>
      </symbol>
      <symbol id="sm-7f8">
         <name>C$$EXIT</name>
         <value>0xd390</value>
         <object_component_ref idref="oc-164"/>
      </symbol>
      <symbol id="sm-7f9">
         <name>abort</name>
         <value>0xd390</value>
         <object_component_ref idref="oc-164"/>
      </symbol>
      <symbol id="sm-81b">
         <name>__TI_frcaddd</name>
         <value>0xa296</value>
         <object_component_ref idref="oc-2a4"/>
      </symbol>
      <symbol id="sm-836">
         <name>__mspabi_subf</name>
         <value>0xae76</value>
         <object_component_ref idref="oc-1d0"/>
      </symbol>
      <symbol id="sm-837">
         <name>__mspabi_addf</name>
         <value>0xae7c</value>
         <object_component_ref idref="oc-1d0"/>
      </symbol>
      <symbol id="sm-847">
         <name>__mspabi_cmpf</name>
         <value>0xc544</value>
         <object_component_ref idref="oc-1b7"/>
      </symbol>
      <symbol id="sm-859">
         <name>__mspabi_divf</name>
         <value>0xbc12</value>
         <object_component_ref idref="oc-3a2"/>
      </symbol>
      <symbol id="sm-866">
         <name>__mspabi_fltif</name>
         <value>0xc8cc</value>
         <object_component_ref idref="oc-1c6"/>
      </symbol>
      <symbol id="sm-87d">
         <name>__mspabi_mpyf</name>
         <value>0xb732</value>
         <object_component_ref idref="oc-1cb"/>
      </symbol>
      <symbol id="sm-88f">
         <name>__mspabi_fixfi</name>
         <value>0xc1f4</value>
         <object_component_ref idref="oc-1db"/>
      </symbol>
      <symbol id="sm-89a">
         <name>__mspabi_fltuf</name>
         <value>0xced4</value>
         <object_component_ref idref="oc-3a7"/>
      </symbol>
      <symbol id="sm-89d">
         <name>__TI_int02</name>
         <value>0xffe4</value>
         <object_component_ref idref="oc-3e"/>
      </symbol>
      <symbol id="sm-8a0">
         <name>__TI_int05</name>
         <value>0xffea</value>
         <object_component_ref idref="oc-40"/>
      </symbol>
      <symbol id="sm-8a3">
         <name>__TI_int08</name>
         <value>0xfff0</value>
         <object_component_ref idref="oc-43"/>
      </symbol>
      <symbol id="sm-8a6">
         <name>__TI_int10</name>
         <value>0xfff4</value>
         <object_component_ref idref="oc-45"/>
      </symbol>
      <symbol id="sm-8a9">
         <name>__TI_int12</name>
         <value>0xfff8</value>
         <object_component_ref idref="oc-46"/>
      </symbol>
      <symbol id="sm-8ac">
         <name>__TI_int13</name>
         <value>0xfffa</value>
         <object_component_ref idref="oc-47"/>
      </symbol>
      <symbol id="sm-8af">
         <name>__TI_int14</name>
         <value>0xfffc</value>
         <object_component_ref idref="oc-48"/>
      </symbol>
      <symbol id="sm-8b7">
         <name>__TI_ISR_TRAP</name>
         <value>0xd37c</value>
         <object_component_ref idref="oc-118"/>
      </symbol>
      <symbol id="sm-8bf">
         <name>__mspabi_slli</name>
         <value>0xccfa</value>
         <object_component_ref idref="oc-f1"/>
      </symbol>
      <symbol id="sm-8c0">
         <name>__mspabi_slli_9</name>
         <value>0xcd12</value>
         <object_component_ref idref="oc-f1"/>
      </symbol>
      <symbol id="sm-8c1">
         <name>__mspabi_slli_8</name>
         <value>0xcd14</value>
         <object_component_ref idref="oc-f1"/>
      </symbol>
      <symbol id="sm-8c2">
         <name>__mspabi_slli_7</name>
         <value>0xcd16</value>
         <object_component_ref idref="oc-f1"/>
      </symbol>
      <symbol id="sm-8c3">
         <name>__mspabi_slli_6</name>
         <value>0xcd18</value>
         <object_component_ref idref="oc-f1"/>
      </symbol>
      <symbol id="sm-8c4">
         <name>__mspabi_slli_5</name>
         <value>0xcd1a</value>
         <object_component_ref idref="oc-f1"/>
      </symbol>
      <symbol id="sm-8c5">
         <name>__mspabi_slli_4</name>
         <value>0xcd1c</value>
         <object_component_ref idref="oc-f1"/>
      </symbol>
      <symbol id="sm-8c6">
         <name>__mspabi_slli_3</name>
         <value>0xcd1e</value>
         <object_component_ref idref="oc-f1"/>
      </symbol>
      <symbol id="sm-8c7">
         <name>__mspabi_slli_2</name>
         <value>0xcd20</value>
         <object_component_ref idref="oc-f1"/>
      </symbol>
      <symbol id="sm-8c8">
         <name>__mspabi_slli_1</name>
         <value>0xcd22</value>
         <object_component_ref idref="oc-f1"/>
      </symbol>
      <symbol id="sm-8c9">
         <name>__mspabi_slli_15</name>
         <value>0xcd06</value>
         <object_component_ref idref="oc-f1"/>
      </symbol>
      <symbol id="sm-8ca">
         <name>__mspabi_slli_14</name>
         <value>0xcd08</value>
         <object_component_ref idref="oc-f1"/>
      </symbol>
      <symbol id="sm-8cb">
         <name>__mspabi_slli_13</name>
         <value>0xcd0a</value>
         <object_component_ref idref="oc-f1"/>
      </symbol>
      <symbol id="sm-8cc">
         <name>__mspabi_slli_12</name>
         <value>0xcd0c</value>
         <object_component_ref idref="oc-f1"/>
      </symbol>
      <symbol id="sm-8cd">
         <name>__mspabi_slli_11</name>
         <value>0xcd0e</value>
         <object_component_ref idref="oc-f1"/>
      </symbol>
      <symbol id="sm-8ce">
         <name>__mspabi_slli_10</name>
         <value>0xcd10</value>
         <object_component_ref idref="oc-f1"/>
      </symbol>
      <symbol id="sm-8de">
         <name>__mspabi_slll_9</name>
         <value>0xc7bc</value>
         <object_component_ref idref="oc-2b1"/>
      </symbol>
      <symbol id="sm-8df">
         <name>__mspabi_slll_8</name>
         <value>0xc7c0</value>
         <object_component_ref idref="oc-2b1"/>
      </symbol>
      <symbol id="sm-8e0">
         <name>__mspabi_slll_7</name>
         <value>0xc7c4</value>
         <object_component_ref idref="oc-2b1"/>
      </symbol>
      <symbol id="sm-8e1">
         <name>__mspabi_slll_6</name>
         <value>0xc7c8</value>
         <object_component_ref idref="oc-2b1"/>
      </symbol>
      <symbol id="sm-8e2">
         <name>__mspabi_slll_5</name>
         <value>0xc7cc</value>
         <object_component_ref idref="oc-2b1"/>
      </symbol>
      <symbol id="sm-8e3">
         <name>__mspabi_slll_4</name>
         <value>0xc7d0</value>
         <object_component_ref idref="oc-2b1"/>
      </symbol>
      <symbol id="sm-8e4">
         <name>__mspabi_slll_3</name>
         <value>0xc7d4</value>
         <object_component_ref idref="oc-2b1"/>
      </symbol>
      <symbol id="sm-8e5">
         <name>__mspabi_slll_2</name>
         <value>0xc7d8</value>
         <object_component_ref idref="oc-2b1"/>
      </symbol>
      <symbol id="sm-8e6">
         <name>__mspabi_slll_1</name>
         <value>0xc7dc</value>
         <object_component_ref idref="oc-2b1"/>
      </symbol>
      <symbol id="sm-8e7">
         <name>__mspabi_slll</name>
         <value>0xd2b2</value>
         <object_component_ref idref="oc-3f2"/>
      </symbol>
      <symbol id="sm-8e8">
         <name>__mspabi_slll_15</name>
         <value>0xc7a4</value>
         <object_component_ref idref="oc-2b1"/>
      </symbol>
      <symbol id="sm-8e9">
         <name>__mspabi_slll_14</name>
         <value>0xc7a8</value>
         <object_component_ref idref="oc-2b1"/>
      </symbol>
      <symbol id="sm-8ea">
         <name>__mspabi_slll_13</name>
         <value>0xc7ac</value>
         <object_component_ref idref="oc-2b1"/>
      </symbol>
      <symbol id="sm-8eb">
         <name>__mspabi_slll_12</name>
         <value>0xc7b0</value>
         <object_component_ref idref="oc-2b1"/>
      </symbol>
      <symbol id="sm-8ec">
         <name>__mspabi_slll_11</name>
         <value>0xc7b4</value>
         <object_component_ref idref="oc-2b1"/>
      </symbol>
      <symbol id="sm-8ed">
         <name>__mspabi_slll_10</name>
         <value>0xc7b8</value>
         <object_component_ref idref="oc-2b1"/>
      </symbol>
      <symbol id="sm-8f5">
         <name>__mspabi_srli_8</name>
         <value>0xc4d8</value>
         <object_component_ref idref="oc-f6"/>
      </symbol>
      <symbol id="sm-8f6">
         <name>__mspabi_srli_9</name>
         <value>0xc4d4</value>
         <object_component_ref idref="oc-f6"/>
      </symbol>
      <symbol id="sm-8f7">
         <name>__mspabi_srli_6</name>
         <value>0xc4e0</value>
         <object_component_ref idref="oc-f6"/>
      </symbol>
      <symbol id="sm-8f8">
         <name>__mspabi_srli_7</name>
         <value>0xc4dc</value>
         <object_component_ref idref="oc-f6"/>
      </symbol>
      <symbol id="sm-8f9">
         <name>__mspabi_srli_4</name>
         <value>0xc4e8</value>
         <object_component_ref idref="oc-f6"/>
      </symbol>
      <symbol id="sm-8fa">
         <name>__mspabi_srli_5</name>
         <value>0xc4e4</value>
         <object_component_ref idref="oc-f6"/>
      </symbol>
      <symbol id="sm-8fb">
         <name>__mspabi_srli_2</name>
         <value>0xc4f0</value>
         <object_component_ref idref="oc-f6"/>
      </symbol>
      <symbol id="sm-8fc">
         <name>__mspabi_srli_3</name>
         <value>0xc4ec</value>
         <object_component_ref idref="oc-f6"/>
      </symbol>
      <symbol id="sm-8fd">
         <name>__mspabi_srli_1</name>
         <value>0xc4f4</value>
         <object_component_ref idref="oc-f6"/>
      </symbol>
      <symbol id="sm-8fe">
         <name>__mspabi_srli</name>
         <value>0xc4ae</value>
         <object_component_ref idref="oc-f6"/>
      </symbol>
      <symbol id="sm-8ff">
         <name>__mspabi_srli_15</name>
         <value>0xc4bc</value>
         <object_component_ref idref="oc-f6"/>
      </symbol>
      <symbol id="sm-900">
         <name>__mspabi_srli_14</name>
         <value>0xc4c0</value>
         <object_component_ref idref="oc-f6"/>
      </symbol>
      <symbol id="sm-901">
         <name>__mspabi_srli_13</name>
         <value>0xc4c4</value>
         <object_component_ref idref="oc-f6"/>
      </symbol>
      <symbol id="sm-902">
         <name>__mspabi_srli_12</name>
         <value>0xc4c8</value>
         <object_component_ref idref="oc-f6"/>
      </symbol>
      <symbol id="sm-903">
         <name>__mspabi_srli_11</name>
         <value>0xc4cc</value>
         <object_component_ref idref="oc-f6"/>
      </symbol>
      <symbol id="sm-904">
         <name>__mspabi_srli_10</name>
         <value>0xc4d0</value>
         <object_component_ref idref="oc-f6"/>
      </symbol>
      <symbol id="sm-914">
         <name>__mspabi_srll_8</name>
         <value>0xc286</value>
         <object_component_ref idref="oc-5a6"/>
      </symbol>
      <symbol id="sm-915">
         <name>__mspabi_srll_9</name>
         <value>0xc280</value>
         <object_component_ref idref="oc-5a6"/>
      </symbol>
      <symbol id="sm-916">
         <name>__mspabi_srll_6</name>
         <value>0xc292</value>
         <object_component_ref idref="oc-5a6"/>
      </symbol>
      <symbol id="sm-917">
         <name>__mspabi_srll_7</name>
         <value>0xc28c</value>
         <object_component_ref idref="oc-5a6"/>
      </symbol>
      <symbol id="sm-918">
         <name>__mspabi_srll_4</name>
         <value>0xc29e</value>
         <object_component_ref idref="oc-5a6"/>
      </symbol>
      <symbol id="sm-919">
         <name>__mspabi_srll_5</name>
         <value>0xc298</value>
         <object_component_ref idref="oc-5a6"/>
      </symbol>
      <symbol id="sm-91a">
         <name>__mspabi_srll_2</name>
         <value>0xc2aa</value>
         <object_component_ref idref="oc-5a6"/>
      </symbol>
      <symbol id="sm-91b">
         <name>__mspabi_srll_3</name>
         <value>0xc2a4</value>
         <object_component_ref idref="oc-5a6"/>
      </symbol>
      <symbol id="sm-91c">
         <name>__mspabi_srll_1</name>
         <value>0xc2b0</value>
         <object_component_ref idref="oc-5a6"/>
      </symbol>
      <symbol id="sm-91d">
         <name>__mspabi_srll_15</name>
         <value>0xc25c</value>
         <object_component_ref idref="oc-5a6"/>
      </symbol>
      <symbol id="sm-91e">
         <name>__mspabi_srll_14</name>
         <value>0xc262</value>
         <object_component_ref idref="oc-5a6"/>
      </symbol>
      <symbol id="sm-91f">
         <name>__mspabi_srll_13</name>
         <value>0xc268</value>
         <object_component_ref idref="oc-5a6"/>
      </symbol>
      <symbol id="sm-920">
         <name>__mspabi_srll_12</name>
         <value>0xc26e</value>
         <object_component_ref idref="oc-5a6"/>
      </symbol>
      <symbol id="sm-921">
         <name>__mspabi_srll_11</name>
         <value>0xc274</value>
         <object_component_ref idref="oc-5a6"/>
      </symbol>
      <symbol id="sm-922">
         <name>__mspabi_srll_10</name>
         <value>0xc27a</value>
         <object_component_ref idref="oc-5a6"/>
      </symbol>
      <symbol id="sm-923">
         <name>__mspabi_srll</name>
         <value>0xd25a</value>
         <object_component_ref idref="oc-3f7"/>
      </symbol>
      <symbol id="sm-933">
         <name>memcmp</name>
         <value>0xcf3c</value>
         <object_component_ref idref="oc-651"/>
      </symbol>
      <symbol id="sm-941">
         <name>memcpy</name>
         <value>0xd26c</value>
         <object_component_ref idref="oc-10b"/>
      </symbol>
      <symbol id="sm-950">
         <name>memmove</name>
         <value>0xcffe</value>
         <object_component_ref idref="oc-63e"/>
      </symbol>
      <symbol id="sm-95e">
         <name>memset</name>
         <value>0xd1fa</value>
         <object_component_ref idref="oc-3cf"/>
      </symbol>
      <symbol id="sm-969">
         <name>__mspabi_mpyi_sw</name>
         <value>0xd20e</value>
         <object_component_ref idref="oc-1bc"/>
      </symbol>
      <symbol id="sm-96a">
         <name>__mspabi_mpyi</name>
         <value>0xd20e</value>
         <object_component_ref idref="oc-1bc"/>
      </symbol>
      <symbol id="sm-974">
         <name>__mspabi_mpyl_sw</name>
         <value>0xceae</value>
         <object_component_ref idref="oc-416"/>
      </symbol>
      <symbol id="sm-975">
         <name>__mspabi_mpyl</name>
         <value>0xceae</value>
         <object_component_ref idref="oc-416"/>
      </symbol>
      <symbol id="sm-988">
         <name>__TI_renormd</name>
         <value>0xb7f6</value>
         <object_component_ref idref="oc-401"/>
      </symbol>
      <symbol id="sm-a26">
         <name>sinf</name>
         <value>0x8d8e</value>
         <object_component_ref idref="oc-1d5"/>
      </symbol>
      <symbol id="sm-a2f">
         <name>__mspabi_subd</name>
         <value>0xcbee</value>
         <object_component_ref idref="oc-2d0"/>
      </symbol>
      <symbol id="sm-a4d">
         <name>_auto_init</name>
         <value>0xc11e</value>
         <object_component_ref idref="oc-142"/>
      </symbol>
      <symbol id="sm-a63">
         <name>copy_in</name>
         <value>0xc2b8</value>
         <object_component_ref idref="oc-1e4"/>
      </symbol>
      <symbol id="sm-a72">
         <name>__mspabi_fixdli</name>
         <value>0xc0ac</value>
         <object_component_ref idref="oc-2d6"/>
      </symbol>
      <symbol id="sm-a7b">
         <name>__mspabi_negf</name>
         <value>0xd36a</value>
         <object_component_ref idref="oc-2dc"/>
      </symbol>
      <symbol id="sm-afd">
         <name>__kernel_rem_pio2</name>
         <value>0x8000</value>
         <object_component_ref idref="oc-2be"/>
      </symbol>
      <symbol id="sm-b1f">
         <name>__mspabi_mpyd</name>
         <value>0xa028</value>
         <object_component_ref idref="oc-2ca"/>
      </symbol>
      <symbol id="sm-b28">
         <name>__mspabi_negd</name>
         <value>0xcd26</value>
         <object_component_ref idref="oc-2c4"/>
      </symbol>
      <symbol id="sm-b4d">
         <name>floorl</name>
         <value>0xa4f6</value>
         <object_component_ref idref="oc-42a"/>
      </symbol>
      <symbol id="sm-b4e">
         <name>floor</name>
         <value>0xa4f6</value>
         <object_component_ref idref="oc-42a"/>
      </symbol>
      <symbol id="sm-b66">
         <name>scalbn</name>
         <value>0xa88c</value>
         <object_component_ref idref="oc-424"/>
      </symbol>
      <symbol id="sm-b67">
         <name>scalbnl</name>
         <value>0xa88c</value>
         <object_component_ref idref="oc-424"/>
      </symbol>
      <symbol id="sm-b68">
         <name>ldexpl</name>
         <value>0xa88c</value>
         <object_component_ref idref="oc-424"/>
      </symbol>
      <symbol id="sm-b69">
         <name>ldexp</name>
         <value>0xa88c</value>
         <object_component_ref idref="oc-424"/>
      </symbol>
      <symbol id="sm-b72">
         <name>_system_post_cinit</name>
         <value>0xd3bc</value>
         <object_component_ref idref="oc-1ea"/>
      </symbol>
      <symbol id="sm-b8c">
         <name>__mspabi_cmpd</name>
         <value>0xb3d2</value>
         <object_component_ref idref="oc-430"/>
      </symbol>
      <symbol id="sm-b93">
         <name>errno</name>
         <value>0x434</value>
         <object_component_ref idref="oc-5b7"/>
      </symbol>
      <symbol id="sm-baa">
         <name>__mspabi_fltlid</name>
         <value>0xbac8</value>
         <object_component_ref idref="oc-41e"/>
      </symbol>
      <symbol id="sm-bba">
         <name>__TI_frcmpyd</name>
         <value>0x9da2</value>
         <object_component_ref idref="oc-43c"/>
      </symbol>
      <symbol id="sm-bc3">
         <name>copysign</name>
         <value>0xcc1c</value>
         <object_component_ref idref="oc-5ba"/>
      </symbol>
      <symbol id="sm-bc4">
         <name>copysignl</name>
         <value>0xcc1c</value>
         <object_component_ref idref="oc-5ba"/>
      </symbol>
      <symbol id="sm-bc7">
         <name>__TI_BINIT_Base</name>
         <value>0x0</value>
      </symbol>
      <symbol id="sm-bc8">
         <name>__TI_BINIT_Limit</name>
         <value>0x0</value>
      </symbol>
   </symbol_table>
   <title>Link successful</title>
</link_info>
