******************************************************************************
                  MSP430 Linker PC v4.3.1                      
******************************************************************************
>> Linked Thu Dec 15 14:29:03 2016

OUTPUT FILE NAME:   <Project.out>
ENTRY POINT SYMBOL: "_c_int00"  address: 0000a5c4


MEMORY CONFIGURATION

         name            origin    length      used     unused   attr    fill
----------------------  --------  ---------  --------  --------  ----  --------
  SFR                   00000000   00000010  00000000  00000010  RWIX
  PERIPHERALS_8BIT      00000010   000000f0  00000000  000000f0  RWIX
  PERIPHERALS_16BIT     00000100   00000100  00000000  00000100  RWIX
  RAM                   00000200   00000400  000002a6  0000015a  RWIX
  INFOD                 00001000   00000040  00000000  00000040  RWIX
  INFOC                 00001040   00000040  00000000  00000040  RWIX
  INFOB                 00001080   00000040  00000000  00000040  RWIX
  INFOA                 000010c0   00000040  00000000  00000040  RWIX
  FLASH                 00008000   00007fde  00002ad5  00005509  RWIX
  INT00                 0000ffe0   00000002  00000000  00000002  RWIX
  INT01                 0000ffe2   00000002  00000000  00000002  RWIX
  INT02                 0000ffe4   00000002  00000000  00000002  RWIX
  INT03                 0000ffe6   00000002  00000002  00000000  RWIX
  INT04                 0000ffe8   00000002  00000000  00000002  RWIX
  INT05                 0000ffea   00000002  00000000  00000002  RWIX
  INT06                 0000ffec   00000002  00000000  00000002  RWIX
  INT07                 0000ffee   00000002  00000000  00000002  RWIX
  INT08                 0000fff0   00000002  00000000  00000002  RWIX
  INT09                 0000fff2   00000002  00000002  00000000  RWIX
  INT10                 0000fff4   00000002  00000000  00000002  RWIX
  INT11                 0000fff6   00000002  00000000  00000002  RWIX
  INT12                 0000fff8   00000002  00000000  00000002  RWIX
  INT13                 0000fffa   00000002  00000000  00000002  RWIX
  INT14                 0000fffc   00000002  00000000  00000002  RWIX
  RESET                 0000fffe   00000002  00000002  00000000  RWIX


SECTION ALLOCATION MAP

 output                                  attributes/
section   page    origin      length       input sections
--------  ----  ----------  ----------   ----------------
.pinit     0    00008000    00000000     UNINITIALIZED

.bss       0    00000200    00000256     UNINITIALIZED
                  00000200    000000c0     nwk_QMgmt.obj (.bss)
                  000002c0    00000068     rts430.lib : xfvalues.obj (.bss)
                  00000328    00000058                : signal.obj (.bss)
                  00000380    0000003c     main_manyEDs.obj (.bss)
                  000003bc    0000003c     mrfi.obj (.bss)
                  000003f8    00000026     nwk.obj (.bss)
                  0000041e    0000000a     nwk_link.obj (.bss)
                  00000428    00000009     nwk_globals.obj (.bss)
                  00000431    00000001     bsp.obj (.bss)
                  00000432    00000008     nwk_frame.obj (.bss)
                  0000043a    00000007     nwk_join.obj (.bss)
                  00000441    00000001     nwk_api.obj (.bss)
                  00000442    00000006     rts430.lib : feraiseexcept.obj (.bss)
                  00000448    00000004                : _lock.obj (.bss)
                  0000044c    00000004                : boot.obj (.bss)
                  00000450    00000003     nwk_mgmt.obj (.bss)
                  00000453    00000001     nwk_ping.obj (.bss)
                  00000454    00000002     rts430.lib : errno.obj (.bss)

.stack     0    000005b0    00000050     UNINITIALIZED
                  000005b0    00000002     rts430.lib : boot.obj (.stack)
                  000005b2    0000004e     --HOLE--

.text      0    00008000    0000291e     
                  00008000    0000021a     rts430.lib : xfsin.obj (.text:_FSin)
                  0000821a    000001c4                : fmodf.obj (.text:fmodf)
                  000083de    000001bc     mrfi.obj (.text:MRFI_Init)
                  0000859a    00000174     nwk_link.obj (.text:smpl_send_link_reply)
                  0000870e    00000162     mrfi.obj (.text:MRFI_Transmit)
                  00008870    00000156     nwk_link.obj (.text:nwk_link)
                  000089c6    00000130     rts430.lib : fs_add.obj (.text)
                  00008af6    00000126     main_manyEDs.obj (.text:main)
                  00008c1c    00000122     rts430.lib : xfdscale.obj (.text:_FDscale)
                  00008d3e    00000110     nwk_QMgmt.obj (.text:nwk_QfindOldest)
                  00008e4e    000000fc     nwk_join.obj (.text:nwk_join)
                  00008f4a    000000ea     nwk.obj (.text:nwk_allocateLocalRxPort)
                  00009034    000000e2     mrfi.obj (.text:Mrfi_SyncPinRxIsr)
                  00009116    000000c2     rts430.lib : fs_mpy.obj (.text)
                  000091d8    000000be     main_manyEDs.obj (.text:processMessage)
                  00009296    000000b6     nwk_frame.obj (.text:nwk_retrieveFrame)
                  0000934c    000000b2     main_manyEDs.obj (.text:TIMERA0_ISR)
                  000093fe    0000009c     nwk_frame.obj (.text:dispatchFrame)
                  0000949a    0000009a     nwk_frame.obj (.text:nwk_buildFrame)
                  00009534    0000009a     rts430.lib : fs_div.obj (.text)
                  000095ce    00000098     nwk_api.obj (.text:SMPL_Ioctl)
                  00009666    00000094     rts430.lib : xfdnorm.obj (.text:_FDnorm)
                  000096fa    0000008a     nwk.obj (.text:nwk_nwkInit)
                  00009784    00000084     mrfi.obj (.text:spiBurstFifoAccess)
                  00009808    00000082     nwk.obj (.text:nwk_getNextConnection)
                  0000988a    00000080     nwk_QMgmt.obj (.text:nwk_QfindSlot)
                  0000990a    0000007e     rts430.lib : fs_tol.obj (.text)
                  00009988    0000007a     nwk_ioctl.obj (.text:nwk_radioControl)
                  00009a02    00000078     nwk_api.obj (.text:SMPL_SendOpt)
                  00009a7a    0000006e     nwk.obj (.text:nwk_isConnectionValid)
                  00009ae8    00000068     nwk_ping.obj (.text:nwk_processPing)
                  00009b50    00000068     rts430.lib : fs_toi.obj (.text)
                  00009bb8    00000066     mrfi.obj (.text:MRFI_SetRFPwr)
                  00009c1e    00000064     mrfi.obj (.text:MRFI_SetLogicalChannel)
                  00009c82    0000005c     mrfi.obj (.text:MRFI_ReplyDelay)
                  00009cde    00000056     nwk_ioctl.obj (.text:nwk_rawSend)
                  00009d34    00000054     mrfi.obj (.text:MRFI_WakeUp)
                  00009d88    0000004c     nwk_api.obj (.text:SMPL_Receive)
                  00009dd4    0000004c     nwk.obj (.text:nwk_isLinkDuplicate)
                  00009e20    0000004c     rts430.lib : lsr16.obj (.text)
                  00009e6c    0000004a     nwk.obj (.text:nwk_isValidReply)
                  00009eb6    0000004a     rts430.lib : fs_cmp.obj (.text)
                  00009f00    0000004a                : fs_ltof.obj (.text)
                  00009f4a    00000048     mrfi.obj (.text:MRFI_Rssi)
                  00009f92    00000048     rts430.lib : autoinit.obj (.text:_auto_init)
                  00009fda    00000046     mrfi.obj (.text:MRFI_RxIdle)
                  0000a020    00000046     mrfi.obj (.text:mrfiSpiCmdStrobe)
                  0000a066    00000044     nwk_mgmt.obj (.text:nwk_processMgmt)
                  0000a0aa    00000042     mrfi.obj (.text:spiRegAccess)
                  0000a0ec    0000003e     mrfi.obj (.text:MRFI_RxAddrIsFiltered)
                  0000a12a    0000003c     mrfi.obj (.text:Mrfi_CalculateRssi)
                  0000a166    0000003c     nwk_link.obj (.text:nwk_processLink)
                  0000a1a2    00000038     nwk.obj (.text:nwk_putNumObjectIntoMsg)
                  0000a1da    00000038     rts430.lib : signal.obj (.text:signal)
                  0000a212    00000036     nwk_ioctl.obj (.text:nwk_deviceAddress)
                  0000a248    00000036     nwk_link.obj (.text:nwk_linkInit)
                  0000a27e    00000036     rts430.lib : fs_itof.obj (.text)
                  0000a2b4    00000034     nwk_api.obj (.text:SMPL_Init)
                  0000a2e8    00000034     mrfi.obj (.text:mrfiSpiInit)
                  0000a31c    00000032     mrfi.obj (.text:MRFI_RxOn)
                  0000a34e    00000032     rts430.lib : xferaise.obj (.text:_Feraise)
                  0000a380    00000032                : raise.obj (.text:raise)
                  0000a3b2    00000030     mrfi.obj (.text:BSP_GpioPort1Isr)
                  0000a3e2    00000030     nwk_ioctl.obj (.text:nwk_rawReceive)
                  0000a412    00000030     nwk_frame.obj (.text:nwk_sendFrame)
                  0000a442    0000002e     rts430.lib : feraiseexcept.obj (.text:feraiseexcept)
                  0000a470    0000002c     nwk_QMgmt.obj (.text:nwk_QadjustOrder)
                  0000a49c    0000002c     nwk.obj (.text:nwk_getConnInfo)
                  0000a4c8    0000002c     rts430.lib : lsl16.obj (.text)
                  0000a4f4    0000002a     mrfi.obj (.text:MRFI_SetRxAddrFilter)
                  0000a51e    0000002a     mrfi.obj (.text:Mrfi_DelayUsec)
                  0000a548    0000002a     nwk.obj (.text:map_lid2idx)
                  0000a572    0000002a     nwk_globals.obj (.text:nwk_globalsInit)
                  0000a59c    00000028     main_manyEDs.obj (.text:InitTimer)
                  0000a5c4    00000026     rts430.lib : boot.obj (.text:_c_int00_noexit)
                  0000a5ea    00000026     nwk_QMgmt.obj (.text:nwk_QInit)
                  0000a610    00000026     nwk.obj (.text:nwk_checkConnInfo)
                  0000a636    00000026     nwk_join.obj (.text:nwk_joinInit)
                  0000a65c    00000020     bsp.obj (.text:BSP_Init)
                  0000a67c    00000020     bsp.obj (.text:BSP_InitBoard)
                  0000a69c    00000020     nwk_frame.obj (.text:MRFI_RxCompleteISR)
                  0000a6bc    00000020     mrfi.obj (.text:MRFI_Sleep)
                  0000a6dc    00000020     rts430.lib : memmov.obj (.text:memmove)
                  0000a6fc    00000020     nwk_ioctl.obj (.text:nwk_connectionControl)
                  0000a71c    0000001e     bsp.obj (.text:BSP_Delay)
                  0000a73a    0000001e     mrfi.obj (.text:MRFI_EnableRxAddrFilter)
                  0000a758    0000001e     nwk_frame.obj (.text:nwk_frameInit)
                  0000a776    0000001e     nwk_globals.obj (.text:nwk_setMyAddress)
                  0000a794    0000001e     main_manyEDs.obj (.text:sCB)
                  0000a7b2    0000001c     nwk_join.obj (.text:nwk_processJoin)
                  0000a7ce    0000001a     bsp.obj (.text:BSP_InitDrivers)
                  0000a7e8    00000018     mrfi.obj (.text:MRFI_DelayMs)
                  0000a800    00000016     mrfi.obj (.text:MRFI_RandomByte)
                  0000a816    00000014     rts430.lib : mult16.obj (.text)
                  0000a82a    00000014     main_manyEDs.obj (.text:toggleLED)
                  0000a83e    00000012     rts430.lib : memcpy.obj (.text:memcpy)
                  0000a850    00000012     nwk_globals.obj (.text:nwk_getMyAddress)
                  0000a862    00000012     nwk_link.obj (.text:nwk_setLinkToken)
                  0000a874    00000010     rts430.lib : epilog.obj (.text)
                  0000a884    0000000c     mrfi.obj (.text:MRFI_PostKillSem)
                  0000a890    0000000c     mrfi.obj (.text:MRFI_Receive)
                  0000a89c    0000000c     nwk.obj (.text:nwk_getNumObjectFromMsg)
                  0000a8a8    0000000c     nwk_globals.obj (.text:nwk_setAPAddress)
                  0000a8b4    0000000a     bsp.obj (.text:_system_pre_init)
                  0000a8be    0000000a     nwk_mgmt.obj (.text:nwk_mgmtInit)
                  0000a8c8    0000000a     nwk_ping.obj (.text:nwk_pingInit)
                  0000a8d2    0000000a     rts430.lib : fs_neg.obj (.text)
                  0000a8dc    00000006     mrfi.obj (.text:MRFI_GetRadioState)
                  0000a8e2    00000006     nwk_api.obj (.text:SMPL_Send)
                  0000a8e8    00000006     nwk.obj (.text:nwk_freeConnection)
                  0000a8ee    00000006     nwk_globals.obj (.text:nwk_getBCastAddress)
                  0000a8f4    00000006     nwk_globals.obj (.text:nwk_getFWVersion)
                  0000a8fa    00000006     rts430.lib : sinf.obj (.text:sinf)
                  0000a900    00000004     nwk_api.obj (.text:SMPL_Link)
                  0000a904    00000004     rts430.lib : exit.obj (.text:abort)
                  0000a908    00000004     nwk_frame.obj (.text:nwk_getMyRxType)
                  0000a90c    00000004     nwk_globals.obj (.text:nwk_getProtocolVersion)
                  0000a910    00000004     nwk_freq.obj (.text:nwk_processFreq)
                  0000a914    00000004     nwk_security.obj (.text:nwk_processSecurity)
                  0000a918    00000002     rts430.lib : _lock.obj (.text:_nop)
                  0000a91a    00000002     nwk_freq.obj (.text:nwk_freqInit)
                  0000a91c    00000002     nwk_security.obj (.text:nwk_securityInit)

.cinit     0    0000a91e    00000132     
                  0000a91e    00000040     rts430.lib : xfvalues.obj (.cinit)
                  0000a95e    00000036     main_manyEDs.obj (.cinit)
                  0000a994    0000002f     mrfi.obj (.cinit)
                  0000a9c3    00000001     --HOLE-- [fill = 0]
                  0000a9c4    00000019     nwk_link.obj (.cinit)
                  0000a9dd    00000001     --HOLE-- [fill = 0]
                  0000a9de    00000018     nwk_frame.obj (.cinit)
                  0000a9f6    00000013     nwk_join.obj (.cinit)
                  0000aa09    00000001     --HOLE-- [fill = 0]
                  0000aa0a    0000000e     rts430.lib : feraiseexcept.obj (.cinit)
                  0000aa18    0000000b     nwk_mgmt.obj (.cinit)
                  0000aa23    00000001     --HOLE-- [fill = 0]
                  0000aa24    00000006     rts430.lib : errno.obj (.cinit)
                  0000aa2a    00000006                : signal.obj (.cinit)
                  0000aa30    00000005     bsp.obj (.cinit)
                  0000aa35    00000001     --HOLE-- [fill = 0]
                  0000aa36    00000005     nwk.obj (.cinit)
                  0000aa3b    00000001     --HOLE-- [fill = 0]
                  0000aa3c    00000005     nwk_api.obj (.cinit)
                  0000aa41    00000001     --HOLE-- [fill = 0]
                  0000aa42    00000005     nwk_globals.obj (.cinit)
                  0000aa47    00000001     --HOLE-- [fill = 0]
                  0000aa48    00000005     nwk_ping.obj (.cinit)
                  0000aa4d    00000001     --HOLE-- [fill = 0]
                  0000aa4e    00000002     (.pad.cinit) [fill = 0]

.const     0    0000aa50    00000085     
                  0000aa50    0000003c     mrfi.obj (.const:mrfiRadioCfg)
                  0000aa8c    00000010     rts430.lib : xfsin.obj (.const)
                  0000aa9c    0000000c                : xfsin.obj (.const:c)
                  0000aaa8    0000000c     nwk_frame.obj (.const:func)
                  0000aab4    0000000c     rts430.lib : xfsin.obj (.const:s)
                  0000aac0    00000009     nwk_globals.obj (.const)
                  0000aac9    00000001     nwk_frame.obj (.const)
                  0000aaca    00000004     mrfi.obj (.const:.string:mrfiBroadcastAddr)
                  0000aace    00000004     mrfi.obj (.const:.string:mrfiLogicalChanTable)
                  0000aad2    00000003     mrfi.obj (.const:.string:mrfiRFPowerTable)

.int03     0    0000ffe6    00000002     
                  0000ffe6    00000002     mrfi.obj (.int03)

.int09     0    0000fff2    00000002     
                  0000fff2    00000002     main_manyEDs.obj (.int09)

.reset     0    0000fffe    00000002     
                  0000fffe    00000002     rts430.lib : boot.obj (.reset)


GLOBAL SYMBOLS: SORTED ALPHABETICALLY BY Name 

address    name
--------   ----
00000200   .bss
00008000   .text
0000004a   ADC10AE0
0000004b   ADC10AE1
000001b0   ADC10CTL0
000001b2   ADC10CTL1
00000048   ADC10DTC0
00000049   ADC10DTC1
000001b4   ADC10MEM
000001bc   ADC10SA
00000057   BCSCTL1
00000058   BCSCTL2
00000053   BCSCTL3
0000a71c   BSP_Delay
0000a3b2   BSP_GpioPort1Isr
0000a65c   BSP_Init
0000a67c   BSP_InitBoard
0000a7ce   BSP_InitDrivers
0000a904   C$$EXIT
000010fb   CALBC1_12MHZ
000010f9   CALBC1_16MHZ
000010ff   CALBC1_1MHZ
000010fd   CALBC1_8MHZ
000010fa   CALDCO_12MHZ
000010f8   CALDCO_16MHZ
000010fe   CALDCO_1MHZ
000010fc   CALDCO_8MHZ
00000056   DCOCTL
00000128   FCTL1
0000012a   FCTL2
0000012c   FCTL3
00000000   IE1
00000001   IE2
00000002   IFG1
00000003   IFG2
0000a4c8   I_LSL
0000a4f0   I_LSL_1
0000a4de   I_LSL_10
0000a4dc   I_LSL_11
0000a4da   I_LSL_12
0000a4d8   I_LSL_13
0000a4d6   I_LSL_14
0000a4d4   I_LSL_15
0000a4ee   I_LSL_2
0000a4ec   I_LSL_3
0000a4ea   I_LSL_4
0000a4e8   I_LSL_5
0000a4e6   I_LSL_6
0000a4e4   I_LSL_7
0000a4e2   I_LSL_8
0000a4e0   I_LSL_9
00009e20   I_LSR
00009e66   I_LSR_1
00009e42   I_LSR_10
00009e3e   I_LSR_11
00009e3a   I_LSR_12
00009e36   I_LSR_13
00009e32   I_LSR_14
00009e2e   I_LSR_15
00009e62   I_LSR_2
00009e5e   I_LSR_3
00009e5a   I_LSR_4
00009e56   I_LSR_5
00009e52   I_LSR_6
00009e4e   I_LSR_7
00009e4a   I_LSR_8
00009e46   I_LSR_9
0000a59c   InitTimer
0000a7e8   MRFI_DelayMs
0000a73a   MRFI_EnableRxAddrFilter
0000a8dc   MRFI_GetRadioState
000083de   MRFI_Init
0000a884   MRFI_PostKillSem
0000a800   MRFI_RandomByte
0000a890   MRFI_Receive
00009c82   MRFI_ReplyDelay
00009f4a   MRFI_Rssi
0000a0ec   MRFI_RxAddrIsFiltered
0000a69c   MRFI_RxCompleteISR
00009fda   MRFI_RxIdle
0000a31c   MRFI_RxOn
00009c1e   MRFI_SetLogicalChannel
00009bb8   MRFI_SetRFPwr
0000a4f4   MRFI_SetRxAddrFilter
0000a6bc   MRFI_Sleep
0000870e   MRFI_Transmit
00009d34   MRFI_WakeUp
000000c0   OA0CTL0
000000c1   OA0CTL1
000000c2   OA1CTL0
000000c3   OA1CTL1
00000022   P1DIR
00000025   P1IE
00000024   P1IES
00000023   P1IFG
00000020   P1IN
00000021   P1OUT
00000027   P1REN
00000026   P1SEL
0000002a   P2DIR
0000002d   P2IE
0000002c   P2IES
0000002b   P2IFG
00000028   P2IN
00000029   P2OUT
0000002f   P2REN
0000002e   P2SEL
0000001a   P3DIR
00000018   P3IN
00000019   P3OUT
00000010   P3REN
0000001b   P3SEL
0000001e   P4DIR
0000001c   P4IN
0000001d   P4OUT
00000011   P4REN
0000001f   P4SEL
0000039c   RadioMSG
0000a2b4   SMPL_Init
000095ce   SMPL_Ioctl
0000a900   SMPL_Link
00009d88   SMPL_Receive
0000a8e2   SMPL_Send
00009a02   SMPL_SendOpt
00000172   TACCR0
00000174   TACCR1
00000176   TACCR2
00000162   TACCTL0
00000164   TACCTL1
00000166   TACCTL2
00000160   TACTL
0000012e   TAIV
00000170   TAR
00000192   TBCCR0
00000194   TBCCR1
00000196   TBCCR2
00000182   TBCCTL0
00000184   TBCCTL1
00000186   TBCCTL2
00000180   TBCTL
0000011e   TBIV
00000190   TBR
0000934c   TIMERA0_ISR
0000005d   UCA0ABCTL
00000062   UCA0BR0
00000063   UCA0BR1
00000060   UCA0CTL0
00000061   UCA0CTL1
0000005f   UCA0IRRCTL
0000005e   UCA0IRTCTL
00000064   UCA0MCTL
00000066   UCA0RXBUF
00000065   UCA0STAT
00000067   UCA0TXBUF
0000006a   UCB0BR0
0000006b   UCB0BR1
00000068   UCB0CTL0
00000069   UCB0CTL1
0000006c   UCB0I2CIE
00000118   UCB0I2COA
0000011a   UCB0I2CSA
0000006e   UCB0RXBUF
0000006d   UCB0STAT
0000006f   UCB0TXBUF
00000120   WDTCTL
00000454   _Errno
000002c0   _FDenorm
00009666   _FDnorm
00008c1c   _FDscale
000002d0   _FEps
000002e0   _FInf
000002f0   _FNan
00000310   _FRteps
00008000   _FSin
00000300   _FSnan
00000320   _FXbig
00000324   _FZero
00000442   _Fenv
0000a34e   _Feraise
00000446   _Tls_setup__Fenv
00000600   __STACK_END
00000050   __STACK_SIZE
00000001   __TI_args_main
00000001   __TI_auto_init
0000044c   __TI_cleanup_ptr
0000044e   __TI_dtors_ptr
00000001   __TI_exit
0000ffe6   __TI_int03
0000fff2   __TI_int09
ffffffff   __binit__
00000200   __bss__
ffffffff   __c_args__
0000a91e   __cinit__
00000456   __end__
0000a91e   __etext__
000089cc   __fs_add
00009eb6   __fs_cmp
00009534   __fs_div
0000a27e   __fs_itof
00009f00   __fs_ltof
00009116   __fs_mpy
0000a8d2   __fs_neg
000089c6   __fs_sub
00009b50   __fs_toi
0000990a   __fs_tol
0000a816   __mpyi
ffffffff   __pinit__
00008000   __text__
00009f92   _auto_init
0000a5c4   _c_int00
0000a5c4   _c_int00_noexit
00000448   _lock
0000a918   _nop
0000fffe   _reset_vector
000005b0   _stack
0000a8b4   _system_pre_init
0000044a   _unlock
0000a904   abort
00000388   amplitude
ffffffff   binit
0000a91e   cinit
00000456   end
0000a91e   etext
0000a442   feraiseexcept
0000821a   fmodf
0000038c   frequency
0000a880   func_epilog_1
0000a87e   func_epilog_2
0000a87c   func_epilog_3
0000a87a   func_epilog_4
0000a878   func_epilog_5
0000a876   func_epilog_6
0000a874   func_epilog_7
00000384   lAddr
00008af6   main
0000a83e   memcpy
0000a6dc   memmove
0000aaca   mrfiBroadcastAddr
0000a020   mrfiSpiCmdStrobe
0000a2e8   mrfiSpiInit
0000a5ea   nwk_QInit
0000a470   nwk_QadjustOrder
00008d3e   nwk_QfindOldest
0000988a   nwk_QfindSlot
00008f4a   nwk_allocateLocalRxPort
0000949a   nwk_buildFrame
0000a610   nwk_checkConnInfo
0000a6fc   nwk_connectionControl
0000a212   nwk_deviceAddress
0000a758   nwk_frameInit
0000a8e8   nwk_freeConnection
0000a91a   nwk_freqInit
0000a8ee   nwk_getBCastAddress
0000a49c   nwk_getConnInfo
0000a8f4   nwk_getFWVersion
0000a850   nwk_getMyAddress
0000a908   nwk_getMyRxType
00009808   nwk_getNextConnection
0000a89c   nwk_getNumObjectFromMsg
0000a90c   nwk_getProtocolVersion
0000a572   nwk_globalsInit
00009a7a   nwk_isConnectionValid
00009dd4   nwk_isLinkDuplicate
00009e6c   nwk_isValidReply
00008e4e   nwk_join
0000a636   nwk_joinInit
00008870   nwk_link
0000a248   nwk_linkInit
0000a8be   nwk_mgmtInit
000096fa   nwk_nwkInit
0000a8c8   nwk_pingInit
0000a910   nwk_processFreq
0000a7b2   nwk_processJoin
0000a166   nwk_processLink
0000a066   nwk_processMgmt
00009ae8   nwk_processPing
0000a914   nwk_processSecurity
0000a1a2   nwk_putNumObjectIntoMsg
00009988   nwk_radioControl
0000a3e2   nwk_rawReceive
00009cde   nwk_rawSend
00009296   nwk_retrieveFrame
0000a91c   nwk_securityInit
0000a412   nwk_sendFrame
0000a8a8   nwk_setAPAddress
0000a862   nwk_setLinkToken
0000a776   nwk_setMyAddress
00000390   phase
ffffffff   pinit
0000a380   raise
0000a1da   signal
0000a8fa   sinf
00000398   start_time
00000394   time
0000a82a   toggleLED


GLOBAL SYMBOLS: SORTED BY Symbol Address 

address    name
--------   ----
00000000   IE1
00000001   IE2
00000001   __TI_args_main
00000001   __TI_auto_init
00000001   __TI_exit
00000002   IFG1
00000003   IFG2
00000010   P3REN
00000011   P4REN
00000018   P3IN
00000019   P3OUT
0000001a   P3DIR
0000001b   P3SEL
0000001c   P4IN
0000001d   P4OUT
0000001e   P4DIR
0000001f   P4SEL
00000020   P1IN
00000021   P1OUT
00000022   P1DIR
00000023   P1IFG
00000024   P1IES
00000025   P1IE
00000026   P1SEL
00000027   P1REN
00000028   P2IN
00000029   P2OUT
0000002a   P2DIR
0000002b   P2IFG
0000002c   P2IES
0000002d   P2IE
0000002e   P2SEL
0000002f   P2REN
00000048   ADC10DTC0
00000049   ADC10DTC1
0000004a   ADC10AE0
0000004b   ADC10AE1
00000050   __STACK_SIZE
00000053   BCSCTL3
00000056   DCOCTL
00000057   BCSCTL1
00000058   BCSCTL2
0000005d   UCA0ABCTL
0000005e   UCA0IRTCTL
0000005f   UCA0IRRCTL
00000060   UCA0CTL0
00000061   UCA0CTL1
00000062   UCA0BR0
00000063   UCA0BR1
00000064   UCA0MCTL
00000065   UCA0STAT
00000066   UCA0RXBUF
00000067   UCA0TXBUF
00000068   UCB0CTL0
00000069   UCB0CTL1
0000006a   UCB0BR0
0000006b   UCB0BR1
0000006c   UCB0I2CIE
0000006d   UCB0STAT
0000006e   UCB0RXBUF
0000006f   UCB0TXBUF
000000c0   OA0CTL0
000000c1   OA0CTL1
000000c2   OA1CTL0
000000c3   OA1CTL1
00000118   UCB0I2COA
0000011a   UCB0I2CSA
0000011e   TBIV
00000120   WDTCTL
00000128   FCTL1
0000012a   FCTL2
0000012c   FCTL3
0000012e   TAIV
00000160   TACTL
00000162   TACCTL0
00000164   TACCTL1
00000166   TACCTL2
00000170   TAR
00000172   TACCR0
00000174   TACCR1
00000176   TACCR2
00000180   TBCTL
00000182   TBCCTL0
00000184   TBCCTL1
00000186   TBCCTL2
00000190   TBR
00000192   TBCCR0
00000194   TBCCR1
00000196   TBCCR2
000001b0   ADC10CTL0
000001b2   ADC10CTL1
000001b4   ADC10MEM
000001bc   ADC10SA
00000200   .bss
00000200   __bss__
000002c0   _FDenorm
000002d0   _FEps
000002e0   _FInf
000002f0   _FNan
00000300   _FSnan
00000310   _FRteps
00000320   _FXbig
00000324   _FZero
00000384   lAddr
00000388   amplitude
0000038c   frequency
00000390   phase
00000394   time
00000398   start_time
0000039c   RadioMSG
00000442   _Fenv
00000446   _Tls_setup__Fenv
00000448   _lock
0000044a   _unlock
0000044c   __TI_cleanup_ptr
0000044e   __TI_dtors_ptr
00000454   _Errno
00000456   __end__
00000456   end
000005b0   _stack
00000600   __STACK_END
000010f8   CALDCO_16MHZ
000010f9   CALBC1_16MHZ
000010fa   CALDCO_12MHZ
000010fb   CALBC1_12MHZ
000010fc   CALDCO_8MHZ
000010fd   CALBC1_8MHZ
000010fe   CALDCO_1MHZ
000010ff   CALBC1_1MHZ
00008000   .text
00008000   _FSin
00008000   __text__
0000821a   fmodf
000083de   MRFI_Init
0000870e   MRFI_Transmit
00008870   nwk_link
000089c6   __fs_sub
000089cc   __fs_add
00008af6   main
00008c1c   _FDscale
00008d3e   nwk_QfindOldest
00008e4e   nwk_join
00008f4a   nwk_allocateLocalRxPort
00009116   __fs_mpy
00009296   nwk_retrieveFrame
0000934c   TIMERA0_ISR
0000949a   nwk_buildFrame
00009534   __fs_div
000095ce   SMPL_Ioctl
00009666   _FDnorm
000096fa   nwk_nwkInit
00009808   nwk_getNextConnection
0000988a   nwk_QfindSlot
0000990a   __fs_tol
00009988   nwk_radioControl
00009a02   SMPL_SendOpt
00009a7a   nwk_isConnectionValid
00009ae8   nwk_processPing
00009b50   __fs_toi
00009bb8   MRFI_SetRFPwr
00009c1e   MRFI_SetLogicalChannel
00009c82   MRFI_ReplyDelay
00009cde   nwk_rawSend
00009d34   MRFI_WakeUp
00009d88   SMPL_Receive
00009dd4   nwk_isLinkDuplicate
00009e20   I_LSR
00009e2e   I_LSR_15
00009e32   I_LSR_14
00009e36   I_LSR_13
00009e3a   I_LSR_12
00009e3e   I_LSR_11
00009e42   I_LSR_10
00009e46   I_LSR_9
00009e4a   I_LSR_8
00009e4e   I_LSR_7
00009e52   I_LSR_6
00009e56   I_LSR_5
00009e5a   I_LSR_4
00009e5e   I_LSR_3
00009e62   I_LSR_2
00009e66   I_LSR_1
00009e6c   nwk_isValidReply
00009eb6   __fs_cmp
00009f00   __fs_ltof
00009f4a   MRFI_Rssi
00009f92   _auto_init
00009fda   MRFI_RxIdle
0000a020   mrfiSpiCmdStrobe
0000a066   nwk_processMgmt
0000a0ec   MRFI_RxAddrIsFiltered
0000a166   nwk_processLink
0000a1a2   nwk_putNumObjectIntoMsg
0000a1da   signal
0000a212   nwk_deviceAddress
0000a248   nwk_linkInit
0000a27e   __fs_itof
0000a2b4   SMPL_Init
0000a2e8   mrfiSpiInit
0000a31c   MRFI_RxOn
0000a34e   _Feraise
0000a380   raise
0000a3b2   BSP_GpioPort1Isr
0000a3e2   nwk_rawReceive
0000a412   nwk_sendFrame
0000a442   feraiseexcept
0000a470   nwk_QadjustOrder
0000a49c   nwk_getConnInfo
0000a4c8   I_LSL
0000a4d4   I_LSL_15
0000a4d6   I_LSL_14
0000a4d8   I_LSL_13
0000a4da   I_LSL_12
0000a4dc   I_LSL_11
0000a4de   I_LSL_10
0000a4e0   I_LSL_9
0000a4e2   I_LSL_8
0000a4e4   I_LSL_7
0000a4e6   I_LSL_6
0000a4e8   I_LSL_5
0000a4ea   I_LSL_4
0000a4ec   I_LSL_3
0000a4ee   I_LSL_2
0000a4f0   I_LSL_1
0000a4f4   MRFI_SetRxAddrFilter
0000a572   nwk_globalsInit
0000a59c   InitTimer
0000a5c4   _c_int00
0000a5c4   _c_int00_noexit
0000a5ea   nwk_QInit
0000a610   nwk_checkConnInfo
0000a636   nwk_joinInit
0000a65c   BSP_Init
0000a67c   BSP_InitBoard
0000a69c   MRFI_RxCompleteISR
0000a6bc   MRFI_Sleep
0000a6dc   memmove
0000a6fc   nwk_connectionControl
0000a71c   BSP_Delay
0000a73a   MRFI_EnableRxAddrFilter
0000a758   nwk_frameInit
0000a776   nwk_setMyAddress
0000a7b2   nwk_processJoin
0000a7ce   BSP_InitDrivers
0000a7e8   MRFI_DelayMs
0000a800   MRFI_RandomByte
0000a816   __mpyi
0000a82a   toggleLED
0000a83e   memcpy
0000a850   nwk_getMyAddress
0000a862   nwk_setLinkToken
0000a874   func_epilog_7
0000a876   func_epilog_6
0000a878   func_epilog_5
0000a87a   func_epilog_4
0000a87c   func_epilog_3
0000a87e   func_epilog_2
0000a880   func_epilog_1
0000a884   MRFI_PostKillSem
0000a890   MRFI_Receive
0000a89c   nwk_getNumObjectFromMsg
0000a8a8   nwk_setAPAddress
0000a8b4   _system_pre_init
0000a8be   nwk_mgmtInit
0000a8c8   nwk_pingInit
0000a8d2   __fs_neg
0000a8dc   MRFI_GetRadioState
0000a8e2   SMPL_Send
0000a8e8   nwk_freeConnection
0000a8ee   nwk_getBCastAddress
0000a8f4   nwk_getFWVersion
0000a8fa   sinf
0000a900   SMPL_Link
0000a904   C$$EXIT
0000a904   abort
0000a908   nwk_getMyRxType
0000a90c   nwk_getProtocolVersion
0000a910   nwk_processFreq
0000a914   nwk_processSecurity
0000a918   _nop
0000a91a   nwk_freqInit
0000a91c   nwk_securityInit
0000a91e   __cinit__
0000a91e   __etext__
0000a91e   cinit
0000a91e   etext
0000aaca   mrfiBroadcastAddr
0000ffe6   __TI_int03
0000fff2   __TI_int09
0000fffe   _reset_vector
ffffffff   __binit__
ffffffff   __c_args__
ffffffff   __pinit__
ffffffff   binit
ffffffff   pinit

[295 symbols]
