<?xml version="1.0"?>
<link_info>
   <banner>MSP430 Linker PC v4.3.1</banner>
   <copyright>Copyright (c) 2003-2014 Texas Instruments Incorporated</copyright>
   <link_time>0x5852eeff</link_time>
   <link_errors>0x0</link_errors>
   <output_file>Project.out</output_file>
   <entry_point>
      <name>_c_int00</name>
      <address>0xa5c4</address>
   </entry_point>
   <input_file_list>
      <input_file id="fl-2">
         <path>.\Applications\application\End Device\</path>
         <kind>object</kind>
         <file>main_manyEDs.obj</file>
         <name>main_manyEDs.obj</name>
      </input_file>
      <input_file id="fl-3">
         <path>.\Components\bsp\</path>
         <kind>object</kind>
         <file>bsp.obj</file>
         <name>bsp.obj</name>
      </input_file>
      <input_file id="fl-4">
         <path>.\Components\mrfi\</path>
         <kind>object</kind>
         <file>mrfi.obj</file>
         <name>mrfi.obj</name>
      </input_file>
      <input_file id="fl-5">
         <path>.\Components\simpliciti\nwk\</path>
         <kind>object</kind>
         <file>nwk_globals.obj</file>
         <name>nwk_globals.obj</name>
      </input_file>
      <input_file id="fl-6">
         <path>.\Components\simpliciti\nwk\</path>
         <kind>object</kind>
         <file>nwk_frame.obj</file>
         <name>nwk_frame.obj</name>
      </input_file>
      <input_file id="fl-7">
         <path>.\Components\simpliciti\nwk\</path>
         <kind>object</kind>
         <file>nwk_api.obj</file>
         <name>nwk_api.obj</name>
      </input_file>
      <input_file id="fl-8">
         <path>.\Components\simpliciti\nwk\</path>
         <kind>object</kind>
         <file>nwk_QMgmt.obj</file>
         <name>nwk_QMgmt.obj</name>
      </input_file>
      <input_file id="fl-9">
         <path>.\Components\simpliciti\nwk\</path>
         <kind>object</kind>
         <file>nwk.obj</file>
         <name>nwk.obj</name>
      </input_file>
      <input_file id="fl-a">
         <path>.\Components\simpliciti\nwk_applications\</path>
         <kind>object</kind>
         <file>nwk_security.obj</file>
         <name>nwk_security.obj</name>
      </input_file>
      <input_file id="fl-b">
         <path>.\Components\simpliciti\nwk_applications\</path>
         <kind>object</kind>
         <file>nwk_ping.obj</file>
         <name>nwk_ping.obj</name>
      </input_file>
      <input_file id="fl-c">
         <path>.\Components\simpliciti\nwk_applications\</path>
         <kind>object</kind>
         <file>nwk_mgmt.obj</file>
         <name>nwk_mgmt.obj</name>
      </input_file>
      <input_file id="fl-d">
         <path>.\Components\simpliciti\nwk_applications\</path>
         <kind>object</kind>
         <file>nwk_link.obj</file>
         <name>nwk_link.obj</name>
      </input_file>
      <input_file id="fl-e">
         <path>.\Components\simpliciti\nwk_applications\</path>
         <kind>object</kind>
         <file>nwk_join.obj</file>
         <name>nwk_join.obj</name>
      </input_file>
      <input_file id="fl-f">
         <path>.\Components\simpliciti\nwk_applications\</path>
         <kind>object</kind>
         <file>nwk_ioctl.obj</file>
         <name>nwk_ioctl.obj</name>
      </input_file>
      <input_file id="fl-10">
         <path>.\Components\simpliciti\nwk_applications\</path>
         <kind>object</kind>
         <file>nwk_freq.obj</file>
         <name>nwk_freq.obj</name>
      </input_file>
      <input_file id="fl-15">
         <path>c:\ti\ccsv6\tools\compiler\msp430_4.3.1\lib\</path>
         <kind>archive</kind>
         <file>rts430.lib</file>
         <name>boot.obj</name>
      </input_file>
      <input_file id="fl-16">
         <path>c:\ti\ccsv6\tools\compiler\msp430_4.3.1\lib\</path>
         <kind>archive</kind>
         <file>rts430.lib</file>
         <name>copy_decompress_none.obj</name>
      </input_file>
      <input_file id="fl-17">
         <path>c:\ti\ccsv6\tools\compiler\msp430_4.3.1\lib\</path>
         <kind>archive</kind>
         <file>rts430.lib</file>
         <name>copy_decompress_rle.obj</name>
      </input_file>
      <input_file id="fl-18">
         <path>c:\ti\ccsv6\tools\compiler\msp430_4.3.1\lib\</path>
         <kind>archive</kind>
         <file>rts430.lib</file>
         <name>copy_zero_init.obj</name>
      </input_file>
      <input_file id="fl-19">
         <path>c:\ti\ccsv6\tools\compiler\msp430_4.3.1\lib\</path>
         <kind>archive</kind>
         <file>rts430.lib</file>
         <name>epilog.obj</name>
      </input_file>
      <input_file id="fl-1a">
         <path>c:\ti\ccsv6\tools\compiler\msp430_4.3.1\lib\</path>
         <kind>archive</kind>
         <file>rts430.lib</file>
         <name>exit.obj</name>
      </input_file>
      <input_file id="fl-1b">
         <path>c:\ti\ccsv6\tools\compiler\msp430_4.3.1\lib\</path>
         <kind>archive</kind>
         <file>rts430.lib</file>
         <name>fs_add.obj</name>
      </input_file>
      <input_file id="fl-1c">
         <path>c:\ti\ccsv6\tools\compiler\msp430_4.3.1\lib\</path>
         <kind>archive</kind>
         <file>rts430.lib</file>
         <name>fs_cmp.obj</name>
      </input_file>
      <input_file id="fl-1d">
         <path>c:\ti\ccsv6\tools\compiler\msp430_4.3.1\lib\</path>
         <kind>archive</kind>
         <file>rts430.lib</file>
         <name>fs_div.obj</name>
      </input_file>
      <input_file id="fl-1e">
         <path>c:\ti\ccsv6\tools\compiler\msp430_4.3.1\lib\</path>
         <kind>archive</kind>
         <file>rts430.lib</file>
         <name>fs_itof.obj</name>
      </input_file>
      <input_file id="fl-1f">
         <path>c:\ti\ccsv6\tools\compiler\msp430_4.3.1\lib\</path>
         <kind>archive</kind>
         <file>rts430.lib</file>
         <name>fs_mpy.obj</name>
      </input_file>
      <input_file id="fl-20">
         <path>c:\ti\ccsv6\tools\compiler\msp430_4.3.1\lib\</path>
         <kind>archive</kind>
         <file>rts430.lib</file>
         <name>fs_toi.obj</name>
      </input_file>
      <input_file id="fl-21">
         <path>c:\ti\ccsv6\tools\compiler\msp430_4.3.1\lib\</path>
         <kind>archive</kind>
         <file>rts430.lib</file>
         <name>lsr16.obj</name>
      </input_file>
      <input_file id="fl-22">
         <path>c:\ti\ccsv6\tools\compiler\msp430_4.3.1\lib\</path>
         <kind>archive</kind>
         <file>rts430.lib</file>
         <name>memcpy.obj</name>
      </input_file>
      <input_file id="fl-23">
         <path>c:\ti\ccsv6\tools\compiler\msp430_4.3.1\lib\</path>
         <kind>archive</kind>
         <file>rts430.lib</file>
         <name>memmov.obj</name>
      </input_file>
      <input_file id="fl-24">
         <path>c:\ti\ccsv6\tools\compiler\msp430_4.3.1\lib\</path>
         <kind>archive</kind>
         <file>rts430.lib</file>
         <name>mpu_init.obj</name>
      </input_file>
      <input_file id="fl-25">
         <path>c:\ti\ccsv6\tools\compiler\msp430_4.3.1\lib\</path>
         <kind>archive</kind>
         <file>rts430.lib</file>
         <name>mult16.obj</name>
      </input_file>
      <input_file id="fl-26">
         <path>c:\ti\ccsv6\tools\compiler\msp430_4.3.1\lib\</path>
         <kind>archive</kind>
         <file>rts430.lib</file>
         <name>sinf.obj</name>
      </input_file>
      <input_file id="fl-27">
         <path>c:\ti\ccsv6\tools\compiler\msp430_4.3.1\lib\</path>
         <kind>archive</kind>
         <file>rts430.lib</file>
         <name>xfsin.obj</name>
      </input_file>
      <input_file id="fl-28">
         <path>c:\ti\ccsv6\tools\compiler\msp430_4.3.1\lib\</path>
         <kind>archive</kind>
         <file>rts430.lib</file>
         <name>xfvalues.obj</name>
      </input_file>
      <input_file id="fl-29">
         <path>c:\ti\ccsv6\tools\compiler\msp430_4.3.1\lib\</path>
         <kind>archive</kind>
         <file>rts430.lib</file>
         <name>_lock.obj</name>
      </input_file>
      <input_file id="fl-2a">
         <path>c:\ti\ccsv6\tools\compiler\msp430_4.3.1\lib\</path>
         <kind>archive</kind>
         <file>rts430.lib</file>
         <name>args_main.obj</name>
      </input_file>
      <input_file id="fl-2b">
         <path>c:\ti\ccsv6\tools\compiler\msp430_4.3.1\lib\</path>
         <kind>archive</kind>
         <file>rts430.lib</file>
         <name>autoinit.obj</name>
      </input_file>
      <input_file id="fl-2c">
         <path>c:\ti\ccsv6\tools\compiler\msp430_4.3.1\lib\</path>
         <kind>archive</kind>
         <file>rts430.lib</file>
         <name>fmodf.obj</name>
      </input_file>
      <input_file id="fl-2d">
         <path>c:\ti\ccsv6\tools\compiler\msp430_4.3.1\lib\</path>
         <kind>archive</kind>
         <file>rts430.lib</file>
         <name>fs_ltof.obj</name>
      </input_file>
      <input_file id="fl-2e">
         <path>c:\ti\ccsv6\tools\compiler\msp430_4.3.1\lib\</path>
         <kind>archive</kind>
         <file>rts430.lib</file>
         <name>fs_neg.obj</name>
      </input_file>
      <input_file id="fl-2f">
         <path>c:\ti\ccsv6\tools\compiler\msp430_4.3.1\lib\</path>
         <kind>archive</kind>
         <file>rts430.lib</file>
         <name>fs_tol.obj</name>
      </input_file>
      <input_file id="fl-30">
         <path>c:\ti\ccsv6\tools\compiler\msp430_4.3.1\lib\</path>
         <kind>archive</kind>
         <file>rts430.lib</file>
         <name>xfdnorm.obj</name>
      </input_file>
      <input_file id="fl-31">
         <path>c:\ti\ccsv6\tools\compiler\msp430_4.3.1\lib\</path>
         <kind>archive</kind>
         <file>rts430.lib</file>
         <name>xfdscale.obj</name>
      </input_file>
      <input_file id="fl-32">
         <path>c:\ti\ccsv6\tools\compiler\msp430_4.3.1\lib\</path>
         <kind>archive</kind>
         <file>rts430.lib</file>
         <name>xferaise.obj</name>
      </input_file>
      <input_file id="fl-33">
         <path>c:\ti\ccsv6\tools\compiler\msp430_4.3.1\lib\</path>
         <kind>archive</kind>
         <file>rts430.lib</file>
         <name>errno.obj</name>
      </input_file>
      <input_file id="fl-34">
         <path>c:\ti\ccsv6\tools\compiler\msp430_4.3.1\lib\</path>
         <kind>archive</kind>
         <file>rts430.lib</file>
         <name>feraiseexcept.obj</name>
      </input_file>
      <input_file id="fl-35">
         <path>c:\ti\ccsv6\tools\compiler\msp430_4.3.1\lib\</path>
         <kind>archive</kind>
         <file>rts430.lib</file>
         <name>lsl16.obj</name>
      </input_file>
      <input_file id="fl-36">
         <path>c:\ti\ccsv6\tools\compiler\msp430_4.3.1\lib\</path>
         <kind>archive</kind>
         <file>rts430.lib</file>
         <name>raise.obj</name>
      </input_file>
      <input_file id="fl-37">
         <path>c:\ti\ccsv6\tools\compiler\msp430_4.3.1\lib\</path>
         <kind>archive</kind>
         <file>rts430.lib</file>
         <name>signal.obj</name>
      </input_file>
   </input_file_list>
   <object_component_list>
      <object_component id="oc-1f">
         <name>.bss</name>
         <uninitialized>true</uninitialized>
         <run_address>0x380</run_address>
         <size>0x3c</size>
         <input_file_ref idref="fl-2"/>
      </object_component>
      <object_component id="oc-27">
         <name>.bss</name>
         <uninitialized>true</uninitialized>
         <run_address>0x431</run_address>
         <size>0x1</size>
         <input_file_ref idref="fl-3"/>
      </object_component>
      <object_component id="oc-2e">
         <name>.bss</name>
         <uninitialized>true</uninitialized>
         <run_address>0x3bc</run_address>
         <size>0x3c</size>
         <input_file_ref idref="fl-4"/>
      </object_component>
      <object_component id="oc-36">
         <name>.bss</name>
         <uninitialized>true</uninitialized>
         <run_address>0x428</run_address>
         <size>0x9</size>
         <input_file_ref idref="fl-5"/>
      </object_component>
      <object_component id="oc-3e">
         <name>.bss</name>
         <uninitialized>true</uninitialized>
         <run_address>0x432</run_address>
         <size>0x8</size>
         <input_file_ref idref="fl-6"/>
      </object_component>
      <object_component id="oc-46">
         <name>.bss</name>
         <uninitialized>true</uninitialized>
         <run_address>0x441</run_address>
         <size>0x1</size>
         <input_file_ref idref="fl-7"/>
      </object_component>
      <object_component id="oc-4d">
         <name>.bss</name>
         <uninitialized>true</uninitialized>
         <run_address>0x200</run_address>
         <size>0xc0</size>
         <input_file_ref idref="fl-8"/>
      </object_component>
      <object_component id="oc-53">
         <name>.bss</name>
         <uninitialized>true</uninitialized>
         <run_address>0x3f8</run_address>
         <size>0x26</size>
         <input_file_ref idref="fl-9"/>
      </object_component>
      <object_component id="oc-5f">
         <name>.bss</name>
         <uninitialized>true</uninitialized>
         <run_address>0x453</run_address>
         <size>0x1</size>
         <input_file_ref idref="fl-b"/>
      </object_component>
      <object_component id="oc-66">
         <name>.bss</name>
         <uninitialized>true</uninitialized>
         <run_address>0x450</run_address>
         <size>0x3</size>
         <input_file_ref idref="fl-c"/>
      </object_component>
      <object_component id="oc-6d">
         <name>.bss</name>
         <uninitialized>true</uninitialized>
         <run_address>0x41e</run_address>
         <size>0xa</size>
         <input_file_ref idref="fl-d"/>
      </object_component>
      <object_component id="oc-74">
         <name>.bss</name>
         <uninitialized>true</uninitialized>
         <run_address>0x43a</run_address>
         <size>0x7</size>
         <input_file_ref idref="fl-e"/>
      </object_component>
      <object_component id="oc-85">
         <name>.bss</name>
         <uninitialized>true</uninitialized>
         <run_address>0x44c</run_address>
         <size>0x4</size>
         <input_file_ref idref="fl-15"/>
      </object_component>
      <object_component id="oc-e7">
         <name>.bss</name>
         <uninitialized>true</uninitialized>
         <run_address>0x2c0</run_address>
         <size>0x68</size>
         <input_file_ref idref="fl-28"/>
      </object_component>
      <object_component id="oc-eb">
         <name>.bss</name>
         <uninitialized>true</uninitialized>
         <run_address>0x448</run_address>
         <size>0x4</size>
         <input_file_ref idref="fl-29"/>
      </object_component>
      <object_component id="oc-11e">
         <name>.bss</name>
         <uninitialized>true</uninitialized>
         <run_address>0x454</run_address>
         <size>0x2</size>
         <input_file_ref idref="fl-33"/>
      </object_component>
      <object_component id="oc-122">
         <name>.bss</name>
         <uninitialized>true</uninitialized>
         <run_address>0x442</run_address>
         <size>0x6</size>
         <input_file_ref idref="fl-34"/>
      </object_component>
      <object_component id="oc-133">
         <name>.bss</name>
         <uninitialized>true</uninitialized>
         <run_address>0x328</run_address>
         <size>0x58</size>
         <input_file_ref idref="fl-37"/>
      </object_component>
      <object_component id="oc-87">
         <name>.stack</name>
         <uninitialized>true</uninitialized>
         <run_address>0x5b0</run_address>
         <size>0x2</size>
         <input_file_ref idref="fl-15"/>
      </object_component>
      <object_component id="oc-1d5">
         <name>.stack</name>
         <uninitialized>true</uninitialized>
         <run_address>0x5b0</run_address>
         <size>0x0</size>
      </object_component>
      <object_component id="oc-166">
         <name>.text:_FSin</name>
         <load_address>0x8000</load_address>
         <run_address>0x8000</run_address>
         <size>0x21a</size>
         <input_file_ref idref="fl-27"/>
      </object_component>
      <object_component id="oc-190">
         <name>.text:fmodf</name>
         <load_address>0x821a</load_address>
         <run_address>0x821a</run_address>
         <size>0x1c4</size>
         <input_file_ref idref="fl-2c"/>
      </object_component>
      <object_component id="oc-159">
         <name>.text:MRFI_Init</name>
         <load_address>0x83de</load_address>
         <run_address>0x83de</run_address>
         <size>0x1bc</size>
         <input_file_ref idref="fl-4"/>
      </object_component>
      <object_component id="oc-1ab">
         <name>.text:smpl_send_link_reply</name>
         <load_address>0x859a</load_address>
         <run_address>0x859a</run_address>
         <size>0x174</size>
         <input_file_ref idref="fl-d"/>
      </object_component>
      <object_component id="oc-197">
         <name>.text:MRFI_Transmit</name>
         <load_address>0x870e</load_address>
         <run_address>0x870e</run_address>
         <size>0x162</size>
         <input_file_ref idref="fl-4"/>
      </object_component>
      <object_component id="oc-160">
         <name>.text:nwk_link</name>
         <load_address>0x8870</load_address>
         <run_address>0x8870</run_address>
         <size>0x156</size>
         <input_file_ref idref="fl-d"/>
      </object_component>
      <object_component id="oc-a5">
         <name>.text</name>
         <load_address>0x89c6</load_address>
         <run_address>0x89c6</run_address>
         <size>0x130</size>
         <input_file_ref idref="fl-1b"/>
      </object_component>
      <object_component id="oc-13d">
         <name>.text:main</name>
         <load_address>0x8af6</load_address>
         <run_address>0x8af6</run_address>
         <size>0x126</size>
         <input_file_ref idref="fl-2"/>
      </object_component>
      <object_component id="oc-19d">
         <name>.text:_FDscale</name>
         <load_address>0x8c1c</load_address>
         <run_address>0x8c1c</run_address>
         <size>0x122</size>
         <input_file_ref idref="fl-31"/>
      </object_component>
      <object_component id="oc-18d">
         <name>.text:nwk_QfindOldest</name>
         <load_address>0x8d3e</load_address>
         <run_address>0x8d3e</run_address>
         <size>0x110</size>
         <input_file_ref idref="fl-8"/>
      </object_component>
      <object_component id="oc-15f">
         <name>.text:nwk_join</name>
         <load_address>0x8e4e</load_address>
         <run_address>0x8e4e</run_address>
         <size>0xfc</size>
         <input_file_ref idref="fl-e"/>
      </object_component>
      <object_component id="oc-18a">
         <name>.text:nwk_allocateLocalRxPort</name>
         <load_address>0x8f4a</load_address>
         <run_address>0x8f4a</run_address>
         <size>0xea</size>
         <input_file_ref idref="fl-9"/>
      </object_component>
      <object_component id="oc-14f">
         <name>.text:Mrfi_SyncPinRxIsr</name>
         <load_address>0x9034</load_address>
         <run_address>0x9034</run_address>
         <size>0xe2</size>
         <input_file_ref idref="fl-4"/>
      </object_component>
      <object_component id="oc-b9">
         <name>.text</name>
         <load_address>0x9116</load_address>
         <run_address>0x9116</run_address>
         <size>0xc2</size>
         <input_file_ref idref="fl-1f"/>
      </object_component>
      <object_component id="oc-14b">
         <name>.text:processMessage</name>
         <load_address>0x91d8</load_address>
         <run_address>0x91d8</run_address>
         <size>0xbe</size>
         <input_file_ref idref="fl-2"/>
      </object_component>
      <object_component id="oc-163">
         <name>.text:nwk_retrieveFrame</name>
         <load_address>0x9296</load_address>
         <run_address>0x9296</run_address>
         <size>0xb6</size>
         <input_file_ref idref="fl-6"/>
      </object_component>
      <object_component id="oc-13f">
         <name>.text:TIMERA0_ISR</name>
         <load_address>0x934c</load_address>
         <run_address>0x934c</run_address>
         <size>0xb2</size>
         <input_file_ref idref="fl-2"/>
      </object_component>
      <object_component id="oc-196">
         <name>.text:dispatchFrame</name>
         <load_address>0x93fe</load_address>
         <run_address>0x93fe</run_address>
         <size>0x9c</size>
         <input_file_ref idref="fl-6"/>
      </object_component>
      <object_component id="oc-16e">
         <name>.text:nwk_buildFrame</name>
         <load_address>0x949a</load_address>
         <run_address>0x949a</run_address>
         <size>0x9a</size>
         <input_file_ref idref="fl-6"/>
      </object_component>
      <object_component id="oc-af">
         <name>.text</name>
         <load_address>0x9534</load_address>
         <run_address>0x9534</run_address>
         <size>0x9a</size>
         <input_file_ref idref="fl-1d"/>
      </object_component>
      <object_component id="oc-145">
         <name>.text:SMPL_Ioctl</name>
         <load_address>0x95ce</load_address>
         <run_address>0x95ce</run_address>
         <size>0x98</size>
         <input_file_ref idref="fl-7"/>
      </object_component>
      <object_component id="oc-19c">
         <name>.text:_FDnorm</name>
         <load_address>0x9666</load_address>
         <run_address>0x9666</run_address>
         <size>0x94</size>
         <input_file_ref idref="fl-30"/>
      </object_component>
      <object_component id="oc-15a">
         <name>.text:nwk_nwkInit</name>
         <load_address>0x96fa</load_address>
         <run_address>0x96fa</run_address>
         <size>0x8a</size>
         <input_file_ref idref="fl-9"/>
      </object_component>
      <object_component id="oc-168">
         <name>.text:spiBurstFifoAccess</name>
         <load_address>0x9784</load_address>
         <run_address>0x9784</run_address>
         <size>0x84</size>
         <input_file_ref idref="fl-4"/>
      </object_component>
      <object_component id="oc-189">
         <name>.text:nwk_getNextConnection</name>
         <load_address>0x9808</load_address>
         <run_address>0x9808</run_address>
         <size>0x82</size>
         <input_file_ref idref="fl-9"/>
      </object_component>
      <object_component id="oc-194">
         <name>.text:nwk_QfindSlot</name>
         <load_address>0x988a</load_address>
         <run_address>0x988a</run_address>
         <size>0x80</size>
         <input_file_ref idref="fl-8"/>
      </object_component>
      <object_component id="oc-10a">
         <name>.text</name>
         <load_address>0x990a</load_address>
         <run_address>0x990a</run_address>
         <size>0x7e</size>
         <input_file_ref idref="fl-2f"/>
      </object_component>
      <object_component id="oc-158">
         <name>.text:nwk_radioControl</name>
         <load_address>0x9988</load_address>
         <run_address>0x9988</run_address>
         <size>0x7a</size>
         <input_file_ref idref="fl-f"/>
      </object_component>
      <object_component id="oc-164">
         <name>.text:SMPL_SendOpt</name>
         <load_address>0x9a02</load_address>
         <run_address>0x9a02</run_address>
         <size>0x78</size>
         <input_file_ref idref="fl-7"/>
      </object_component>
      <object_component id="oc-1a0">
         <name>.text:nwk_isConnectionValid</name>
         <load_address>0x9a7a</load_address>
         <run_address>0x9a7a</run_address>
         <size>0x6e</size>
         <input_file_ref idref="fl-9"/>
      </object_component>
      <object_component id="oc-1a2">
         <name>.text:nwk_processPing</name>
         <load_address>0x9ae8</load_address>
         <run_address>0x9ae8</run_address>
         <size>0x68</size>
         <input_file_ref idref="fl-b"/>
      </object_component>
      <object_component id="oc-be">
         <name>.text</name>
         <load_address>0x9b50</load_address>
         <run_address>0x9b50</run_address>
         <size>0x68</size>
         <input_file_ref idref="fl-20"/>
      </object_component>
      <object_component id="oc-178">
         <name>.text:MRFI_SetRFPwr</name>
         <load_address>0x9bb8</load_address>
         <run_address>0x9bb8</run_address>
         <size>0x66</size>
         <input_file_ref idref="fl-4"/>
      </object_component>
      <object_component id="oc-177">
         <name>.text:MRFI_SetLogicalChannel</name>
         <load_address>0x9c1e</load_address>
         <run_address>0x9c1e</run_address>
         <size>0x64</size>
         <input_file_ref idref="fl-4"/>
      </object_component>
      <object_component id="oc-186">
         <name>.text:MRFI_ReplyDelay</name>
         <load_address>0x9c82</load_address>
         <run_address>0x9c82</run_address>
         <size>0x5c</size>
         <input_file_ref idref="fl-4"/>
      </object_component>
      <object_component id="oc-155">
         <name>.text:nwk_rawSend</name>
         <load_address>0x9cde</load_address>
         <run_address>0x9cde</run_address>
         <size>0x56</size>
         <input_file_ref idref="fl-f"/>
      </object_component>
      <object_component id="oc-15b">
         <name>.text:MRFI_WakeUp</name>
         <load_address>0x9d34</load_address>
         <run_address>0x9d34</run_address>
         <size>0x54</size>
         <input_file_ref idref="fl-4"/>
      </object_component>
      <object_component id="oc-14a">
         <name>.text:SMPL_Receive</name>
         <load_address>0x9d88</load_address>
         <run_address>0x9d88</run_address>
         <size>0x4c</size>
         <input_file_ref idref="fl-7"/>
      </object_component>
      <object_component id="oc-1ad">
         <name>.text:nwk_isLinkDuplicate</name>
         <load_address>0x9dd4</load_address>
         <run_address>0x9dd4</run_address>
         <size>0x4c</size>
         <input_file_ref idref="fl-9"/>
      </object_component>
      <object_component id="oc-c3">
         <name>.text</name>
         <load_address>0x9e20</load_address>
         <run_address>0x9e20</run_address>
         <size>0x4c</size>
         <input_file_ref idref="fl-21"/>
      </object_component>
      <object_component id="oc-1aa">
         <name>.text:nwk_isValidReply</name>
         <load_address>0x9e6c</load_address>
         <run_address>0x9e6c</run_address>
         <size>0x4a</size>
         <input_file_ref idref="fl-9"/>
      </object_component>
      <object_component id="oc-aa">
         <name>.text</name>
         <load_address>0x9eb6</load_address>
         <run_address>0x9eb6</run_address>
         <size>0x4a</size>
         <input_file_ref idref="fl-1c"/>
      </object_component>
      <object_component id="oc-100">
         <name>.text</name>
         <load_address>0x9f00</load_address>
         <run_address>0x9f00</run_address>
         <size>0x4a</size>
         <input_file_ref idref="fl-2d"/>
      </object_component>
      <object_component id="oc-173">
         <name>.text:MRFI_Rssi</name>
         <load_address>0x9f4a</load_address>
         <run_address>0x9f4a</run_address>
         <size>0x48</size>
         <input_file_ref idref="fl-4"/>
      </object_component>
      <object_component id="oc-13c">
         <name>.text:_auto_init</name>
         <load_address>0x9f92</load_address>
         <run_address>0x9f92</run_address>
         <size>0x48</size>
         <input_file_ref idref="fl-2b"/>
      </object_component>
      <object_component id="oc-171">
         <name>.text:MRFI_RxIdle</name>
         <load_address>0x9fda</load_address>
         <run_address>0x9fda</run_address>
         <size>0x46</size>
         <input_file_ref idref="fl-4"/>
      </object_component>
      <object_component id="oc-16c">
         <name>.text:mrfiSpiCmdStrobe</name>
         <load_address>0xa020</load_address>
         <run_address>0xa020</run_address>
         <size>0x46</size>
         <input_file_ref idref="fl-4"/>
      </object_component>
      <object_component id="oc-1a7">
         <name>.text:nwk_processMgmt</name>
         <load_address>0xa066</load_address>
         <run_address>0xa066</run_address>
         <size>0x44</size>
         <input_file_ref idref="fl-c"/>
      </object_component>
      <object_component id="oc-167">
         <name>.text:spiRegAccess</name>
         <load_address>0xa0aa</load_address>
         <run_address>0xa0aa</run_address>
         <size>0x42</size>
         <input_file_ref idref="fl-4"/>
      </object_component>
      <object_component id="oc-169">
         <name>.text:MRFI_RxAddrIsFiltered</name>
         <load_address>0xa0ec</load_address>
         <run_address>0xa0ec</run_address>
         <size>0x3e</size>
         <input_file_ref idref="fl-4"/>
      </object_component>
      <object_component id="oc-16a">
         <name>.text:Mrfi_CalculateRssi</name>
         <load_address>0xa12a</load_address>
         <run_address>0xa12a</run_address>
         <size>0x3c</size>
         <input_file_ref idref="fl-4"/>
      </object_component>
      <object_component id="oc-1a3">
         <name>.text:nwk_processLink</name>
         <load_address>0xa166</load_address>
         <run_address>0xa166</run_address>
         <size>0x3c</size>
         <input_file_ref idref="fl-d"/>
      </object_component>
      <object_component id="oc-185">
         <name>.text:nwk_putNumObjectIntoMsg</name>
         <load_address>0xa1a2</load_address>
         <run_address>0xa1a2</run_address>
         <size>0x38</size>
         <input_file_ref idref="fl-9"/>
      </object_component>
      <object_component id="oc-1a9">
         <name>.text:signal</name>
         <load_address>0xa1da</load_address>
         <run_address>0xa1da</run_address>
         <size>0x38</size>
         <input_file_ref idref="fl-37"/>
      </object_component>
      <object_component id="oc-154">
         <name>.text:nwk_deviceAddress</name>
         <load_address>0xa212</load_address>
         <run_address>0xa212</run_address>
         <size>0x36</size>
         <input_file_ref idref="fl-f"/>
      </object_component>
      <object_component id="oc-180">
         <name>.text:nwk_linkInit</name>
         <load_address>0xa248</load_address>
         <run_address>0xa248</run_address>
         <size>0x36</size>
         <input_file_ref idref="fl-d"/>
      </object_component>
      <object_component id="oc-b4">
         <name>.text</name>
         <load_address>0xa27e</load_address>
         <run_address>0xa27e</run_address>
         <size>0x36</size>
         <input_file_ref idref="fl-1e"/>
      </object_component>
      <object_component id="oc-147">
         <name>.text:SMPL_Init</name>
         <load_address>0xa2b4</load_address>
         <run_address>0xa2b4</run_address>
         <size>0x34</size>
         <input_file_ref idref="fl-7"/>
      </object_component>
      <object_component id="oc-175">
         <name>.text:mrfiSpiInit</name>
         <load_address>0xa2e8</load_address>
         <run_address>0xa2e8</run_address>
         <size>0x34</size>
         <input_file_ref idref="fl-4"/>
      </object_component>
      <object_component id="oc-174">
         <name>.text:MRFI_RxOn</name>
         <load_address>0xa31c</load_address>
         <run_address>0xa31c</run_address>
         <size>0x32</size>
         <input_file_ref idref="fl-4"/>
      </object_component>
      <object_component id="oc-193">
         <name>.text:_Feraise</name>
         <load_address>0xa34e</load_address>
         <run_address>0xa34e</run_address>
         <size>0x32</size>
         <input_file_ref idref="fl-32"/>
      </object_component>
      <object_component id="oc-1a1">
         <name>.text:raise</name>
         <load_address>0xa380</load_address>
         <run_address>0xa380</run_address>
         <size>0x32</size>
         <input_file_ref idref="fl-36"/>
      </object_component>
      <object_component id="oc-140">
         <name>.text:BSP_GpioPort1Isr</name>
         <load_address>0xa3b2</load_address>
         <run_address>0xa3b2</run_address>
         <size>0x30</size>
         <input_file_ref idref="fl-4"/>
      </object_component>
      <object_component id="oc-156">
         <name>.text:nwk_rawReceive</name>
         <load_address>0xa3e2</load_address>
         <run_address>0xa3e2</run_address>
         <size>0x30</size>
         <input_file_ref idref="fl-f"/>
      </object_component>
      <object_component id="oc-16f">
         <name>.text:nwk_sendFrame</name>
         <load_address>0xa412</load_address>
         <run_address>0xa412</run_address>
         <size>0x30</size>
         <input_file_ref idref="fl-6"/>
      </object_component>
      <object_component id="oc-19e">
         <name>.text:feraiseexcept</name>
         <load_address>0xa442</load_address>
         <run_address>0xa442</run_address>
         <size>0x2e</size>
         <input_file_ref idref="fl-34"/>
      </object_component>
      <object_component id="oc-18e">
         <name>.text:nwk_QadjustOrder</name>
         <load_address>0xa470</load_address>
         <run_address>0xa470</run_address>
         <size>0x2c</size>
         <input_file_ref idref="fl-8"/>
      </object_component>
      <object_component id="oc-161">
         <name>.text:nwk_getConnInfo</name>
         <load_address>0xa49c</load_address>
         <run_address>0xa49c</run_address>
         <size>0x2c</size>
         <input_file_ref idref="fl-9"/>
      </object_component>
      <object_component id="oc-129">
         <name>.text</name>
         <load_address>0xa4c8</load_address>
         <run_address>0xa4c8</run_address>
         <size>0x2c</size>
         <input_file_ref idref="fl-35"/>
      </object_component>
      <object_component id="oc-15d">
         <name>.text:MRFI_SetRxAddrFilter</name>
         <load_address>0xa4f4</load_address>
         <run_address>0xa4f4</run_address>
         <size>0x2a</size>
         <input_file_ref idref="fl-4"/>
      </object_component>
      <object_component id="oc-165">
         <name>.text:Mrfi_DelayUsec</name>
         <load_address>0xa51e</load_address>
         <run_address>0xa51e</run_address>
         <size>0x2a</size>
         <input_file_ref idref="fl-4"/>
      </object_component>
      <object_component id="oc-18c">
         <name>.text:map_lid2idx</name>
         <load_address>0xa548</load_address>
         <run_address>0xa548</run_address>
         <size>0x2a</size>
         <input_file_ref idref="fl-9"/>
      </object_component>
      <object_component id="oc-179">
         <name>.text:nwk_globalsInit</name>
         <load_address>0xa572</load_address>
         <run_address>0xa572</run_address>
         <size>0x2a</size>
         <input_file_ref idref="fl-5"/>
      </object_component>
      <object_component id="oc-144">
         <name>.text:InitTimer</name>
         <load_address>0xa59c</load_address>
         <run_address>0xa59c</run_address>
         <size>0x28</size>
         <input_file_ref idref="fl-2"/>
      </object_component>
      <object_component id="oc-1e">
         <name>.text:_c_int00_noexit</name>
         <load_address>0xa5c4</load_address>
         <run_address>0xa5c4</run_address>
         <size>0x26</size>
         <input_file_ref idref="fl-15"/>
      </object_component>
      <object_component id="oc-17b">
         <name>.text:nwk_QInit</name>
         <load_address>0xa5ea</load_address>
         <run_address>0xa5ea</run_address>
         <size>0x26</size>
         <input_file_ref idref="fl-8"/>
      </object_component>
      <object_component id="oc-162">
         <name>.text:nwk_checkConnInfo</name>
         <load_address>0xa610</load_address>
         <run_address>0xa610</run_address>
         <size>0x26</size>
         <input_file_ref idref="fl-9"/>
      </object_component>
      <object_component id="oc-17e">
         <name>.text:nwk_joinInit</name>
         <load_address>0xa636</load_address>
         <run_address>0xa636</run_address>
         <size>0x26</size>
         <input_file_ref idref="fl-e"/>
      </object_component>
      <object_component id="oc-143">
         <name>.text:BSP_Init</name>
         <load_address>0xa65c</load_address>
         <run_address>0xa65c</run_address>
         <size>0x20</size>
         <input_file_ref idref="fl-3"/>
      </object_component>
      <object_component id="oc-150">
         <name>.text:BSP_InitBoard</name>
         <load_address>0xa67c</load_address>
         <run_address>0xa67c</run_address>
         <size>0x20</size>
         <input_file_ref idref="fl-3"/>
      </object_component>
      <object_component id="oc-16b">
         <name>.text:MRFI_RxCompleteISR</name>
         <load_address>0xa69c</load_address>
         <run_address>0xa69c</run_address>
         <size>0x20</size>
         <input_file_ref idref="fl-6"/>
      </object_component>
      <object_component id="oc-172">
         <name>.text:MRFI_Sleep</name>
         <load_address>0xa6bc</load_address>
         <run_address>0xa6bc</run_address>
         <size>0x20</size>
         <input_file_ref idref="fl-4"/>
      </object_component>
      <object_component id="oc-19b">
         <name>.text:memmove</name>
         <load_address>0xa6dc</load_address>
         <run_address>0xa6dc</run_address>
         <size>0x20</size>
         <input_file_ref idref="fl-23"/>
      </object_component>
      <object_component id="oc-157">
         <name>.text:nwk_connectionControl</name>
         <load_address>0xa6fc</load_address>
         <run_address>0xa6fc</run_address>
         <size>0x20</size>
         <input_file_ref idref="fl-f"/>
      </object_component>
      <object_component id="oc-18f">
         <name>.text:BSP_Delay</name>
         <load_address>0xa71c</load_address>
         <run_address>0xa71c</run_address>
         <size>0x1e</size>
         <input_file_ref idref="fl-3"/>
      </object_component>
      <object_component id="oc-15e">
         <name>.text:MRFI_EnableRxAddrFilter</name>
         <load_address>0xa73a</load_address>
         <run_address>0xa73a</run_address>
         <size>0x1e</size>
         <input_file_ref idref="fl-4"/>
      </object_component>
      <object_component id="oc-17a">
         <name>.text:nwk_frameInit</name>
         <load_address>0xa758</load_address>
         <run_address>0xa758</run_address>
         <size>0x1e</size>
         <input_file_ref idref="fl-6"/>
      </object_component>
      <object_component id="oc-16d">
         <name>.text:nwk_setMyAddress</name>
         <load_address>0xa776</load_address>
         <run_address>0xa776</run_address>
         <size>0x1e</size>
         <input_file_ref idref="fl-5"/>
      </object_component>
      <object_component id="oc-146">
         <name>.text:sCB</name>
         <load_address>0xa794</load_address>
         <run_address>0xa794</run_address>
         <size>0x1e</size>
         <input_file_ref idref="fl-2"/>
      </object_component>
      <object_component id="oc-1a4">
         <name>.text:nwk_processJoin</name>
         <load_address>0xa7b2</load_address>
         <run_address>0xa7b2</run_address>
         <size>0x1c</size>
         <input_file_ref idref="fl-e"/>
      </object_component>
      <object_component id="oc-151">
         <name>.text:BSP_InitDrivers</name>
         <load_address>0xa7ce</load_address>
         <run_address>0xa7ce</run_address>
         <size>0x1a</size>
         <input_file_ref idref="fl-3"/>
      </object_component>
      <object_component id="oc-14d">
         <name>.text:MRFI_DelayMs</name>
         <load_address>0xa7e8</load_address>
         <run_address>0xa7e8</run_address>
         <size>0x18</size>
         <input_file_ref idref="fl-4"/>
      </object_component>
      <object_component id="oc-19a">
         <name>.text:MRFI_RandomByte</name>
         <load_address>0xa800</load_address>
         <run_address>0xa800</run_address>
         <size>0x16</size>
         <input_file_ref idref="fl-4"/>
      </object_component>
      <object_component id="oc-d7">
         <name>.text</name>
         <load_address>0xa816</load_address>
         <run_address>0xa816</run_address>
         <size>0x14</size>
         <input_file_ref idref="fl-25"/>
      </object_component>
      <object_component id="oc-148">
         <name>.text:toggleLED</name>
         <load_address>0xa82a</load_address>
         <run_address>0xa82a</run_address>
         <size>0x14</size>
         <input_file_ref idref="fl-2"/>
      </object_component>
      <object_component id="oc-141">
         <name>.text:memcpy</name>
         <load_address>0xa83e</load_address>
         <run_address>0xa83e</run_address>
         <size>0x12</size>
         <input_file_ref idref="fl-22"/>
      </object_component>
      <object_component id="oc-15c">
         <name>.text:nwk_getMyAddress</name>
         <load_address>0xa850</load_address>
         <run_address>0xa850</run_address>
         <size>0x12</size>
         <input_file_ref idref="fl-5"/>
      </object_component>
      <object_component id="oc-187">
         <name>.text:nwk_setLinkToken</name>
         <load_address>0xa862</load_address>
         <run_address>0xa862</run_address>
         <size>0x12</size>
         <input_file_ref idref="fl-d"/>
      </object_component>
      <object_component id="oc-142">
         <name>.text</name>
         <load_address>0xa874</load_address>
         <run_address>0xa874</run_address>
         <size>0x10</size>
         <input_file_ref idref="fl-19"/>
      </object_component>
      <object_component id="oc-1a8">
         <name>.text:MRFI_PostKillSem</name>
         <load_address>0xa884</load_address>
         <run_address>0xa884</run_address>
         <size>0xc</size>
         <input_file_ref idref="fl-4"/>
      </object_component>
      <object_component id="oc-195">
         <name>.text:MRFI_Receive</name>
         <load_address>0xa890</load_address>
         <run_address>0xa890</run_address>
         <size>0xc</size>
         <input_file_ref idref="fl-4"/>
      </object_component>
      <object_component id="oc-1ac">
         <name>.text:nwk_getNumObjectFromMsg</name>
         <load_address>0xa89c</load_address>
         <run_address>0xa89c</run_address>
         <size>0xc</size>
         <input_file_ref idref="fl-9"/>
      </object_component>
      <object_component id="oc-188">
         <name>.text:nwk_setAPAddress</name>
         <load_address>0xa8a8</load_address>
         <run_address>0xa8a8</run_address>
         <size>0xc</size>
         <input_file_ref idref="fl-5"/>
      </object_component>
      <object_component id="oc-13b">
         <name>.text:_system_pre_init</name>
         <load_address>0xa8b4</load_address>
         <run_address>0xa8b4</run_address>
         <size>0xa</size>
         <input_file_ref idref="fl-3"/>
      </object_component>
      <object_component id="oc-17f">
         <name>.text:nwk_mgmtInit</name>
         <load_address>0xa8be</load_address>
         <run_address>0xa8be</run_address>
         <size>0xa</size>
         <input_file_ref idref="fl-c"/>
      </object_component>
      <object_component id="oc-17d">
         <name>.text:nwk_pingInit</name>
         <load_address>0xa8c8</load_address>
         <run_address>0xa8c8</run_address>
         <size>0xa</size>
         <input_file_ref idref="fl-b"/>
      </object_component>
      <object_component id="oc-105">
         <name>.text</name>
         <load_address>0xa8d2</load_address>
         <run_address>0xa8d2</run_address>
         <size>0xa</size>
         <input_file_ref idref="fl-2e"/>
      </object_component>
      <object_component id="oc-184">
         <name>.text:MRFI_GetRadioState</name>
         <load_address>0xa8dc</load_address>
         <run_address>0xa8dc</run_address>
         <size>0x6</size>
         <input_file_ref idref="fl-4"/>
      </object_component>
      <object_component id="oc-14c">
         <name>.text:SMPL_Send</name>
         <load_address>0xa8e2</load_address>
         <run_address>0xa8e2</run_address>
         <size>0x6</size>
         <input_file_ref idref="fl-7"/>
      </object_component>
      <object_component id="oc-170">
         <name>.text:nwk_freeConnection</name>
         <load_address>0xa8e8</load_address>
         <run_address>0xa8e8</run_address>
         <size>0x6</size>
         <input_file_ref idref="fl-9"/>
      </object_component>
      <object_component id="oc-182">
         <name>.text:nwk_getBCastAddress</name>
         <load_address>0xa8ee</load_address>
         <run_address>0xa8ee</run_address>
         <size>0x6</size>
         <input_file_ref idref="fl-5"/>
      </object_component>
      <object_component id="oc-153">
         <name>.text:nwk_getFWVersion</name>
         <load_address>0xa8f4</load_address>
         <run_address>0xa8f4</run_address>
         <size>0x6</size>
         <input_file_ref idref="fl-5"/>
      </object_component>
      <object_component id="oc-14e">
         <name>.text:sinf</name>
         <load_address>0xa8fa</load_address>
         <run_address>0xa8fa</run_address>
         <size>0x6</size>
         <input_file_ref idref="fl-26"/>
      </object_component>
      <object_component id="oc-149">
         <name>.text:SMPL_Link</name>
         <load_address>0xa900</load_address>
         <run_address>0xa900</run_address>
         <size>0x4</size>
         <input_file_ref idref="fl-7"/>
      </object_component>
      <object_component id="oc-13e">
         <name>.text:abort</name>
         <load_address>0xa904</load_address>
         <run_address>0xa904</run_address>
         <size>0x4</size>
         <input_file_ref idref="fl-1a"/>
      </object_component>
      <object_component id="oc-18b">
         <name>.text:nwk_getMyRxType</name>
         <load_address>0xa908</load_address>
         <run_address>0xa908</run_address>
         <size>0x4</size>
         <input_file_ref idref="fl-6"/>
      </object_component>
      <object_component id="oc-152">
         <name>.text:nwk_getProtocolVersion</name>
         <load_address>0xa90c</load_address>
         <run_address>0xa90c</run_address>
         <size>0x4</size>
         <input_file_ref idref="fl-5"/>
      </object_component>
      <object_component id="oc-1a6">
         <name>.text:nwk_processFreq</name>
         <load_address>0xa910</load_address>
         <run_address>0xa910</run_address>
         <size>0x4</size>
         <input_file_ref idref="fl-10"/>
      </object_component>
      <object_component id="oc-1a5">
         <name>.text:nwk_processSecurity</name>
         <load_address>0xa914</load_address>
         <run_address>0xa914</run_address>
         <size>0x4</size>
         <input_file_ref idref="fl-a"/>
      </object_component>
      <object_component id="oc-13a">
         <name>.text:_nop</name>
         <load_address>0xa918</load_address>
         <run_address>0xa918</run_address>
         <size>0x2</size>
         <input_file_ref idref="fl-29"/>
      </object_component>
      <object_component id="oc-17c">
         <name>.text:nwk_freqInit</name>
         <load_address>0xa91a</load_address>
         <run_address>0xa91a</run_address>
         <size>0x2</size>
         <input_file_ref idref="fl-10"/>
      </object_component>
      <object_component id="oc-181">
         <name>.text:nwk_securityInit</name>
         <load_address>0xa91c</load_address>
         <run_address>0xa91c</run_address>
         <size>0x2</size>
         <input_file_ref idref="fl-a"/>
      </object_component>
      <object_component id="oc-e9">
         <name>.cinit</name>
         <load_address>0xa91e</load_address>
         <run_address>0xa91e</run_address>
         <size>0x40</size>
         <input_file_ref idref="fl-28"/>
      </object_component>
      <object_component id="oc-22">
         <name>.cinit</name>
         <load_address>0xa95e</load_address>
         <run_address>0xa95e</run_address>
         <size>0x36</size>
         <input_file_ref idref="fl-2"/>
      </object_component>
      <object_component id="oc-31">
         <name>.cinit</name>
         <load_address>0xa994</load_address>
         <run_address>0xa994</run_address>
         <size>0x2f</size>
         <input_file_ref idref="fl-4"/>
      </object_component>
      <object_component id="oc-6f">
         <name>.cinit</name>
         <load_address>0xa9c4</load_address>
         <run_address>0xa9c4</run_address>
         <size>0x19</size>
         <input_file_ref idref="fl-d"/>
      </object_component>
      <object_component id="oc-40">
         <name>.cinit</name>
         <load_address>0xa9de</load_address>
         <run_address>0xa9de</run_address>
         <size>0x18</size>
         <input_file_ref idref="fl-6"/>
      </object_component>
      <object_component id="oc-76">
         <name>.cinit</name>
         <load_address>0xa9f6</load_address>
         <run_address>0xa9f6</run_address>
         <size>0x13</size>
         <input_file_ref idref="fl-e"/>
      </object_component>
      <object_component id="oc-124">
         <name>.cinit</name>
         <load_address>0xaa0a</load_address>
         <run_address>0xaa0a</run_address>
         <size>0xe</size>
         <input_file_ref idref="fl-34"/>
      </object_component>
      <object_component id="oc-68">
         <name>.cinit</name>
         <load_address>0xaa18</load_address>
         <run_address>0xaa18</run_address>
         <size>0xb</size>
         <input_file_ref idref="fl-c"/>
      </object_component>
      <object_component id="oc-120">
         <name>.cinit</name>
         <load_address>0xaa24</load_address>
         <run_address>0xaa24</run_address>
         <size>0x6</size>
         <input_file_ref idref="fl-33"/>
      </object_component>
      <object_component id="oc-135">
         <name>.cinit</name>
         <load_address>0xaa2a</load_address>
         <run_address>0xaa2a</run_address>
         <size>0x6</size>
         <input_file_ref idref="fl-37"/>
      </object_component>
      <object_component id="oc-29">
         <name>.cinit</name>
         <load_address>0xaa30</load_address>
         <run_address>0xaa30</run_address>
         <size>0x5</size>
         <input_file_ref idref="fl-3"/>
      </object_component>
      <object_component id="oc-55">
         <name>.cinit</name>
         <load_address>0xaa36</load_address>
         <run_address>0xaa36</run_address>
         <size>0x5</size>
         <input_file_ref idref="fl-9"/>
      </object_component>
      <object_component id="oc-48">
         <name>.cinit</name>
         <load_address>0xaa3c</load_address>
         <run_address>0xaa3c</run_address>
         <size>0x5</size>
         <input_file_ref idref="fl-7"/>
      </object_component>
      <object_component id="oc-38">
         <name>.cinit</name>
         <load_address>0xaa42</load_address>
         <run_address>0xaa42</run_address>
         <size>0x5</size>
         <input_file_ref idref="fl-5"/>
      </object_component>
      <object_component id="oc-61">
         <name>.cinit</name>
         <load_address>0xaa48</load_address>
         <run_address>0xaa48</run_address>
         <size>0x5</size>
         <input_file_ref idref="fl-b"/>
      </object_component>
      <object_component id="oc-176">
         <name>.const:mrfiRadioCfg</name>
         <load_address>0xaa50</load_address>
         <run_address>0xaa50</run_address>
         <size>0x3c</size>
         <input_file_ref idref="fl-4"/>
      </object_component>
      <object_component id="oc-e2">
         <name>.const</name>
         <load_address>0xaa8c</load_address>
         <run_address>0xaa8c</run_address>
         <size>0x10</size>
         <input_file_ref idref="fl-27"/>
      </object_component>
      <object_component id="oc-192">
         <name>.const:c</name>
         <load_address>0xaa9c</load_address>
         <run_address>0xaa9c</run_address>
         <size>0xc</size>
         <input_file_ref idref="fl-27"/>
      </object_component>
      <object_component id="oc-19f">
         <name>.const:func</name>
         <load_address>0xaaa8</load_address>
         <run_address>0xaaa8</run_address>
         <size>0xc</size>
         <input_file_ref idref="fl-6"/>
      </object_component>
      <object_component id="oc-191">
         <name>.const:s</name>
         <load_address>0xaab4</load_address>
         <run_address>0xaab4</run_address>
         <size>0xc</size>
         <input_file_ref idref="fl-27"/>
      </object_component>
      <object_component id="oc-39">
         <name>.const</name>
         <load_address>0xaac0</load_address>
         <run_address>0xaac0</run_address>
         <size>0x9</size>
         <input_file_ref idref="fl-5"/>
      </object_component>
      <object_component id="oc-41">
         <name>.const</name>
         <load_address>0xaac9</load_address>
         <run_address>0xaac9</run_address>
         <size>0x1</size>
         <input_file_ref idref="fl-6"/>
      </object_component>
      <object_component id="oc-183">
         <name>.const:.string:mrfiBroadcastAddr</name>
         <load_address>0xaaca</load_address>
         <run_address>0xaaca</run_address>
         <size>0x4</size>
         <input_file_ref idref="fl-4"/>
      </object_component>
      <object_component id="oc-198">
         <name>.const:.string:mrfiLogicalChanTable</name>
         <load_address>0xaace</load_address>
         <run_address>0xaace</run_address>
         <size>0x4</size>
         <input_file_ref idref="fl-4"/>
      </object_component>
      <object_component id="oc-199">
         <name>.const:.string:mrfiRFPowerTable</name>
         <load_address>0xaad2</load_address>
         <run_address>0xaad2</run_address>
         <size>0x3</size>
         <input_file_ref idref="fl-4"/>
      </object_component>
      <object_component id="oc-30">
         <name>.int03</name>
         <load_address>0xffe6</load_address>
         <run_address>0xffe6</run_address>
         <size>0x2</size>
         <input_file_ref idref="fl-4"/>
      </object_component>
      <object_component id="oc-21">
         <name>.int09</name>
         <load_address>0xfff2</load_address>
         <run_address>0xfff2</run_address>
         <size>0x2</size>
         <input_file_ref idref="fl-2"/>
      </object_component>
      <object_component id="oc-88">
         <name>.reset</name>
         <load_address>0xfffe</load_address>
         <run_address>0xfffe</run_address>
         <size>0x2</size>
         <input_file_ref idref="fl-15"/>
      </object_component>
      <object_component id="oc-20">
         <name>.debug_info</name>
         <load_address>0x0</load_address>
         <run_address>0x0</run_address>
         <size>0x119a</size>
         <input_file_ref idref="fl-2"/>
      </object_component>
      <object_component id="oc-28">
         <name>.debug_info</name>
         <load_address>0x119a</load_address>
         <run_address>0x119a</run_address>
         <size>0xa67</size>
         <input_file_ref idref="fl-3"/>
      </object_component>
      <object_component id="oc-2f">
         <name>.debug_info</name>
         <load_address>0x1c01</load_address>
         <run_address>0x1c01</run_address>
         <size>0x366f</size>
         <input_file_ref idref="fl-4"/>
      </object_component>
      <object_component id="oc-37">
         <name>.debug_info</name>
         <load_address>0x5270</load_address>
         <run_address>0x5270</run_address>
         <size>0xe2c</size>
         <input_file_ref idref="fl-5"/>
      </object_component>
      <object_component id="oc-3f">
         <name>.debug_info</name>
         <load_address>0x609c</load_address>
         <run_address>0x609c</run_address>
         <size>0x1801</size>
         <input_file_ref idref="fl-6"/>
      </object_component>
      <object_component id="oc-47">
         <name>.debug_info</name>
         <load_address>0x789d</load_address>
         <run_address>0x789d</run_address>
         <size>0x1ba4</size>
         <input_file_ref idref="fl-7"/>
      </object_component>
      <object_component id="oc-4e">
         <name>.debug_info</name>
         <load_address>0x9441</load_address>
         <run_address>0x9441</run_address>
         <size>0xec5</size>
         <input_file_ref idref="fl-8"/>
      </object_component>
      <object_component id="oc-54">
         <name>.debug_info</name>
         <load_address>0xa306</load_address>
         <run_address>0xa306</run_address>
         <size>0x214d</size>
         <input_file_ref idref="fl-9"/>
      </object_component>
      <object_component id="oc-5a">
         <name>.debug_info</name>
         <load_address>0xc453</load_address>
         <run_address>0xc453</run_address>
         <size>0x625</size>
         <input_file_ref idref="fl-a"/>
      </object_component>
      <object_component id="oc-60">
         <name>.debug_info</name>
         <load_address>0xca78</load_address>
         <run_address>0xca78</run_address>
         <size>0xf80</size>
         <input_file_ref idref="fl-b"/>
      </object_component>
      <object_component id="oc-67">
         <name>.debug_info</name>
         <load_address>0xd9f8</load_address>
         <run_address>0xd9f8</run_address>
         <size>0xc78</size>
         <input_file_ref idref="fl-c"/>
      </object_component>
      <object_component id="oc-6e">
         <name>.debug_info</name>
         <load_address>0xe670</load_address>
         <run_address>0xe670</run_address>
         <size>0x1b3c</size>
         <input_file_ref idref="fl-d"/>
      </object_component>
      <object_component id="oc-75">
         <name>.debug_info</name>
         <load_address>0x101ac</load_address>
         <run_address>0x101ac</run_address>
         <size>0x11a0</size>
         <input_file_ref idref="fl-e"/>
      </object_component>
      <object_component id="oc-7b">
         <name>.debug_info</name>
         <load_address>0x1134c</load_address>
         <run_address>0x1134c</run_address>
         <size>0x157b</size>
         <input_file_ref idref="fl-f"/>
      </object_component>
      <object_component id="oc-80">
         <name>.debug_info</name>
         <load_address>0x128c7</load_address>
         <run_address>0x128c7</run_address>
         <size>0x605</size>
         <input_file_ref idref="fl-10"/>
      </object_component>
      <object_component id="oc-86">
         <name>.debug_info</name>
         <load_address>0x12ecc</load_address>
         <run_address>0x12ecc</run_address>
         <size>0x3d9</size>
         <input_file_ref idref="fl-15"/>
      </object_component>
      <object_component id="oc-8d">
         <name>.debug_info</name>
         <load_address>0x132a5</load_address>
         <run_address>0x132a5</run_address>
         <size>0x276</size>
         <input_file_ref idref="fl-16"/>
      </object_component>
      <object_component id="oc-92">
         <name>.debug_info</name>
         <load_address>0x1351b</load_address>
         <run_address>0x1351b</run_address>
         <size>0x21b</size>
         <input_file_ref idref="fl-17"/>
      </object_component>
      <object_component id="oc-97">
         <name>.debug_info</name>
         <load_address>0x13736</load_address>
         <run_address>0x13736</run_address>
         <size>0x231</size>
         <input_file_ref idref="fl-18"/>
      </object_component>
      <object_component id="oc-9c">
         <name>.debug_info</name>
         <load_address>0x13967</load_address>
         <run_address>0x13967</run_address>
         <size>0xc7</size>
         <input_file_ref idref="fl-19"/>
      </object_component>
      <object_component id="oc-a0">
         <name>.debug_info</name>
         <load_address>0x13a2e</load_address>
         <run_address>0x13a2e</run_address>
         <size>0x29b</size>
         <input_file_ref idref="fl-1a"/>
      </object_component>
      <object_component id="oc-a6">
         <name>.debug_info</name>
         <load_address>0x13cc9</load_address>
         <run_address>0x13cc9</run_address>
         <size>0xc2</size>
         <input_file_ref idref="fl-1b"/>
      </object_component>
      <object_component id="oc-ab">
         <name>.debug_info</name>
         <load_address>0x13d8b</load_address>
         <run_address>0x13d8b</run_address>
         <size>0xce</size>
         <input_file_ref idref="fl-1c"/>
      </object_component>
      <object_component id="oc-b0">
         <name>.debug_info</name>
         <load_address>0x13e59</load_address>
         <run_address>0x13e59</run_address>
         <size>0xc2</size>
         <input_file_ref idref="fl-1d"/>
      </object_component>
      <object_component id="oc-b5">
         <name>.debug_info</name>
         <load_address>0x13f1b</load_address>
         <run_address>0x13f1b</run_address>
         <size>0xcb</size>
         <input_file_ref idref="fl-1e"/>
      </object_component>
      <object_component id="oc-ba">
         <name>.debug_info</name>
         <load_address>0x13fe6</load_address>
         <run_address>0x13fe6</run_address>
         <size>0xc2</size>
         <input_file_ref idref="fl-1f"/>
      </object_component>
      <object_component id="oc-bf">
         <name>.debug_info</name>
         <load_address>0x140a8</load_address>
         <run_address>0x140a8</run_address>
         <size>0xd4</size>
         <input_file_ref idref="fl-20"/>
      </object_component>
      <object_component id="oc-c4">
         <name>.debug_info</name>
         <load_address>0x1417c</load_address>
         <run_address>0x1417c</run_address>
         <size>0xbb</size>
         <input_file_ref idref="fl-21"/>
      </object_component>
      <object_component id="oc-c8">
         <name>.debug_info</name>
         <load_address>0x14237</load_address>
         <run_address>0x14237</run_address>
         <size>0x2ba</size>
         <input_file_ref idref="fl-22"/>
      </object_component>
      <object_component id="oc-cd">
         <name>.debug_info</name>
         <load_address>0x144f1</load_address>
         <run_address>0x144f1</run_address>
         <size>0x2e7</size>
         <input_file_ref idref="fl-23"/>
      </object_component>
      <object_component id="oc-d2">
         <name>.debug_info</name>
         <load_address>0x147d8</load_address>
         <run_address>0x147d8</run_address>
         <size>0x270</size>
         <input_file_ref idref="fl-24"/>
      </object_component>
      <object_component id="oc-d8">
         <name>.debug_info</name>
         <load_address>0x14a48</load_address>
         <run_address>0x14a48</run_address>
         <size>0xbe</size>
         <input_file_ref idref="fl-25"/>
      </object_component>
      <object_component id="oc-dc">
         <name>.debug_info</name>
         <load_address>0x14b06</load_address>
         <run_address>0x14b06</run_address>
         <size>0x24f</size>
         <input_file_ref idref="fl-26"/>
      </object_component>
      <object_component id="oc-e1">
         <name>.debug_info</name>
         <load_address>0x14d55</load_address>
         <run_address>0x14d55</run_address>
         <size>0x5eb</size>
         <input_file_ref idref="fl-27"/>
      </object_component>
      <object_component id="oc-e8">
         <name>.debug_info</name>
         <load_address>0x15340</load_address>
         <run_address>0x15340</run_address>
         <size>0x2b1</size>
         <input_file_ref idref="fl-28"/>
      </object_component>
      <object_component id="oc-ec">
         <name>.debug_info</name>
         <load_address>0x155f1</load_address>
         <run_address>0x155f1</run_address>
         <size>0x249</size>
         <input_file_ref idref="fl-29"/>
      </object_component>
      <object_component id="oc-f1">
         <name>.debug_info</name>
         <load_address>0x1583a</load_address>
         <run_address>0x1583a</run_address>
         <size>0x288</size>
         <input_file_ref idref="fl-2a"/>
      </object_component>
      <object_component id="oc-f6">
         <name>.debug_info</name>
         <load_address>0x15ac2</load_address>
         <run_address>0x15ac2</run_address>
         <size>0x34f</size>
         <input_file_ref idref="fl-2b"/>
      </object_component>
      <object_component id="oc-fb">
         <name>.debug_info</name>
         <load_address>0x15e11</load_address>
         <run_address>0x15e11</run_address>
         <size>0x4d3</size>
         <input_file_ref idref="fl-2c"/>
      </object_component>
      <object_component id="oc-101">
         <name>.debug_info</name>
         <load_address>0x162e4</load_address>
         <run_address>0x162e4</run_address>
         <size>0xcb</size>
         <input_file_ref idref="fl-2d"/>
      </object_component>
      <object_component id="oc-106">
         <name>.debug_info</name>
         <load_address>0x163af</load_address>
         <run_address>0x163af</run_address>
         <size>0xc2</size>
         <input_file_ref idref="fl-2e"/>
      </object_component>
      <object_component id="oc-10b">
         <name>.debug_info</name>
         <load_address>0x16471</load_address>
         <run_address>0x16471</run_address>
         <size>0xd4</size>
         <input_file_ref idref="fl-2f"/>
      </object_component>
      <object_component id="oc-10f">
         <name>.debug_info</name>
         <load_address>0x16545</load_address>
         <run_address>0x16545</run_address>
         <size>0x27f</size>
         <input_file_ref idref="fl-30"/>
      </object_component>
      <object_component id="oc-114">
         <name>.debug_info</name>
         <load_address>0x167c4</load_address>
         <run_address>0x167c4</run_address>
         <size>0x3d2</size>
         <input_file_ref idref="fl-31"/>
      </object_component>
      <object_component id="oc-119">
         <name>.debug_info</name>
         <load_address>0x16b96</load_address>
         <run_address>0x16b96</run_address>
         <size>0x299</size>
         <input_file_ref idref="fl-32"/>
      </object_component>
      <object_component id="oc-11f">
         <name>.debug_info</name>
         <load_address>0x16e2f</load_address>
         <run_address>0x16e2f</run_address>
         <size>0x16c</size>
         <input_file_ref idref="fl-33"/>
      </object_component>
      <object_component id="oc-123">
         <name>.debug_info</name>
         <load_address>0x16f9b</load_address>
         <run_address>0x16f9b</run_address>
         <size>0x341</size>
         <input_file_ref idref="fl-34"/>
      </object_component>
      <object_component id="oc-12a">
         <name>.debug_info</name>
         <load_address>0x172dc</load_address>
         <run_address>0x172dc</run_address>
         <size>0xbb</size>
         <input_file_ref idref="fl-35"/>
      </object_component>
      <object_component id="oc-12e">
         <name>.debug_info</name>
         <load_address>0x17397</load_address>
         <run_address>0x17397</run_address>
         <size>0x2ac</size>
         <input_file_ref idref="fl-36"/>
      </object_component>
      <object_component id="oc-134">
         <name>.debug_info</name>
         <load_address>0x17643</load_address>
         <run_address>0x17643</run_address>
         <size>0x2f5</size>
         <input_file_ref idref="fl-37"/>
      </object_component>
      <object_component id="oc-1d6">
         <name>.debug_info</name>
         <load_address>0x17938</load_address>
         <run_address>0x17938</run_address>
         <size>0xb9</size>
      </object_component>
      <object_component id="oc-23">
         <name>.debug_frame</name>
         <load_address>0x0</load_address>
         <run_address>0x0</run_address>
         <size>0x12e</size>
         <input_file_ref idref="fl-2"/>
      </object_component>
      <object_component id="oc-2a">
         <name>.debug_frame</name>
         <load_address>0x12e</load_address>
         <run_address>0x12e</run_address>
         <size>0xa7</size>
         <input_file_ref idref="fl-3"/>
      </object_component>
      <object_component id="oc-32">
         <name>.debug_frame</name>
         <load_address>0x1d5</load_address>
         <run_address>0x1d5</run_address>
         <size>0x324</size>
         <input_file_ref idref="fl-4"/>
      </object_component>
      <object_component id="oc-3a">
         <name>.debug_frame</name>
         <load_address>0x4f9</load_address>
         <run_address>0x4f9</run_address>
         <size>0xcd</size>
         <input_file_ref idref="fl-5"/>
      </object_component>
      <object_component id="oc-42">
         <name>.debug_frame</name>
         <load_address>0x5c6</load_address>
         <run_address>0x5c6</run_address>
         <size>0x15e</size>
         <input_file_ref idref="fl-6"/>
      </object_component>
      <object_component id="oc-49">
         <name>.debug_frame</name>
         <load_address>0x724</load_address>
         <run_address>0x724</run_address>
         <size>0x108</size>
         <input_file_ref idref="fl-7"/>
      </object_component>
      <object_component id="oc-4f">
         <name>.debug_frame</name>
         <load_address>0x82c</load_address>
         <run_address>0x82c</run_address>
         <size>0xe7</size>
         <input_file_ref idref="fl-8"/>
      </object_component>
      <object_component id="oc-56">
         <name>.debug_frame</name>
         <load_address>0x913</load_address>
         <run_address>0x913</run_address>
         <size>0x1e9</size>
         <input_file_ref idref="fl-9"/>
      </object_component>
      <object_component id="oc-5b">
         <name>.debug_frame</name>
         <load_address>0xafc</load_address>
         <run_address>0xafc</run_address>
         <size>0x5c</size>
         <input_file_ref idref="fl-a"/>
      </object_component>
      <object_component id="oc-62">
         <name>.debug_frame</name>
         <load_address>0xb58</load_address>
         <run_address>0xb58</run_address>
         <size>0x6e</size>
         <input_file_ref idref="fl-b"/>
      </object_component>
      <object_component id="oc-69">
         <name>.debug_frame</name>
         <load_address>0xbc6</load_address>
         <run_address>0xbc6</run_address>
         <size>0x65</size>
         <input_file_ref idref="fl-c"/>
      </object_component>
      <object_component id="oc-70">
         <name>.debug_frame</name>
         <load_address>0xc2b</load_address>
         <run_address>0xc2b</run_address>
         <size>0xf1</size>
         <input_file_ref idref="fl-d"/>
      </object_component>
      <object_component id="oc-77">
         <name>.debug_frame</name>
         <load_address>0xd1c</load_address>
         <run_address>0xd1c</run_address>
         <size>0x8e</size>
         <input_file_ref idref="fl-e"/>
      </object_component>
      <object_component id="oc-7c">
         <name>.debug_frame</name>
         <load_address>0xdaa</load_address>
         <run_address>0xdaa</run_address>
         <size>0xd2</size>
         <input_file_ref idref="fl-f"/>
      </object_component>
      <object_component id="oc-81">
         <name>.debug_frame</name>
         <load_address>0xe7c</load_address>
         <run_address>0xe7c</run_address>
         <size>0x5c</size>
         <input_file_ref idref="fl-10"/>
      </object_component>
      <object_component id="oc-89">
         <name>.debug_frame</name>
         <load_address>0xed8</load_address>
         <run_address>0xed8</run_address>
         <size>0x42</size>
         <input_file_ref idref="fl-15"/>
      </object_component>
      <object_component id="oc-8e">
         <name>.debug_frame</name>
         <load_address>0xf1a</load_address>
         <run_address>0xf1a</run_address>
         <size>0x32</size>
         <input_file_ref idref="fl-16"/>
      </object_component>
      <object_component id="oc-93">
         <name>.debug_frame</name>
         <load_address>0xf4c</load_address>
         <run_address>0xf4c</run_address>
         <size>0x32</size>
         <input_file_ref idref="fl-17"/>
      </object_component>
      <object_component id="oc-98">
         <name>.debug_frame</name>
         <load_address>0xf7e</load_address>
         <run_address>0xf7e</run_address>
         <size>0x32</size>
         <input_file_ref idref="fl-18"/>
      </object_component>
      <object_component id="oc-a1">
         <name>.debug_frame</name>
         <load_address>0xfb0</load_address>
         <run_address>0xfb0</run_address>
         <size>0x47</size>
         <input_file_ref idref="fl-1a"/>
      </object_component>
      <object_component id="oc-c9">
         <name>.debug_frame</name>
         <load_address>0xff7</load_address>
         <run_address>0xff7</run_address>
         <size>0x47</size>
         <input_file_ref idref="fl-22"/>
      </object_component>
      <object_component id="oc-ce">
         <name>.debug_frame</name>
         <load_address>0x103e</load_address>
         <run_address>0x103e</run_address>
         <size>0x47</size>
         <input_file_ref idref="fl-23"/>
      </object_component>
      <object_component id="oc-d3">
         <name>.debug_frame</name>
         <load_address>0x1085</load_address>
         <run_address>0x1085</run_address>
         <size>0x32</size>
         <input_file_ref idref="fl-24"/>
      </object_component>
      <object_component id="oc-dd">
         <name>.debug_frame</name>
         <load_address>0x10b7</load_address>
         <run_address>0x10b7</run_address>
         <size>0x47</size>
         <input_file_ref idref="fl-26"/>
      </object_component>
      <object_component id="oc-e3">
         <name>.debug_frame</name>
         <load_address>0x10fe</load_address>
         <run_address>0x10fe</run_address>
         <size>0x86</size>
         <input_file_ref idref="fl-27"/>
      </object_component>
      <object_component id="oc-ed">
         <name>.debug_frame</name>
         <load_address>0x1184</load_address>
         <run_address>0x1184</run_address>
         <size>0x47</size>
         <input_file_ref idref="fl-29"/>
      </object_component>
      <object_component id="oc-f2">
         <name>.debug_frame</name>
         <load_address>0x11cb</load_address>
         <run_address>0x11cb</run_address>
         <size>0x32</size>
         <input_file_ref idref="fl-2a"/>
      </object_component>
      <object_component id="oc-f7">
         <name>.debug_frame</name>
         <load_address>0x11fd</load_address>
         <run_address>0x11fd</run_address>
         <size>0x51</size>
         <input_file_ref idref="fl-2b"/>
      </object_component>
      <object_component id="oc-fc">
         <name>.debug_frame</name>
         <load_address>0x124e</load_address>
         <run_address>0x124e</run_address>
         <size>0x71</size>
         <input_file_ref idref="fl-2c"/>
      </object_component>
      <object_component id="oc-110">
         <name>.debug_frame</name>
         <load_address>0x12bf</load_address>
         <run_address>0x12bf</run_address>
         <size>0x52</size>
         <input_file_ref idref="fl-30"/>
      </object_component>
      <object_component id="oc-115">
         <name>.debug_frame</name>
         <load_address>0x1311</load_address>
         <run_address>0x1311</run_address>
         <size>0x67</size>
         <input_file_ref idref="fl-31"/>
      </object_component>
      <object_component id="oc-11a">
         <name>.debug_frame</name>
         <load_address>0x1378</load_address>
         <run_address>0x1378</run_address>
         <size>0x50</size>
         <input_file_ref idref="fl-32"/>
      </object_component>
      <object_component id="oc-125">
         <name>.debug_frame</name>
         <load_address>0x13c8</load_address>
         <run_address>0x13c8</run_address>
         <size>0x50</size>
         <input_file_ref idref="fl-34"/>
      </object_component>
      <object_component id="oc-12f">
         <name>.debug_frame</name>
         <load_address>0x1418</load_address>
         <run_address>0x1418</run_address>
         <size>0x55</size>
         <input_file_ref idref="fl-36"/>
      </object_component>
      <object_component id="oc-136">
         <name>.debug_frame</name>
         <load_address>0x146d</load_address>
         <run_address>0x146d</run_address>
         <size>0x5a</size>
         <input_file_ref idref="fl-37"/>
      </object_component>
      <object_component id="oc-24">
         <name>.debug_line</name>
         <load_address>0x0</load_address>
         <run_address>0x0</run_address>
         <size>0x19c</size>
         <input_file_ref idref="fl-2"/>
      </object_component>
      <object_component id="oc-2b">
         <name>.debug_line</name>
         <load_address>0x19c</load_address>
         <run_address>0x19c</run_address>
         <size>0x33c</size>
         <input_file_ref idref="fl-3"/>
      </object_component>
      <object_component id="oc-33">
         <name>.debug_line</name>
         <load_address>0x4d8</load_address>
         <run_address>0x4d8</run_address>
         <size>0x996</size>
         <input_file_ref idref="fl-4"/>
      </object_component>
      <object_component id="oc-3b">
         <name>.debug_line</name>
         <load_address>0xe6e</load_address>
         <run_address>0xe6e</run_address>
         <size>0x1a0</size>
         <input_file_ref idref="fl-5"/>
      </object_component>
      <object_component id="oc-43">
         <name>.debug_line</name>
         <load_address>0x100e</load_address>
         <run_address>0x100e</run_address>
         <size>0x261</size>
         <input_file_ref idref="fl-6"/>
      </object_component>
      <object_component id="oc-4a">
         <name>.debug_line</name>
         <load_address>0x126f</load_address>
         <run_address>0x126f</run_address>
         <size>0x1d5</size>
         <input_file_ref idref="fl-7"/>
      </object_component>
      <object_component id="oc-50">
         <name>.debug_line</name>
         <load_address>0x1444</load_address>
         <run_address>0x1444</run_address>
         <size>0x26f</size>
         <input_file_ref idref="fl-8"/>
      </object_component>
      <object_component id="oc-57">
         <name>.debug_line</name>
         <load_address>0x16b3</load_address>
         <run_address>0x16b3</run_address>
         <size>0x44f</size>
         <input_file_ref idref="fl-9"/>
      </object_component>
      <object_component id="oc-5c">
         <name>.debug_line</name>
         <load_address>0x1b02</load_address>
         <run_address>0x1b02</run_address>
         <size>0xdb</size>
         <input_file_ref idref="fl-a"/>
      </object_component>
      <object_component id="oc-63">
         <name>.debug_line</name>
         <load_address>0x1bdd</load_address>
         <run_address>0x1bdd</run_address>
         <size>0xfb</size>
         <input_file_ref idref="fl-b"/>
      </object_component>
      <object_component id="oc-6a">
         <name>.debug_line</name>
         <load_address>0x1cd8</load_address>
         <run_address>0x1cd8</run_address>
         <size>0x14b</size>
         <input_file_ref idref="fl-c"/>
      </object_component>
      <object_component id="oc-71">
         <name>.debug_line</name>
         <load_address>0x1e23</load_address>
         <run_address>0x1e23</run_address>
         <size>0x28f</size>
         <input_file_ref idref="fl-d"/>
      </object_component>
      <object_component id="oc-78">
         <name>.debug_line</name>
         <load_address>0x20b2</load_address>
         <run_address>0x20b2</run_address>
         <size>0x141</size>
         <input_file_ref idref="fl-e"/>
      </object_component>
      <object_component id="oc-7d">
         <name>.debug_line</name>
         <load_address>0x21f3</load_address>
         <run_address>0x21f3</run_address>
         <size>0x1a8</size>
         <input_file_ref idref="fl-f"/>
      </object_component>
      <object_component id="oc-82">
         <name>.debug_line</name>
         <load_address>0x239b</load_address>
         <run_address>0x239b</run_address>
         <size>0xd7</size>
         <input_file_ref idref="fl-10"/>
      </object_component>
      <object_component id="oc-8a">
         <name>.debug_line</name>
[...]
         <value>0x9296</value>
         <object_component_ref idref="oc-163"/>
      </symbol>
      <symbol id="sm-268">
         <name>MRFI_RxCompleteISR</name>
         <value>0xa69c</value>
         <object_component_ref idref="oc-16b"/>
      </symbol>
      <symbol id="sm-294">
         <name>SMPL_Receive</name>
         <value>0x9d88</value>
         <object_component_ref idref="oc-14a"/>
      </symbol>
      <symbol id="sm-295">
         <name>SMPL_Link</name>
         <value>0xa900</value>
         <object_component_ref idref="oc-149"/>
      </symbol>
      <symbol id="sm-296">
         <name>SMPL_Send</name>
         <value>0xa8e2</value>
         <object_component_ref idref="oc-14c"/>
      </symbol>
      <symbol id="sm-297">
         <name>SMPL_Init</name>
         <value>0xa2b4</value>
         <object_component_ref idref="oc-147"/>
      </symbol>
      <symbol id="sm-298">
         <name>SMPL_SendOpt</name>
         <value>0x9a02</value>
         <object_component_ref idref="oc-164"/>
      </symbol>
      <symbol id="sm-299">
         <name>SMPL_Ioctl</name>
         <value>0x95ce</value>
         <object_component_ref idref="oc-145"/>
      </symbol>
      <symbol id="sm-2ce">
         <name>nwk_QadjustOrder</name>
         <value>0xa470</value>
         <object_component_ref idref="oc-18e"/>
      </symbol>
      <symbol id="sm-2cf">
         <name>nwk_QfindSlot</name>
         <value>0x988a</value>
         <object_component_ref idref="oc-194"/>
      </symbol>
      <symbol id="sm-2d0">
         <name>nwk_QInit</name>
         <value>0xa5ea</value>
         <object_component_ref idref="oc-17b"/>
      </symbol>
      <symbol id="sm-2d1">
         <name>nwk_QfindOldest</name>
         <value>0x8d3e</value>
         <object_component_ref idref="oc-18d"/>
      </symbol>
      <symbol id="sm-326">
         <name>nwk_getNextConnection</name>
         <value>0x9808</value>
         <object_component_ref idref="oc-189"/>
      </symbol>
      <symbol id="sm-327">
         <name>nwk_freeConnection</name>
         <value>0xa8e8</value>
         <object_component_ref idref="oc-170"/>
      </symbol>
      <symbol id="sm-328">
         <name>nwk_checkConnInfo</name>
         <value>0xa610</value>
         <object_component_ref idref="oc-162"/>
      </symbol>
      <symbol id="sm-329">
         <name>nwk_isLinkDuplicate</name>
         <value>0x9dd4</value>
         <object_component_ref idref="oc-1ad"/>
      </symbol>
      <symbol id="sm-32a">
         <name>nwk_isConnectionValid</name>
         <value>0x9a7a</value>
         <object_component_ref idref="oc-1a0"/>
      </symbol>
      <symbol id="sm-32b">
         <name>nwk_isValidReply</name>
         <value>0x9e6c</value>
         <object_component_ref idref="oc-1aa"/>
      </symbol>
      <symbol id="sm-32c">
         <name>nwk_putNumObjectIntoMsg</name>
         <value>0xa1a2</value>
         <object_component_ref idref="oc-185"/>
      </symbol>
      <symbol id="sm-32d">
         <name>nwk_allocateLocalRxPort</name>
         <value>0x8f4a</value>
         <object_component_ref idref="oc-18a"/>
      </symbol>
      <symbol id="sm-32e">
         <name>nwk_nwkInit</name>
         <value>0x96fa</value>
         <object_component_ref idref="oc-15a"/>
      </symbol>
      <symbol id="sm-32f">
         <name>nwk_getConnInfo</name>
         <value>0xa49c</value>
         <object_component_ref idref="oc-161"/>
      </symbol>
      <symbol id="sm-330">
         <name>nwk_getNumObjectFromMsg</name>
         <value>0xa89c</value>
         <object_component_ref idref="oc-1ac"/>
      </symbol>
      <symbol id="sm-33e">
         <name>nwk_securityInit</name>
         <value>0xa91c</value>
         <object_component_ref idref="oc-181"/>
      </symbol>
      <symbol id="sm-33f">
         <name>nwk_processSecurity</name>
         <value>0xa914</value>
         <object_component_ref idref="oc-1a5"/>
      </symbol>
      <symbol id="sm-355">
         <name>nwk_processPing</name>
         <value>0x9ae8</value>
         <object_component_ref idref="oc-1a2"/>
      </symbol>
      <symbol id="sm-356">
         <name>nwk_pingInit</name>
         <value>0xa8c8</value>
         <object_component_ref idref="oc-17d"/>
      </symbol>
      <symbol id="sm-36f">
         <name>nwk_mgmtInit</name>
         <value>0xa8be</value>
         <object_component_ref idref="oc-17f"/>
      </symbol>
      <symbol id="sm-370">
         <name>nwk_processMgmt</name>
         <value>0xa066</value>
         <object_component_ref idref="oc-1a7"/>
      </symbol>
      <symbol id="sm-3ab">
         <name>nwk_linkInit</name>
         <value>0xa248</value>
         <object_component_ref idref="oc-180"/>
      </symbol>
      <symbol id="sm-3ac">
         <name>nwk_setLinkToken</name>
         <value>0xa862</value>
         <object_component_ref idref="oc-187"/>
      </symbol>
      <symbol id="sm-3ad">
         <name>nwk_link</name>
         <value>0x8870</value>
         <object_component_ref idref="oc-160"/>
      </symbol>
      <symbol id="sm-3ae">
         <name>nwk_processLink</name>
         <value>0xa166</value>
         <object_component_ref idref="oc-1a3"/>
      </symbol>
      <symbol id="sm-3cd">
         <name>nwk_processJoin</name>
         <value>0xa7b2</value>
         <object_component_ref idref="oc-1a4"/>
      </symbol>
      <symbol id="sm-3ce">
         <name>nwk_joinInit</name>
         <value>0xa636</value>
         <object_component_ref idref="oc-17e"/>
      </symbol>
      <symbol id="sm-3cf">
         <name>nwk_join</name>
         <value>0x8e4e</value>
         <object_component_ref idref="oc-15f"/>
      </symbol>
      <symbol id="sm-3f2">
         <name>nwk_radioControl</name>
         <value>0x9988</value>
         <object_component_ref idref="oc-158"/>
      </symbol>
      <symbol id="sm-3f3">
         <name>nwk_rawSend</name>
         <value>0x9cde</value>
         <object_component_ref idref="oc-155"/>
      </symbol>
      <symbol id="sm-3f4">
         <name>nwk_rawReceive</name>
         <value>0xa3e2</value>
         <object_component_ref idref="oc-156"/>
      </symbol>
      <symbol id="sm-3f5">
         <name>nwk_connectionControl</name>
         <value>0xa6fc</value>
         <object_component_ref idref="oc-157"/>
      </symbol>
      <symbol id="sm-3f6">
         <name>nwk_deviceAddress</name>
         <value>0xa212</value>
         <object_component_ref idref="oc-154"/>
      </symbol>
      <symbol id="sm-404">
         <name>nwk_freqInit</name>
         <value>0xa91a</value>
         <object_component_ref idref="oc-17c"/>
      </symbol>
      <symbol id="sm-405">
         <name>nwk_processFreq</name>
         <value>0xa910</value>
         <object_component_ref idref="oc-1a6"/>
      </symbol>
      <symbol id="sm-418">
         <name>_c_int00_noexit</name>
         <value>0xa5c4</value>
         <object_component_ref idref="oc-1e"/>
      </symbol>
      <symbol id="sm-419">
         <name>_c_int00</name>
         <value>0xa5c4</value>
         <object_component_ref idref="oc-1e"/>
      </symbol>
      <symbol id="sm-41a">
         <name>_stack</name>
         <value>0x5b0</value>
         <object_component_ref idref="oc-87"/>
      </symbol>
      <symbol id="sm-41b">
         <name>__TI_dtors_ptr</name>
         <value>0x44e</value>
         <object_component_ref idref="oc-85"/>
      </symbol>
      <symbol id="sm-41c">
         <name>__TI_cleanup_ptr</name>
         <value>0x44c</value>
         <object_component_ref idref="oc-85"/>
      </symbol>
      <symbol id="sm-41d">
         <name>_reset_vector</name>
         <value>0xfffe</value>
         <object_component_ref idref="oc-88"/>
      </symbol>
      <symbol id="sm-445">
         <name>func_epilog_1</name>
         <value>0xa880</value>
         <object_component_ref idref="oc-142"/>
      </symbol>
      <symbol id="sm-446">
         <name>func_epilog_2</name>
         <value>0xa87e</value>
         <object_component_ref idref="oc-142"/>
      </symbol>
      <symbol id="sm-447">
         <name>func_epilog_3</name>
         <value>0xa87c</value>
         <object_component_ref idref="oc-142"/>
      </symbol>
      <symbol id="sm-448">
         <name>func_epilog_4</name>
         <value>0xa87a</value>
         <object_component_ref idref="oc-142"/>
      </symbol>
      <symbol id="sm-449">
         <name>func_epilog_5</name>
         <value>0xa878</value>
         <object_component_ref idref="oc-142"/>
      </symbol>
      <symbol id="sm-44a">
         <name>func_epilog_6</name>
         <value>0xa876</value>
         <object_component_ref idref="oc-142"/>
      </symbol>
      <symbol id="sm-44b">
         <name>func_epilog_7</name>
         <value>0xa874</value>
         <object_component_ref idref="oc-142"/>
      </symbol>
      <symbol id="sm-458">
         <name>C$$EXIT</name>
         <value>0xa904</value>
         <object_component_ref idref="oc-13e"/>
      </symbol>
      <symbol id="sm-459">
         <name>abort</name>
         <value>0xa904</value>
         <object_component_ref idref="oc-13e"/>
      </symbol>
      <symbol id="sm-45a">
         <name>__TI_exit</name>
         <value>0x1</value>
      </symbol>
      <symbol id="sm-479">
         <name>__fs_add</name>
         <value>0x89cc</value>
         <object_component_ref idref="oc-a5"/>
      </symbol>
      <symbol id="sm-47a">
         <name>__fs_sub</name>
         <value>0x89c6</value>
         <object_component_ref idref="oc-a5"/>
      </symbol>
      <symbol id="sm-48e">
         <name>__fs_cmp</name>
         <value>0x9eb6</value>
         <object_component_ref idref="oc-aa"/>
      </symbol>
      <symbol id="sm-4a4">
         <name>__fs_div</name>
         <value>0x9534</value>
         <object_component_ref idref="oc-af"/>
      </symbol>
      <symbol id="sm-4b5">
         <name>__fs_itof</name>
         <value>0xa27e</value>
         <object_component_ref idref="oc-b4"/>
      </symbol>
      <symbol id="sm-4d0">
         <name>__fs_mpy</name>
         <value>0x9116</value>
         <object_component_ref idref="oc-b9"/>
      </symbol>
      <symbol id="sm-4e6">
         <name>__fs_toi</name>
         <value>0x9b50</value>
         <object_component_ref idref="oc-be"/>
      </symbol>
      <symbol id="sm-4f2">
         <name>I_LSR</name>
         <value>0x9e20</value>
         <object_component_ref idref="oc-c3"/>
      </symbol>
      <symbol id="sm-4f3">
         <name>I_LSR_12</name>
         <value>0x9e3a</value>
         <object_component_ref idref="oc-c3"/>
      </symbol>
      <symbol id="sm-4f4">
         <name>I_LSR_13</name>
         <value>0x9e36</value>
         <object_component_ref idref="oc-c3"/>
      </symbol>
      <symbol id="sm-4f5">
         <name>I_LSR_10</name>
         <value>0x9e42</value>
         <object_component_ref idref="oc-c3"/>
      </symbol>
      <symbol id="sm-4f6">
         <name>I_LSR_11</name>
         <value>0x9e3e</value>
         <object_component_ref idref="oc-c3"/>
      </symbol>
      <symbol id="sm-4f7">
         <name>I_LSR_14</name>
         <value>0x9e32</value>
         <object_component_ref idref="oc-c3"/>
      </symbol>
      <symbol id="sm-4f8">
         <name>I_LSR_15</name>
         <value>0x9e2e</value>
         <object_component_ref idref="oc-c3"/>
      </symbol>
      <symbol id="sm-4f9">
         <name>I_LSR_3</name>
         <value>0x9e5e</value>
         <object_component_ref idref="oc-c3"/>
      </symbol>
      <symbol id="sm-4fa">
         <name>I_LSR_2</name>
         <value>0x9e62</value>
         <object_component_ref idref="oc-c3"/>
      </symbol>
      <symbol id="sm-4fb">
         <name>I_LSR_1</name>
         <value>0x9e66</value>
         <object_component_ref idref="oc-c3"/>
      </symbol>
      <symbol id="sm-4fc">
         <name>I_LSR_7</name>
         <value>0x9e4e</value>
         <object_component_ref idref="oc-c3"/>
      </symbol>
      <symbol id="sm-4fd">
         <name>I_LSR_6</name>
         <value>0x9e52</value>
         <object_component_ref idref="oc-c3"/>
      </symbol>
      <symbol id="sm-4fe">
         <name>I_LSR_5</name>
         <value>0x9e56</value>
         <object_component_ref idref="oc-c3"/>
      </symbol>
      <symbol id="sm-4ff">
         <name>I_LSR_4</name>
         <value>0x9e5a</value>
         <object_component_ref idref="oc-c3"/>
      </symbol>
      <symbol id="sm-500">
         <name>I_LSR_9</name>
         <value>0x9e46</value>
         <object_component_ref idref="oc-c3"/>
      </symbol>
      <symbol id="sm-501">
         <name>I_LSR_8</name>
         <value>0x9e4a</value>
         <object_component_ref idref="oc-c3"/>
      </symbol>
      <symbol id="sm-50f">
         <name>memcpy</name>
         <value>0xa83e</value>
         <object_component_ref idref="oc-141"/>
      </symbol>
      <symbol id="sm-51e">
         <name>memmove</name>
         <value>0xa6dc</value>
         <object_component_ref idref="oc-19b"/>
      </symbol>
      <symbol id="sm-535">
         <name>__mpyi</name>
         <value>0xa816</value>
         <object_component_ref idref="oc-d7"/>
      </symbol>
      <symbol id="sm-541">
         <name>sinf</name>
         <value>0xa8fa</value>
         <object_component_ref idref="oc-14e"/>
      </symbol>
      <symbol id="sm-567">
         <name>_FSin</name>
         <value>0x8000</value>
         <object_component_ref idref="oc-166"/>
      </symbol>
      <symbol id="sm-571">
         <name>_FZero</name>
         <value>0x324</value>
         <object_component_ref idref="oc-e7"/>
      </symbol>
      <symbol id="sm-572">
         <name>_FRteps</name>
         <value>0x310</value>
         <object_component_ref idref="oc-e7"/>
      </symbol>
      <symbol id="sm-573">
         <name>_FSnan</name>
         <value>0x300</value>
         <object_component_ref idref="oc-e7"/>
      </symbol>
      <symbol id="sm-574">
         <name>_FNan</name>
         <value>0x2f0</value>
         <object_component_ref idref="oc-e7"/>
      </symbol>
      <symbol id="sm-575">
         <name>_FInf</name>
         <value>0x2e0</value>
         <object_component_ref idref="oc-e7"/>
      </symbol>
      <symbol id="sm-576">
         <name>_FEps</name>
         <value>0x2d0</value>
         <object_component_ref idref="oc-e7"/>
      </symbol>
      <symbol id="sm-577">
         <name>_FXbig</name>
         <value>0x320</value>
         <object_component_ref idref="oc-e7"/>
      </symbol>
      <symbol id="sm-578">
         <name>_FDenorm</name>
         <value>0x2c0</value>
         <object_component_ref idref="oc-e7"/>
      </symbol>
      <symbol id="sm-586">
         <name>_nop</name>
         <value>0xa918</value>
         <object_component_ref idref="oc-13a"/>
      </symbol>
      <symbol id="sm-587">
         <name>_lock</name>
         <value>0x448</value>
         <object_component_ref idref="oc-eb"/>
      </symbol>
      <symbol id="sm-588">
         <name>_unlock</name>
         <value>0x44a</value>
         <object_component_ref idref="oc-eb"/>
      </symbol>
      <symbol id="sm-592">
         <name>__TI_args_main</name>
         <value>0x1</value>
      </symbol>
      <symbol id="sm-5a4">
         <name>_auto_init</name>
         <value>0x9f92</value>
         <object_component_ref idref="oc-13c"/>
      </symbol>
      <symbol id="sm-5a5">
         <name>__TI_auto_init</name>
         <value>0x1</value>
      </symbol>
      <symbol id="sm-5d1">
         <name>fmodf</name>
         <value>0x821a</value>
         <object_component_ref idref="oc-190"/>
      </symbol>
      <symbol id="sm-5e4">
         <name>__fs_ltof</name>
         <value>0x9f00</value>
         <object_component_ref idref="oc-100"/>
      </symbol>
      <symbol id="sm-5f1">
         <name>__fs_neg</name>
         <value>0xa8d2</value>
         <object_component_ref idref="oc-105"/>
      </symbol>
      <symbol id="sm-608">
         <name>__fs_tol</name>
         <value>0x990a</value>
         <object_component_ref idref="oc-10a"/>
      </symbol>
      <symbol id="sm-61a">
         <name>_FDnorm</name>
         <value>0x9666</value>
         <object_component_ref idref="oc-19c"/>
      </symbol>
      <symbol id="sm-636">
         <name>_FDscale</name>
         <value>0x8c1c</value>
         <object_component_ref idref="oc-19d"/>
      </symbol>
      <symbol id="sm-645">
         <name>_Feraise</name>
         <value>0xa34e</value>
         <object_component_ref idref="oc-193"/>
      </symbol>
      <symbol id="sm-64f">
         <name>_Errno</name>
         <value>0x454</value>
         <object_component_ref idref="oc-11e"/>
      </symbol>
      <symbol id="sm-661">
         <name>feraiseexcept</name>
         <value>0xa442</value>
         <object_component_ref idref="oc-19e"/>
      </symbol>
      <symbol id="sm-662">
         <name>_Tls_setup__Fenv</name>
         <value>0x446</value>
         <object_component_ref idref="oc-122"/>
      </symbol>
      <symbol id="sm-663">
         <name>_Fenv</name>
         <value>0x442</value>
         <object_component_ref idref="oc-122"/>
      </symbol>
      <symbol id="sm-66f">
         <name>I_LSL</name>
         <value>0xa4c8</value>
         <object_component_ref idref="oc-129"/>
      </symbol>
      <symbol id="sm-670">
         <name>I_LSL_3</name>
         <value>0xa4ec</value>
         <object_component_ref idref="oc-129"/>
      </symbol>
      <symbol id="sm-671">
         <name>I_LSL_2</name>
         <value>0xa4ee</value>
         <object_component_ref idref="oc-129"/>
      </symbol>
      <symbol id="sm-672">
         <name>I_LSL_1</name>
         <value>0xa4f0</value>
         <object_component_ref idref="oc-129"/>
      </symbol>
      <symbol id="sm-673">
         <name>I_LSL_7</name>
         <value>0xa4e4</value>
         <object_component_ref idref="oc-129"/>
      </symbol>
      <symbol id="sm-674">
         <name>I_LSL_6</name>
         <value>0xa4e6</value>
         <object_component_ref idref="oc-129"/>
      </symbol>
      <symbol id="sm-675">
         <name>I_LSL_5</name>
         <value>0xa4e8</value>
         <object_component_ref idref="oc-129"/>
      </symbol>
      <symbol id="sm-676">
         <name>I_LSL_4</name>
         <value>0xa4ea</value>
         <object_component_ref idref="oc-129"/>
      </symbol>
      <symbol id="sm-677">
         <name>I_LSL_9</name>
         <value>0xa4e0</value>
         <object_component_ref idref="oc-129"/>
      </symbol>
      <symbol id="sm-678">
         <name>I_LSL_8</name>
         <value>0xa4e2</value>
         <object_component_ref idref="oc-129"/>
      </symbol>
      <symbol id="sm-679">
         <name>I_LSL_12</name>
         <value>0xa4da</value>
         <object_component_ref idref="oc-129"/>
      </symbol>
      <symbol id="sm-67a">
         <name>I_LSL_13</name>
         <value>0xa4d8</value>
         <object_component_ref idref="oc-129"/>
      </symbol>
      <symbol id="sm-67b">
         <name>I_LSL_10</name>
         <value>0xa4de</value>
         <object_component_ref idref="oc-129"/>
      </symbol>
      <symbol id="sm-67c">
         <name>I_LSL_11</name>
         <value>0xa4dc</value>
         <object_component_ref idref="oc-129"/>
      </symbol>
      <symbol id="sm-67d">
         <name>I_LSL_14</name>
         <value>0xa4d6</value>
         <object_component_ref idref="oc-129"/>
      </symbol>
      <symbol id="sm-67e">
         <name>I_LSL_15</name>
         <value>0xa4d4</value>
         <object_component_ref idref="oc-129"/>
      </symbol>
      <symbol id="sm-68c">
         <name>raise</name>
         <value>0xa380</value>
         <object_component_ref idref="oc-1a1"/>
      </symbol>
      <symbol id="sm-69f">
         <name>signal</name>
         <value>0xa1da</value>
         <object_component_ref idref="oc-1a9"/>
      </symbol>
   </symbol_table>
   <title>Link successful</title>
</link_info>
